Archive member included to satisfy reference by file (symbol)

C:/Users/yoshikawa/.pico-sdk/toolchain/13_2_Rel1/bin/../lib/gcc/arm-none-eabi/13.2.1/thumb/v6-m/nofp\libgcc.a(_dvmd_tls.o)
                              CMakeFiles/rpico-motor-driver.dir/C_/Users/yoshikawa/.pico-sdk/sdk/1.5.1/src/rp2_common/pico_divider/divider.S.obj (__aeabi_idiv0)
C:/Users/yoshikawa/.pico-sdk/toolchain/13_2_Rel1/bin/../lib/gcc/arm-none-eabi/13.2.1/thumb/v6-m/nofp\libg.a(libc_a-calloc.o)
                              CMakeFiles/rpico-motor-driver.dir/C_/Users/yoshikawa/.pico-sdk/sdk/1.5.1/src/rp2_common/pico_malloc/pico_malloc.c.obj (calloc)
C:/Users/yoshikawa/.pico-sdk/toolchain/13_2_Rel1/bin/../lib/gcc/arm-none-eabi/13.2.1/thumb/v6-m/nofp\libg.a(libc_a-callocr.o)
                              C:/Users/yoshikawa/.pico-sdk/toolchain/13_2_Rel1/bin/../lib/gcc/arm-none-eabi/13.2.1/thumb/v6-m/nofp\libg.a(libc_a-calloc.o) (_calloc_r)
C:/Users/yoshikawa/.pico-sdk/toolchain/13_2_Rel1/bin/../lib/gcc/arm-none-eabi/13.2.1/thumb/v6-m/nofp\libg.a(libc_a-malloc.o)
                              CMakeFiles/rpico-motor-driver.dir/C_/Users/yoshikawa/.pico-sdk/sdk/1.5.1/src/rp2_common/pico_malloc/pico_malloc.c.obj (malloc)
C:/Users/yoshikawa/.pico-sdk/toolchain/13_2_Rel1/bin/../lib/gcc/arm-none-eabi/13.2.1/thumb/v6-m/nofp\libg.a(libc_a-mallocr.o)
                              C:/Users/yoshikawa/.pico-sdk/toolchain/13_2_Rel1/bin/../lib/gcc/arm-none-eabi/13.2.1/thumb/v6-m/nofp\libg.a(libc_a-callocr.o) (_malloc_r)
C:/Users/yoshikawa/.pico-sdk/toolchain/13_2_Rel1/bin/../lib/gcc/arm-none-eabi/13.2.1/thumb/v6-m/nofp\libg.a(libc_a-mlock.o)
                              C:/Users/yoshikawa/.pico-sdk/toolchain/13_2_Rel1/bin/../lib/gcc/arm-none-eabi/13.2.1/thumb/v6-m/nofp\libg.a(libc_a-mallocr.o) (__malloc_lock)
C:/Users/yoshikawa/.pico-sdk/toolchain/13_2_Rel1/bin/../lib/gcc/arm-none-eabi/13.2.1/thumb/v6-m/nofp\libg.a(libc_a-realloc.o)
                              CMakeFiles/rpico-motor-driver.dir/C_/Users/yoshikawa/.pico-sdk/sdk/1.5.1/src/rp2_common/pico_malloc/pico_malloc.c.obj (realloc)
C:/Users/yoshikawa/.pico-sdk/toolchain/13_2_Rel1/bin/../lib/gcc/arm-none-eabi/13.2.1/thumb/v6-m/nofp\libg.a(libc_a-reallocr.o)
                              C:/Users/yoshikawa/.pico-sdk/toolchain/13_2_Rel1/bin/../lib/gcc/arm-none-eabi/13.2.1/thumb/v6-m/nofp\libg.a(libc_a-realloc.o) (_realloc_r)
C:/Users/yoshikawa/.pico-sdk/toolchain/13_2_Rel1/bin/../lib/gcc/arm-none-eabi/13.2.1/thumb/v6-m/nofp\libg.a(libc_a-sscanf.o)
                              CMakeFiles/rpico-motor-driver.dir/rpico-motor-driver.cpp.obj (sscanf)
C:/Users/yoshikawa/.pico-sdk/toolchain/13_2_Rel1/bin/../lib/gcc/arm-none-eabi/13.2.1/thumb/v6-m/nofp\libg.a(libc_a-stdio.o)
                              C:/Users/yoshikawa/.pico-sdk/toolchain/13_2_Rel1/bin/../lib/gcc/arm-none-eabi/13.2.1/thumb/v6-m/nofp\libg.a(libc_a-sscanf.o) (__seofread)
C:/Users/yoshikawa/.pico-sdk/toolchain/13_2_Rel1/bin/../lib/gcc/arm-none-eabi/13.2.1/thumb/v6-m/nofp\libg.a(libc_a-memmove.o)
                              C:/Users/yoshikawa/.pico-sdk/toolchain/13_2_Rel1/bin/../lib/gcc/arm-none-eabi/13.2.1/thumb/v6-m/nofp\libg.a(libc_a-reallocr.o) (memmove)
C:/Users/yoshikawa/.pico-sdk/toolchain/13_2_Rel1/bin/../lib/gcc/arm-none-eabi/13.2.1/thumb/v6-m/nofp\libg.a(libc_a-closer.o)
                              C:/Users/yoshikawa/.pico-sdk/toolchain/13_2_Rel1/bin/../lib/gcc/arm-none-eabi/13.2.1/thumb/v6-m/nofp\libg.a(libc_a-stdio.o) (_close_r)
C:/Users/yoshikawa/.pico-sdk/toolchain/13_2_Rel1/bin/../lib/gcc/arm-none-eabi/13.2.1/thumb/v6-m/nofp\libg.a(libc_a-reent.o)
                              C:/Users/yoshikawa/.pico-sdk/toolchain/13_2_Rel1/bin/../lib/gcc/arm-none-eabi/13.2.1/thumb/v6-m/nofp\libg.a(libc_a-closer.o) (errno)
C:/Users/yoshikawa/.pico-sdk/toolchain/13_2_Rel1/bin/../lib/gcc/arm-none-eabi/13.2.1/thumb/v6-m/nofp\libg.a(libc_a-impure.o)
                              C:/Users/yoshikawa/.pico-sdk/toolchain/13_2_Rel1/bin/../lib/gcc/arm-none-eabi/13.2.1/thumb/v6-m/nofp\libg.a(libc_a-calloc.o) (_impure_ptr)
C:/Users/yoshikawa/.pico-sdk/toolchain/13_2_Rel1/bin/../lib/gcc/arm-none-eabi/13.2.1/thumb/v6-m/nofp\libg.a(libc_a-lseekr.o)
                              C:/Users/yoshikawa/.pico-sdk/toolchain/13_2_Rel1/bin/../lib/gcc/arm-none-eabi/13.2.1/thumb/v6-m/nofp\libg.a(libc_a-stdio.o) (_lseek_r)
C:/Users/yoshikawa/.pico-sdk/toolchain/13_2_Rel1/bin/../lib/gcc/arm-none-eabi/13.2.1/thumb/v6-m/nofp\libg.a(libc_a-readr.o)
                              C:/Users/yoshikawa/.pico-sdk/toolchain/13_2_Rel1/bin/../lib/gcc/arm-none-eabi/13.2.1/thumb/v6-m/nofp\libg.a(libc_a-stdio.o) (_read_r)
C:/Users/yoshikawa/.pico-sdk/toolchain/13_2_Rel1/bin/../lib/gcc/arm-none-eabi/13.2.1/thumb/v6-m/nofp\libg.a(libc_a-sbrkr.o)
                              C:/Users/yoshikawa/.pico-sdk/toolchain/13_2_Rel1/bin/../lib/gcc/arm-none-eabi/13.2.1/thumb/v6-m/nofp\libg.a(libc_a-mallocr.o) (_sbrk_r)
[...]
Memory Configuration

Name             Origin             Length             Attributes
FLASH            0x10000000         0x00200000         xr
RAM              0x20000000         0x00040000         xrw
SCRATCH_X        0x20040000         0x00001000         xrw
SCRATCH_Y        0x20041000         0x00001000         xrw
*default*        0x00000000         0xffffffff

Linker script and memory map

LOAD C:/Users/yoshikawa/.pico-sdk/toolchain/13_2_Rel1/bin/../lib/gcc/arm-none-eabi/13.2.1/thumb/v6-m/nofp/crti.o
LOAD C:/Users/yoshikawa/.pico-sdk/toolchain/13_2_Rel1/bin/../lib/gcc/arm-none-eabi/13.2.1/thumb/v6-m/nofp/crtbegin.o
LOAD C:/Users/yoshikawa/.pico-sdk/toolchain/13_2_Rel1/bin/../lib/gcc/arm-none-eabi/13.2.1/thumb/v6-m/nofp/crt0.o

.flash_begin    0x10000000        0x0
                0x10000000                        __flash_binary_start = .

.boot2          0x10000000      0x100
                0x10000000                        __boot2_start__ = .
 *(.boot2)
 .boot2         0x10000000      0x100 C:\Users\YOSHIK~1\AppData\Local\Temp\ccgUoBmn.o
                0x10000100                        __boot2_end__ = .
                0x00000001                        ASSERT (((__boot2_end__ - __boot2_start__) == 0x100), ERROR: Pico second stage bootloader must be 256 bytes in size)

.text           0x10000100     0xccb0
                0x10000100                        __logical_binary_start = .
 *(.vectors)
 .vectors       0x10000100       0xd4 CMakeFiles/rpico-motor-driver.dir/C_/Users/yoshikawa/.pico-sdk/sdk/1.5.1/src/rp2_common/pico_standard_link/crt0.S.obj
                0x10000100                __VECTOR_TABLE
                0x10000100                __vectors
                0x100001c0                isr_invalid
                0x100001c0                __default_isrs_start
                0x100001c2                isr_nmi
                0x100001c4                isr_hardfault
                0x100001c6                isr_svcall
                0x100001c8                isr_pendsv
                0x100001ca                isr_systick
                0x100001cc                isr_irq23
                0x100001cc                isr_irq18
                0x100001cc                isr_irq11
                0x100001cc                isr_irq28
                0x100001cc                isr_irq19
                0x100001cc                isr_irq0
                0x100001cc                isr_irq6
                0x100001cc                isr_irq5
                0x100001cc                isr_irq12
                0x100001cc                isr_irq22
                0x100001cc                isr_irq31
                0x100001cc                isr_irq17
                0x100001cc                isr_irq27
                0x100001cc                isr_irq30
                0x100001cc                isr_irq2
                0x100001cc                isr_irq10
                0x100001cc                isr_irq8
                0x100001cc                isr_irq24
                0x100001cc                isr_irq1
                0x100001cc                isr_irq7
                0x100001cc                isr_irq21
                0x100001cc                isr_irq20
                0x100001cc                isr_irq15
                0x100001cc                isr_irq25
                0x100001cc                isr_irq13
                0x100001cc                __unhandled_user_irq
                0x100001cc                isr_irq4
                0x100001cc                isr_irq16
                0x100001cc                isr_irq29
                0x100001cc                isr_irq26
                0x100001cc                __default_isrs_end
                0x100001cc                isr_irq3
                0x100001cc                isr_irq14
                0x100001cc                isr_irq9
                0x100001d2                unhandled_user_irq_num_in_r0
 *(.binary_info_header)
 .binary_info_header
                0x100001d4       0x14 CMakeFiles/rpico-motor-driver.dir/C_/Users/yoshikawa/.pico-sdk/sdk/1.5.1/src/rp2_common/pico_standard_link/crt0.S.obj
                0x100001e8                        __binary_info_header_end = .
 *(.reset)
 .reset         0x100001e8       0xa0 CMakeFiles/rpico-motor-driver.dir/C_/Users/yoshikawa/.pico-sdk/sdk/1.5.1/src/rp2_common/pico_standard_link/crt0.S.obj
                0x100001e8                _entry_point
 .reset         0x10000288       0x30 CMakeFiles/rpico-motor-driver.dir/C_/Users/yoshikawa/.pico-sdk/sdk/1.5.1/src/rp2_common/pico_standard_link/binary_info.c.obj
 *(.init)
 .init          0x100002b8        0x4 C:/Users/yoshikawa/.pico-sdk/toolchain/13_2_Rel1/bin/../lib/gcc/arm-none-eabi/13.2.1/thumb/v6-m/nofp/crti.o
                0x100002b8                _init
 *(EXCLUDE_FILE(*libm.a: *libc.a:*lib_a-mem*.o *libgcc.a:) .text*)
 .text.register_tm_clones
                0x100002bc       0x28 C:/Users/yoshikawa/.pico-sdk/toolchain/13_2_Rel1/bin/../lib/gcc/arm-none-eabi/13.2.1/thumb/v6-m/nofp/crtbegin.o
 .text.frame_dummy
                0x100002e4       0x24 C:/Users/yoshikawa/.pico-sdk/toolchain/13_2_Rel1/bin/../lib/gcc/arm-none-eabi/13.2.1/thumb/v6-m/nofp/crtbegin.o
 .text._Z41__static_initialization_and_destruction_0v
                0x10000308       0xb8 CMakeFiles/rpico-motor-driver.dir/rpico-motor-driver.cpp.obj
 .text._Z8readlinePc
                0x100003c0       0x1e CMakeFiles/rpico-motor-driver.dir/rpico-motor-driver.cpp.obj
                0x100003c0                readline(char*)
 *fill*         0x100003de        0x2 
 .text._Z5setupv
                0x100003e0       0x1c CMakeFiles/rpico-motor-driver.dir/rpico-motor-driver.cpp.obj
                0x100003e0                setup()
 .text.main     0x100003fc       0x70 CMakeFiles/rpico-motor-driver.dir/rpico-motor-driver.cpp.obj
                0x100003fc                main
 .text._GLOBAL__sub_I_pwm
                0x1000046c        0x8 CMakeFiles/rpico-motor-driver.dir/rpico-motor-driver.cpp.obj
 .text.pwm_set_chan_level
                0x10000474       0x40 CMakeFiles/rpico-motor-driver.dir/lib/rpico-pwm/pwm.cpp.obj
 .text._ZN3PwmC2Eiiff
                0x100004b4       0x58 CMakeFiles/rpico-motor-driver.dir/lib/rpico-pwm/pwm.cpp.obj
                0x100004b4                Pwm::Pwm(int, int, float, float)
                0x100004b4                Pwm::Pwm(int, int, float, float)
 .text._ZN3Pwm4initEv
                0x1000050c       0x80 CMakeFiles/rpico-motor-driver.dir/lib/rpico-pwm/pwm.cpp.obj
                0x1000050c                Pwm::init()
 .text._ZN3Pwm5writeEf
                0x1000058c       0x64 CMakeFiles/rpico-motor-driver.dir/lib/rpico-pwm/pwm.cpp.obj
                0x1000058c                Pwm::write(float)
 .text._ZN3Pwm4readEv
                0x100005f0        0x4 CMakeFiles/rpico-motor-driver.dir/lib/rpico-pwm/pwm.cpp.obj
                0x100005f0                Pwm::read()
 .text._ZN7Encoder4initEv
                0x100005f4        0x2 CMakeFiles/rpico-motor-driver.dir/lib/rpico-encoder-plus/qenc.cpp.obj
                0x100005f4                Encoder::init()
 .text._ZN7Encoder3setEi
                0x100005f6        0x2 CMakeFiles/rpico-motor-driver.dir/lib/rpico-encoder-plus/qenc.cpp.obj
                0x100005f6                Encoder::set(int)
 .text._ZN4Qenc3setEi
                0x100005f8       0x10 CMakeFiles/rpico-motor-driver.dir/lib/rpico-encoder-plus/qenc.cpp.obj
                0x100005f8                Qenc::set(int)
 .text._ZN4Qenc3getEv
                0x10000608       0x10 CMakeFiles/rpico-motor-driver.dir/lib/rpico-encoder-plus/qenc.cpp.obj
                0x10000608                Qenc::get()
 .text._ZN4Qenc17pio_irq_handler_0Ev
                0x10000618       0x30 CMakeFiles/rpico-motor-driver.dir/lib/rpico-encoder-plus/qenc.cpp.obj
                0x10000618                Qenc::pio_irq_handler_0()
 .text._ZN4Qenc17pio_irq_handler_1Ev
                0x10000648       0x30 CMakeFiles/rpico-motor-driver.dir/lib/rpico-encoder-plus/qenc.cpp.obj
                0x10000648                Qenc::pio_irq_handler_1()
 .text._ZN7Encoder3getEv
                0x10000678        0x2 CMakeFiles/rpico-motor-driver.dir/lib/rpico-encoder-plus/qenc.cpp.obj
                0x10000678                Encoder::get()
 *fill*         0x1000067a        0x2 
 .text._ZN4Qenc4initEv
                0x1000067c      0x128 CMakeFiles/rpico-motor-driver.dir/lib/rpico-encoder-plus/qenc.cpp.obj
                0x1000067c                Qenc::init()
 .text._ZN4QencC2Ei
                0x100007a4       0x24 CMakeFiles/rpico-motor-driver.dir/lib/rpico-encoder-plus/qenc.cpp.obj
                0x100007a4                Qenc::Qenc(int)
                0x100007a4                Qenc::Qenc(int)
 .text._ZN5MotorC2ER3PwmS1_R7Encoder
                0x100007c8       0x88 CMakeFiles/rpico-motor-driver.dir/lib/rpico-motor/motor.cpp.obj
                0x100007c8                Motor::Motor(Pwm&, Pwm&, Encoder&)
                0x100007c8                Motor::Motor(Pwm&, Pwm&, Encoder&)
 .text._ZN5Motor4initEv
                0x10000850       0x1a CMakeFiles/rpico-motor-driver.dir/lib/rpico-motor/motor.cpp.obj
                0x10000850                Motor::init()
 .text._ZN5Motor4dutyEf
                0x1000086a       0x52 CMakeFiles/rpico-motor-driver.dir/lib/rpico-motor/motor.cpp.obj
                0x1000086a                Motor::duty(float)
 .text._ZN3PidC2Ev
                0x100008bc       0x14 CMakeFiles/rpico-motor-driver.dir/lib/generic-pid/pid.cpp.obj
                0x100008bc                Pid::Pid()
                0x100008bc                Pid::Pid()
 .text._ZN3Pid7setGainEfff
                0x100008d0        0x8 CMakeFiles/rpico-motor-driver.dir/lib/generic-pid/pid.cpp.obj
                0x100008d0                Pid::setGain(float, float, float)
 .text._ZN3Pid5setDtEf
                0x100008d8        0x4 CMakeFiles/rpico-motor-driver.dir/lib/generic-pid/pid.cpp.obj
                0x100008d8                Pid::setDt(float)
 .text.gpio_set_function
                0x100008dc       0x30 CMakeFiles/rpico-motor-driver.dir/C_/Users/yoshikawa/.pico-sdk/sdk/1.5.1/src/rp2_common/hardware_gpio/gpio.c.obj
                0x100008dc                gpio_set_function
 .text.gpio_set_pulls
                0x1000090c       0x34 CMakeFiles/rpico-motor-driver.dir/C_/Users/yoshikawa/.pico-sdk/sdk/1.5.1/src/rp2_common/hardware_gpio/gpio.c.obj
                0x1000090c                gpio_set_pulls
 .text.running_on_fpga
                0x10000940       0x14 CMakeFiles/rpico-motor-driver.dir/C_/Users/yoshikawa/.pico-sdk/sdk/1.5.1/src/rp2_common/pico_platform/platform.c.obj
                0x10000940                running_on_fpga
 .text.hw_claim_lock
                0x10000954       0x18 CMakeFiles/rpico-motor-driver.dir/C_/Users/yoshikawa/.pico-sdk/sdk/1.5.1/src/rp2_common/hardware_claim/claim.c.obj
                0x10000954                hw_claim_lock
 .text.hw_claim_unlock
                0x1000096c       0x14 CMakeFiles/rpico-motor-driver.dir/C_/Users/yoshikawa/.pico-sdk/sdk/1.5.1/src/rp2_common/hardware_claim/claim.c.obj
                0x1000096c                hw_claim_unlock
 .text.hw_claim_or_assert
                0x10000980       0x32 CMakeFiles/rpico-motor-driver.dir/C_/Users/yoshikawa/.pico-sdk/sdk/1.5.1/src/rp2_common/hardware_claim/claim.c.obj
                0x10000980                hw_claim_or_assert
 .text.hw_claim_unused_from_range
                0x100009b2       0x50 CMakeFiles/rpico-motor-driver.dir/C_/Users/yoshikawa/.pico-sdk/sdk/1.5.1/src/rp2_common/hardware_claim/claim.c.obj
                0x100009b2                hw_claim_unused_from_range
 *fill*         0x10000a02        0x2 
 .text.spin_locks_reset
                0x10000a04       0x20 CMakeFiles/rpico-motor-driver.dir/C_/Users/yoshikawa/.pico-sdk/sdk/1.5.1/src/rp2_common/hardware_sync/sync.c.obj
                0x10000a04                spin_locks_reset
 .text.next_striped_spin_lock_num
                0x10000a24       0x1c CMakeFiles/rpico-motor-driver.dir/C_/Users/yoshikawa/.pico-sdk/sdk/1.5.1/src/rp2_common/hardware_sync/sync.c.obj
                0x10000a24                next_striped_spin_lock_num
 .text.spin_lock_claim_unused
                0x10000a40       0x24 CMakeFiles/rpico-motor-driver.dir/C_/Users/yoshikawa/.pico-sdk/sdk/1.5.1/src/rp2_common/hardware_sync/sync.c.obj
                0x10000a40                spin_lock_claim_unused
 .text.set_raw_irq_handler_and_unlock
                0x10000a64       0x28 CMakeFiles/rpico-motor-driver.dir/C_/Users/yoshikawa/.pico-sdk/sdk/1.5.1/src/rp2_common/hardware_irq/irq.c.obj
 .text.resolve_branch
                0x10000a8c       0x30 CMakeFiles/rpico-motor-driver.dir/C_/Users/yoshikawa/.pico-sdk/sdk/1.5.1/src/rp2_common/hardware_irq/irq.c.obj
 .text.make_branch
                0x10000abc       0x48 CMakeFiles/rpico-motor-driver.dir/C_/Users/yoshikawa/.pico-sdk/sdk/1.5.1/src/rp2_common/hardware_irq/irq.c.obj
 .text.insert_branch_and_link
                0x10000b04       0x40 CMakeFiles/rpico-motor-driver.dir/C_/Users/yoshikawa/.pico-sdk/sdk/1.5.1/src/rp2_common/hardware_irq/irq.c.obj
 .text.irq_is_enabled
                0x10000b44       0x18 CMakeFiles/rpico-motor-driver.dir/C_/Users/yoshikawa/.pico-sdk/sdk/1.5.1/src/rp2_common/hardware_irq/irq.c.obj
                0x10000b44                irq_is_enabled
 .text.irq_set_mask_enabled
                0x10000b5c       0x20 CMakeFiles/rpico-motor-driver.dir/C_/Users/yoshikawa/.pico-sdk/sdk/1.5.1/src/rp2_common/hardware_irq/irq.c.obj
                0x10000b5c                irq_set_mask_enabled
 .text.irq_set_enabled
                0x10000b7c        0xe CMakeFiles/rpico-motor-driver.dir/C_/Users/yoshikawa/.pico-sdk/sdk/1.5.1/src/rp2_common/hardware_irq/irq.c.obj
                0x10000b7c                irq_set_enabled
 *fill*         0x10000b8a        0x2 
 .text.irq_set_pending
                0x10000b8c       0x10 CMakeFiles/rpico-motor-driver.dir/C_/Users/yoshikawa/.pico-sdk/sdk/1.5.1/src/rp2_common/hardware_irq/irq.c.obj
                0x10000b8c                irq_set_pending
 .text.irq_get_vtable_handler
                0x10000b9c       0x10 CMakeFiles/rpico-motor-driver.dir/C_/Users/yoshikawa/.pico-sdk/sdk/1.5.1/src/rp2_common/hardware_irq/irq.c.obj
                0x10000b9c                irq_get_vtable_handler
 .text.irq_has_shared_handler
                0x10000bac       0x24 CMakeFiles/rpico-motor-driver.dir/C_/Users/yoshikawa/.pico-sdk/sdk/1.5.1/src/rp2_common/hardware_irq/irq.c.obj
                0x10000bac                irq_has_shared_handler
 .text.irq_set_exclusive_handler
                0x10000bd0       0x54 CMakeFiles/rpico-motor-driver.dir/C_/Users/yoshikawa/.pico-sdk/sdk/1.5.1/src/rp2_common/hardware_irq/irq.c.obj
                0x10000bd0                irq_set_exclusive_handler
 .text.irq_add_shared_handler
                0x10000c24      0x210 CMakeFiles/rpico-motor-driver.dir/C_/Users/yoshikawa/.pico-sdk/sdk/1.5.1/src/rp2_common/hardware_irq/irq.c.obj
                0x10000c24                irq_add_shared_handler
 .text.irq_remove_handler
                0x10000e34      0x188 CMakeFiles/rpico-motor-driver.dir/C_/Users/yoshikawa/.pico-sdk/sdk/1.5.1/src/rp2_common/hardware_irq/irq.c.obj
                0x10000e34                irq_remove_handler
 .text.irq_add_tail_to_free_list
                0x10000fbc       0xf0 CMakeFiles/rpico-motor-driver.dir/C_/Users/yoshikawa/.pico-sdk/sdk/1.5.1/src/rp2_common/hardware_irq/irq.c.obj
                0x10000fbc                irq_add_tail_to_free_list
 .text.irq_init_priorities
                0x100010ac       0x1c CMakeFiles/rpico-motor-driver.dir/C_/Users/yoshikawa/.pico-sdk/sdk/1.5.1/src/rp2_common/hardware_irq/irq.c.obj
                0x100010ac                irq_init_priorities
 .text.user_irq_claim_unused
                0x100010c8       0x2c CMakeFiles/rpico-motor-driver.dir/C_/Users/yoshikawa/.pico-sdk/sdk/1.5.1/src/rp2_common/hardware_irq/irq.c.obj
                0x100010c8                user_irq_claim_unused
 .text.lock_init
                0x100010f4       0x10 CMakeFiles/rpico-motor-driver.dir/C_/Users/yoshikawa/.pico-sdk/sdk/1.5.1/src/common/pico_sync/lock_core.c.obj
                0x100010f4                lock_init
 .text.update_us_since_boot
                0x10001104       0x24 CMakeFiles/rpico-motor-driver.dir/C_/Users/yoshikawa/.pico-sdk/sdk/1.5.1/src/common/pico_sync/mutex.c.obj
 .text.delayed_by_ms
                0x10001128       0x44 CMakeFiles/rpico-motor-driver.dir/C_/Users/yoshikawa/.pico-sdk/sdk/1.5.1/src/common/pico_sync/mutex.c.obj
 .text.get_absolute_time
                0x1000116c       0x22 CMakeFiles/rpico-motor-driver.dir/C_/Users/yoshikawa/.pico-sdk/sdk/1.5.1/src/common/pico_sync/mutex.c.obj
 .text.make_timeout_time_ms
                0x1000118e       0x20 CMakeFiles/rpico-motor-driver.dir/C_/Users/yoshikawa/.pico-sdk/sdk/1.5.1/src/common/pico_sync/mutex.c.obj
 .text.mutex_init
                0x100011ae       0x1a CMakeFiles/rpico-motor-driver.dir/C_/Users/yoshikawa/.pico-sdk/sdk/1.5.1/src/common/pico_sync/mutex.c.obj
                0x100011ae                mutex_init
 .text.recursive_mutex_init
                0x100011c8       0x1e CMakeFiles/rpico-motor-driver.dir/C_/Users/yoshikawa/.pico-sdk/sdk/1.5.1/src/common/pico_sync/mutex.c.obj
                0x100011c8                recursive_mutex_init
 *fill*         0x100011e6        0x2 
 .text.critical_section_init_with_lock_num
                0x100011e8       0x14 CMakeFiles/rpico-motor-driver.dir/C_/Users/yoshikawa/.pico-sdk/sdk/1.5.1/src/common/pico_sync/critical_section.c.obj
                0x100011e8                critical_section_init_with_lock_num
 .text.critical_section_init
                0x100011fc       0x14 CMakeFiles/rpico-motor-driver.dir/C_/Users/yoshikawa/.pico-sdk/sdk/1.5.1/src/common/pico_sync/critical_section.c.obj
                0x100011fc                critical_section_init
 .text.time_reached
                0x10001210       0x28 CMakeFiles/rpico-motor-driver.dir/C_/Users/yoshikawa/.pico-sdk/sdk/1.5.1/src/common/pico_time/time.c.obj
 .text.get_entry
                0x10001238       0x38 CMakeFiles/rpico-motor-driver.dir/C_/Users/yoshikawa/.pico-sdk/sdk/1.5.1/src/common/pico_time/time.c.obj
 .text.timer_pool_entry_comparator
                0x10001270       0x2e CMakeFiles/rpico-motor-driver.dir/C_/Users/yoshikawa/.pico-sdk/sdk/1.5.1/src/common/pico_time/time.c.obj
                0x10001270                timer_pool_entry_comparator
 *fill*         0x1000129e        0x2 
 .text.update_us_since_boot
                0x100012a0       0x24 CMakeFiles/rpico-motor-driver.dir/C_/Users/yoshikawa/.pico-sdk/sdk/1.5.1/src/common/pico_time/time.c.obj
 .text.delayed_by_us
                0x100012c4       0x34 CMakeFiles/rpico-motor-driver.dir/C_/Users/yoshikawa/.pico-sdk/sdk/1.5.1/src/common/pico_time/time.c.obj
 .text.ph_get_node
                0x100012f8       0x30 CMakeFiles/rpico-motor-driver.dir/C_/Users/yoshikawa/.pico-sdk/sdk/1.5.1/src/common/pico_time/time.c.obj
 .text.ph_contains_node
                0x10001328       0x1e CMakeFiles/rpico-motor-driver.dir/C_/Users/yoshikawa/.pico-sdk/sdk/1.5.1/src/common/pico_time/time.c.obj
 .text.ph_new_node
                0x10001346       0x28 CMakeFiles/rpico-motor-driver.dir/C_/Users/yoshikawa/.pico-sdk/sdk/1.5.1/src/common/pico_time/time.c.obj
 *fill*         0x1000136e        0x2 
 .text.ph_add_child_node
                0x10001370       0x6c CMakeFiles/rpico-motor-driver.dir/C_/Users/yoshikawa/.pico-sdk/sdk/1.5.1/src/common/pico_time/time.c.obj
 .text.ph_merge_nodes
                0x100013dc       0x3e CMakeFiles/rpico-motor-driver.dir/C_/Users/yoshikawa/.pico-sdk/sdk/1.5.1/src/common/pico_time/time.c.obj
 *fill*         0x1000141a        0x2 
 .text.ph_insert_node
                0x1000141c       0x3c CMakeFiles/rpico-motor-driver.dir/C_/Users/yoshikawa/.pico-sdk/sdk/1.5.1/src/common/pico_time/time.c.obj
 .text.ph_free_node
                0x10001458       0x5c CMakeFiles/rpico-motor-driver.dir/C_/Users/yoshikawa/.pico-sdk/sdk/1.5.1/src/common/pico_time/time.c.obj
 .text.get_entry_id_high
                0x100014b4       0x30 CMakeFiles/rpico-motor-driver.dir/C_/Users/yoshikawa/.pico-sdk/sdk/1.5.1/src/common/pico_time/time.c.obj
 .text.alarm_pool_post_alloc_init
                0x100014e4       0x40 CMakeFiles/rpico-motor-driver.dir/C_/Users/yoshikawa/.pico-sdk/sdk/1.5.1/src/common/pico_time/time.c.obj
 .text.sleep_until_callback
                0x10001524       0x30 CMakeFiles/rpico-motor-driver.dir/C_/Users/yoshikawa/.pico-sdk/sdk/1.5.1/src/common/pico_time/time.c.obj
 .text.get_absolute_time
                0x10001554       0x22 CMakeFiles/rpico-motor-driver.dir/C_/Users/yoshikawa/.pico-sdk/sdk/1.5.1/src/common/pico_time/time.c.obj
 *fill*         0x10001576        0x2 
 .text.add_alarm_under_lock
                0x10001578       0x94 CMakeFiles/rpico-motor-driver.dir/C_/Users/yoshikawa/.pico-sdk/sdk/1.5.1/src/common/pico_time/time.c.obj
 .text.alarm_pool_alarm_callback
                0x1000160c      0x210 CMakeFiles/rpico-motor-driver.dir/C_/Users/yoshikawa/.pico-sdk/sdk/1.5.1/src/common/pico_time/time.c.obj
 .text.alarm_pool_init_default
                0x1000181c       0x40 CMakeFiles/rpico-motor-driver.dir/C_/Users/yoshikawa/.pico-sdk/sdk/1.5.1/src/common/pico_time/time.c.obj
                0x1000181c                alarm_pool_init_default
 .text.alarm_pool_get_default
                0x1000185c       0x2c CMakeFiles/rpico-motor-driver.dir/C_/Users/yoshikawa/.pico-sdk/sdk/1.5.1/src/common/pico_time/time.c.obj
                0x1000185c                alarm_pool_get_default
 .text.alarm_pool_add_alarm_at
                0x10001888      0x10e CMakeFiles/rpico-motor-driver.dir/C_/Users/yoshikawa/.pico-sdk/sdk/1.5.1/src/common/pico_time/time.c.obj
                0x10001888                alarm_pool_add_alarm_at
 .text.add_alarm_at
                0x10001996       0x2e CMakeFiles/rpico-motor-driver.dir/C_/Users/yoshikawa/.pico-sdk/sdk/1.5.1/src/common/pico_time/time.c.obj
 .text.alarm_pool_cancel_alarm
                0x100019c4       0xa8 CMakeFiles/rpico-motor-driver.dir/C_/Users/yoshikawa/.pico-sdk/sdk/1.5.1/src/common/pico_time/time.c.obj
                0x100019c4                alarm_pool_cancel_alarm
 .text.cancel_alarm
                0x10001a6c       0x10 CMakeFiles/rpico-motor-driver.dir/C_/Users/yoshikawa/.pico-sdk/sdk/1.5.1/src/common/pico_time/time.c.obj
 .text.alarm_pool_core_num
                0x10001a7c        0x4 CMakeFiles/rpico-motor-driver.dir/C_/Users/yoshikawa/.pico-sdk/sdk/1.5.1/src/common/pico_time/time.c.obj
                0x10001a7c                alarm_pool_core_num
 .text.best_effort_wfe_or_timeout
                0x10001a80       0x44 CMakeFiles/rpico-motor-driver.dir/C_/Users/yoshikawa/.pico-sdk/sdk/1.5.1/src/common/pico_time/time.c.obj
                0x10001a80                best_effort_wfe_or_timeout
 .text.update_us_since_boot
                0x10001ac4       0x24 CMakeFiles/rpico-motor-driver.dir/C_/Users/yoshikawa/.pico-sdk/sdk/1.5.1/src/rp2_common/hardware_timer/timer.c.obj
 .text.hardware_alarm_irq_handler
                0x10001ae8       0x8c CMakeFiles/rpico-motor-driver.dir/C_/Users/yoshikawa/.pico-sdk/sdk/1.5.1/src/rp2_common/hardware_timer/timer.c.obj
 .text.hardware_alarm_claim
                0x10001b74       0x18 CMakeFiles/rpico-motor-driver.dir/C_/Users/yoshikawa/.pico-sdk/sdk/1.5.1/src/rp2_common/hardware_timer/timer.c.obj
                0x10001b74                hardware_alarm_claim
 .text.time_us_64
                0x10001b8c       0x18 CMakeFiles/rpico-motor-driver.dir/C_/Users/yoshikawa/.pico-sdk/sdk/1.5.1/src/rp2_common/hardware_timer/timer.c.obj
                0x10001b8c                time_us_64
 .text.busy_wait_until
                0x10001ba4       0x28 CMakeFiles/rpico-motor-driver.dir/C_/Users/yoshikawa/.pico-sdk/sdk/1.5.1/src/rp2_common/hardware_timer/timer.c.obj
                0x10001ba4                busy_wait_until
 .text.busy_wait_us
                0x10001bcc       0x3a CMakeFiles/rpico-motor-driver.dir/C_/Users/yoshikawa/.pico-sdk/sdk/1.5.1/src/rp2_common/hardware_timer/timer.c.obj
                0x10001bcc                busy_wait_us
 *fill*         0x10001c06        0x2 
 .text.hardware_alarm_set_callback
                0x10001c08       0x90 CMakeFiles/rpico-motor-driver.dir/C_/Users/yoshikawa/.pico-sdk/sdk/1.5.1/src/rp2_common/hardware_timer/timer.c.obj
                0x10001c08                hardware_alarm_set_callback
 .text.hardware_alarm_set_target
                0x10001c98       0xe8 CMakeFiles/rpico-motor-driver.dir/C_/Users/yoshikawa/.pico-sdk/sdk/1.5.1/src/rp2_common/hardware_timer/timer.c.obj
                0x10001c98                hardware_alarm_set_target
 .text.hardware_alarm_cancel
                0x10001d80       0x40 CMakeFiles/rpico-motor-driver.dir/C_/Users/yoshikawa/.pico-sdk/sdk/1.5.1/src/rp2_common/hardware_timer/timer.c.obj
                0x10001d80                hardware_alarm_cancel
 .text.ph_get_node
                0x10001dc0       0x30 CMakeFiles/rpico-motor-driver.dir/C_/Users/yoshikawa/.pico-sdk/sdk/1.5.1/src/common/pico_util/pheap.c.obj
 .text.ph_add_child_node
                0x10001df0       0x6c CMakeFiles/rpico-motor-driver.dir/C_/Users/yoshikawa/.pico-sdk/sdk/1.5.1/src/common/pico_util/pheap.c.obj
 .text.ph_merge_nodes
                0x10001e5c       0x3e CMakeFiles/rpico-motor-driver.dir/C_/Users/yoshikawa/.pico-sdk/sdk/1.5.1/src/common/pico_util/pheap.c.obj
 .text.ph_clear
                0x10001e9a       0x34 CMakeFiles/rpico-motor-driver.dir/C_/Users/yoshikawa/.pico-sdk/sdk/1.5.1/src/common/pico_util/pheap.c.obj
                0x10001e9a                ph_clear
 .text.ph_post_alloc_init
                0x10001ece        0xe CMakeFiles/rpico-motor-driver.dir/C_/Users/yoshikawa/.pico-sdk/sdk/1.5.1/src/common/pico_util/pheap.c.obj
                0x10001ece                ph_post_alloc_init
 .text.ph_merge_two_pass
                0x10001edc       0x5c CMakeFiles/rpico-motor-driver.dir/C_/Users/yoshikawa/.pico-sdk/sdk/1.5.1/src/common/pico_util/pheap.c.obj
                0x10001edc                ph_merge_two_pass
 .text.ph_remove_any_head
                0x10001f38       0xc0 CMakeFiles/rpico-motor-driver.dir/C_/Users/yoshikawa/.pico-sdk/sdk/1.5.1/src/common/pico_util/pheap.c.obj
 .text.ph_remove_head
                0x10001ff8       0x14 CMakeFiles/rpico-motor-driver.dir/C_/Users/yoshikawa/.pico-sdk/sdk/1.5.1/src/common/pico_util/pheap.c.obj
                0x10001ff8                ph_remove_head
 .text.ph_remove_and_free_node
                0x1000200c       0xa0 CMakeFiles/rpico-motor-driver.dir/C_/Users/yoshikawa/.pico-sdk/sdk/1.5.1/src/common/pico_util/pheap.c.obj
                0x1000200c                ph_remove_and_free_node
 .text.clock_configure
                0x100020ac      0x108 CMakeFiles/rpico-motor-driver.dir/C_/Users/yoshikawa/.pico-sdk/sdk/1.5.1/src/rp2_common/hardware_clocks/clocks.c.obj
                0x100020ac                clock_configure
 .text.clocks_init
                0x100021b4      0x100 CMakeFiles/rpico-motor-driver.dir/C_/Users/yoshikawa/.pico-sdk/sdk/1.5.1/src/rp2_common/hardware_clocks/clocks.c.obj
                0x100021b4                clocks_init
 .text.pll_init
                0x100022b4      0x120 CMakeFiles/rpico-motor-driver.dir/C_/Users/yoshikawa/.pico-sdk/sdk/1.5.1/src/rp2_common/hardware_pll/pll.c.obj
                0x100022b4                pll_init
 .text.watchdog_start_tick
                0x100023d4       0x10 CMakeFiles/rpico-motor-driver.dir/C_/Users/yoshikawa/.pico-sdk/sdk/1.5.1/src/rp2_common/hardware_watchdog/watchdog.c.obj
                0x100023d4                watchdog_start_tick
 .text.watchdog_update
                0x100023e4       0x14 CMakeFiles/rpico-motor-driver.dir/C_/Users/yoshikawa/.pico-sdk/sdk/1.5.1/src/rp2_common/hardware_watchdog/watchdog.c.obj
                0x100023e4                watchdog_update
 .text._watchdog_enable
                0x100023f8       0x78 CMakeFiles/rpico-motor-driver.dir/C_/Users/yoshikawa/.pico-sdk/sdk/1.5.1/src/rp2_common/hardware_watchdog/watchdog.c.obj
                0x100023f8                _watchdog_enable
 .text.watchdog_reboot
                0x10002470       0x48 CMakeFiles/rpico-motor-driver.dir/C_/Users/yoshikawa/.pico-sdk/sdk/1.5.1/src/rp2_common/hardware_watchdog/watchdog.c.obj
                0x10002470                watchdog_reboot
 .text.xosc_init
                0x100024b8       0x28 CMakeFiles/rpico-motor-driver.dir/C_/Users/yoshikawa/.pico-sdk/sdk/1.5.1/src/rp2_common/hardware_xosc/xosc.c.obj
                0x100024b8                xosc_init
 .text._exit    0x100024e0        0x4 CMakeFiles/rpico-motor-driver.dir/C_/Users/yoshikawa/.pico-sdk/sdk/1.5.1/src/rp2_common/pico_runtime/runtime.c.obj
                0x100024e0                _exit
 .text._sbrk    0x100024e4       0x38 CMakeFiles/rpico-motor-driver.dir/C_/Users/yoshikawa/.pico-sdk/sdk/1.5.1/src/rp2_common/pico_runtime/runtime.c.obj
                0x100024e4                _sbrk
 .text.exit     0x1000251c        0x6 CMakeFiles/rpico-motor-driver.dir/C_/Users/yoshikawa/.pico-sdk/sdk/1.5.1/src/rp2_common/pico_runtime/runtime.c.obj
                0x1000251c                exit
 *fill*         0x10002522        0x2 
 .text.__assert_func
                0x10002524       0x38 CMakeFiles/rpico-motor-driver.dir/C_/Users/yoshikawa/.pico-sdk/sdk/1.5.1/src/rp2_common/pico_runtime/runtime.c.obj
                0x10002524                __assert_func
 .text.runtime_init
                0x1000255c       0xf8 CMakeFiles/rpico-motor-driver.dir/C_/Users/yoshikawa/.pico-sdk/sdk/1.5.1/src/rp2_common/pico_runtime/runtime.c.obj
                0x1000255c                runtime_init
 .text.panic    0x10002654       0x30 CMakeFiles/rpico-motor-driver.dir/C_/Users/yoshikawa/.pico-sdk/sdk/1.5.1/src/rp2_common/pico_runtime/runtime.c.obj
                0x10002654                panic
 .text._out_buffer
                0x10002684        0x8 CMakeFiles/rpico-motor-driver.dir/C_/Users/yoshikawa/.pico-sdk/sdk/1.5.1/src/rp2_common/pico_printf/printf.c.obj
 .text._out_null
                0x1000268c        0x2 CMakeFiles/rpico-motor-driver.dir/C_/Users/yoshikawa/.pico-sdk/sdk/1.5.1/src/rp2_common/pico_printf/printf.c.obj
 .text._out_fct
                0x1000268e        0xe CMakeFiles/rpico-motor-driver.dir/C_/Users/yoshikawa/.pico-sdk/sdk/1.5.1/src/rp2_common/pico_printf/printf.c.obj
 .text._atoi    0x1000269c       0x24 CMakeFiles/rpico-motor-driver.dir/C_/Users/yoshikawa/.pico-sdk/sdk/1.5.1/src/rp2_common/pico_printf/printf.c.obj
 .text._out_rev
                0x100026c0       0xae CMakeFiles/rpico-motor-driver.dir/C_/Users/yoshikawa/.pico-sdk/sdk/1.5.1/src/rp2_common/pico_printf/printf.c.obj
 .text._ntoa_format
                0x1000276e      0x110 CMakeFiles/rpico-motor-driver.dir/C_/Users/yoshikawa/.pico-sdk/sdk/1.5.1/src/rp2_common/pico_printf/printf.c.obj
 .text._ntoa_long
                0x1000287e       0xbc CMakeFiles/rpico-motor-driver.dir/C_/Users/yoshikawa/.pico-sdk/sdk/1.5.1/src/rp2_common/pico_printf/printf.c.obj
 .text._ntoa_long_long
                0x1000293a      0x10e CMakeFiles/rpico-motor-driver.dir/C_/Users/yoshikawa/.pico-sdk/sdk/1.5.1/src/rp2_common/pico_printf/printf.c.obj
 .text._etoa    0x10002a48      0x420 CMakeFiles/rpico-motor-driver.dir/C_/Users/yoshikawa/.pico-sdk/sdk/1.5.1/src/rp2_common/pico_printf/printf.c.obj
 .text._ftoa    0x10002e68      0x354 CMakeFiles/rpico-motor-driver.dir/C_/Users/yoshikawa/.pico-sdk/sdk/1.5.1/src/rp2_common/pico_printf/printf.c.obj
 .text._vsnprintf
                0x100031bc      0x668 CMakeFiles/rpico-motor-driver.dir/C_/Users/yoshikawa/.pico-sdk/sdk/1.5.1/src/rp2_common/pico_printf/printf.c.obj
 .text.__wrap_sprintf
                0x10003824       0x2c CMakeFiles/rpico-motor-driver.dir/C_/Users/yoshikawa/.pico-sdk/sdk/1.5.1/src/rp2_common/pico_printf/printf.c.obj
                0x10003824                __wrap_sprintf
 .text.vfctprintf
                0x10003850       0x20 CMakeFiles/rpico-motor-driver.dir/C_/Users/yoshikawa/.pico-sdk/sdk/1.5.1/src/rp2_common/pico_printf/printf.c.obj
                0x10003850                vfctprintf
 .text          0x10003870       0x10 CMakeFiles/rpico-motor-driver.dir/C_/Users/yoshikawa/.pico-sdk/sdk/1.5.1/src/rp2_common/pico_bit_ops/bit_ops_aeabi.S.obj
 .text.rom_func_lookup
                0x10003880       0x10 CMakeFiles/rpico-motor-driver.dir/C_/Users/yoshikawa/.pico-sdk/sdk/1.5.1/src/rp2_common/pico_bootrom/bootrom.c.obj
                0x10003880                rom_func_lookup
 .text.rom_data_lookup
                0x10003890       0x10 CMakeFiles/rpico-motor-driver.dir/C_/Users/yoshikawa/.pico-sdk/sdk/1.5.1/src/rp2_common/pico_bootrom/bootrom.c.obj
                0x10003890                rom_data_lookup
 .text.rom_funcs_lookup
                0x100038a0       0x36 CMakeFiles/rpico-motor-driver.dir/C_/Users/yoshikawa/.pico-sdk/sdk/1.5.1/src/rp2_common/pico_bootrom/bootrom.c.obj
                0x100038a0                rom_funcs_lookup
 *fill*         0x100038d6        0x2 
 .text.__wrap___aeabi_idiv
                0x100038d8       0x50 CMakeFiles/rpico-motor-driver.dir/C_/Users/yoshikawa/.pico-sdk/sdk/1.5.1/src/rp2_common/pico_divider/divider.S.obj
                0x100038d8                __wrap___aeabi_idivmod
                0x100038d8                divmod_s32s32
                0x100038d8                div_s32s32
                0x100038d8                __wrap___aeabi_idiv
                0x100038e0                divmod_s32s32_unsafe
                0x1000390c                divmod_s32s32_savestate
 .text.__wrap___aeabi_uidiv
                0x10003928       0x4c CMakeFiles/rpico-motor-driver.dir/C_/Users/yoshikawa/.pico-sdk/sdk/1.5.1/src/rp2_common/pico_divider/divider.S.obj
                0x10003928                __wrap___aeabi_uidiv
                0x10003928                __wrap___aeabi_uidivmod
                0x10003928                div_u32u32
                0x10003928                divmod_u32u32
                0x10003930                divmod_u32u32_unsafe
                0x10003958                divmod_u32u32_savestate
 .text.__wrap___aeabi_ldiv
                0x10003974      0x424 CMakeFiles/rpico-motor-driver.dir/C_/Users/yoshikawa/.pico-sdk/sdk/1.5.1/src/rp2_common/pico_divider/divider.S.obj
                0x10003974                div_s64s64
                0x10003974                divmod_s64s64
                0x10003974                __wrap___aeabi_ldivmod
                0x100039a4                divmod_u64u64
                0x100039a4                div_u64u64
                0x100039a4                __wrap___aeabi_uldivmod
                0x100039b4                divmod_u64u64_savestate
                0x100039d4                divmod_s64s64_unsafe
                0x10003a5c                divmod_u64u64_unsafe
 .text.__wrap___aeabi_darithmetic
                0x10003d98       0x80 CMakeFiles/rpico-motor-driver.dir/C_/Users/yoshikawa/.pico-sdk/sdk/1.5.1/src/rp2_common/pico_double/double_aeabi.S.obj
                0x10003d98                __wrap___aeabi_drsub
                0x10003d9e                __wrap___aeabi_dsub
                0x10003db0                __wrap___aeabi_dadd
                0x10003dc2                __wrap___aeabi_ddiv
                0x10003dfe                __wrap___aeabi_dmul
 .text.__wrap___aeabi_cdcmple
                0x10003e18       0x6c CMakeFiles/rpico-motor-driver.dir/C_/Users/yoshikawa/.pico-sdk/sdk/1.5.1/src/rp2_common/pico_double/double_aeabi.S.obj
                0x10003e18                __wrap___aeabi_cdrcmple
                0x10003e28                __wrap___aeabi_cdcmpeq
                0x10003e28                __wrap___aeabi_cdcmple
 .text.__wrap___aeabi_dcmpeq
                0x10003e84       0x10 CMakeFiles/rpico-motor-driver.dir/C_/Users/yoshikawa/.pico-sdk/sdk/1.5.1/src/rp2_common/pico_double/double_aeabi.S.obj
                0x10003e84                __wrap___aeabi_dcmpeq
 .text.__wrap___aeabi_dcmplt
                0x10003e94        0xc CMakeFiles/rpico-motor-driver.dir/C_/Users/yoshikawa/.pico-sdk/sdk/1.5.1/src/rp2_common/pico_double/double_aeabi.S.obj
                0x10003e94                __wrap___aeabi_dcmplt
 .text.__wrap___aeabi_dcmple
                0x10003ea0       0x10 CMakeFiles/rpico-motor-driver.dir/C_/Users/yoshikawa/.pico-sdk/sdk/1.5.1/src/rp2_common/pico_double/double_aeabi.S.obj
                0x10003ea0                __wrap___aeabi_dcmple
 .text.__wrap___aeabi_dcmpge
                0x10003eb0       0x10 CMakeFiles/rpico-motor-driver.dir/C_/Users/yoshikawa/.pico-sdk/sdk/1.5.1/src/rp2_common/pico_double/double_aeabi.S.obj
                0x10003eb0                __wrap___aeabi_dcmpge
 .text.__wrap___aeabi_dcmpgt
                0x10003ec0        0xa CMakeFiles/rpico-motor-driver.dir/C_/Users/yoshikawa/.pico-sdk/sdk/1.5.1/src/rp2_common/pico_double/double_aeabi.S.obj
                0x10003ec0                __wrap___aeabi_dcmpgt
 .text.__wrap___aeabi_dcmpun
                0x10003eca       0x1c CMakeFiles/rpico-motor-driver.dir/C_/Users/yoshikawa/.pico-sdk/sdk/1.5.1/src/rp2_common/pico_double/double_aeabi.S.obj
                0x10003eca                __wrap___aeabi_dcmpun
 *fill*         0x10003ee6        0x2 
 .text.__wrap___aeabi_i2d
                0x10003ee8       0x38 CMakeFiles/rpico-motor-driver.dir/C_/Users/yoshikawa/.pico-sdk/sdk/1.5.1/src/rp2_common/pico_double/double_aeabi.S.obj
                0x10003ee8                __wrap___aeabi_ui2d
                0x10003ef0                __wrap___aeabi_i2d
 .text.__wrap___aeabi_d2iz
                0x10003f20       0x48 CMakeFiles/rpico-motor-driver.dir/C_/Users/yoshikawa/.pico-sdk/sdk/1.5.1/src/rp2_common/pico_double/double_aeabi.S.obj
                0x10003f20                double2int_z
                0x10003f20                __wrap___aeabi_d2iz
 .text.__wrap___aeabi_d2uiz
                0x10003f68       0x18 CMakeFiles/rpico-motor-driver.dir/C_/Users/yoshikawa/.pico-sdk/sdk/1.5.1/src/rp2_common/pico_double/double_aeabi.S.obj
                0x10003f68                __wrap___aeabi_d2uiz
                0x10003f68                double2uint
 .text.__wrap___aeabi_l2d
                0x10003f80       0x18 CMakeFiles/rpico-motor-driver.dir/C_/Users/yoshikawa/.pico-sdk/sdk/1.5.1/src/rp2_common/pico_double/double_aeabi.S.obj
                0x10003f80                __wrap___aeabi_l2d
 .text.__wrap___aeabi_d2lz
                0x10003f98       0x26 CMakeFiles/rpico-motor-driver.dir/C_/Users/yoshikawa/.pico-sdk/sdk/1.5.1/src/rp2_common/pico_double/double_aeabi.S.obj
                0x10003f98                double2int64_z
                0x10003f98                __wrap___aeabi_d2lz
 *fill*         0x10003fbe        0x2 
 .text.double2int64
                0x10003fc0       0x18 CMakeFiles/rpico-motor-driver.dir/C_/Users/yoshikawa/.pico-sdk/sdk/1.5.1/src/rp2_common/pico_double/double_aeabi.S.obj
                0x10003fc0                double2int64
 .text.double2ufix64
                0x10003fd8       0x18 CMakeFiles/rpico-motor-driver.dir/C_/Users/yoshikawa/.pico-sdk/sdk/1.5.1/src/rp2_common/pico_double/double_aeabi.S.obj
                0x10003fd8                double2ufix64
 .text.__wrap___aeabi_d2f
                0x10003ff0       0x18 CMakeFiles/rpico-motor-driver.dir/C_/Users/yoshikawa/.pico-sdk/sdk/1.5.1/src/rp2_common/pico_double/double_aeabi.S.obj
                0x10003ff0                __wrap___aeabi_d2f
 .text.__aeabi_double_init
                0x10004008       0xcc CMakeFiles/rpico-motor-driver.dir/C_/Users/yoshikawa/.pico-sdk/sdk/1.5.1/src/rp2_common/pico_double/double_init_rom.c.obj
                0x10004008                __aeabi_double_init
 .text.double_table_shim_on_use_helper
                0x100040d4       0x34 CMakeFiles/rpico-motor-driver.dir/C_/Users/yoshikawa/.pico-sdk/sdk/1.5.1/src/rp2_common/pico_double/double_v1_rom_shim.S.obj
                0x100040d4                double_table_shim_on_use_helper
 .text.__wrap___aeabi_dsub
                0x10004108       0x10 CMakeFiles/rpico-motor-driver.dir/C_/Users/yoshikawa/.pico-sdk/sdk/1.5.1/src/rp2_common/pico_double/double_v1_rom_shim.S.obj
                0x10004108                drsub_shim
                0x1000410e                dsub_shim
 .text.dadd_shim
                0x10004118      0x15c CMakeFiles/rpico-motor-driver.dir/C_/Users/yoshikawa/.pico-sdk/sdk/1.5.1/src/rp2_common/pico_double/double_v1_rom_shim.S.obj
                0x10004118                dadd_shim
 .text.dmul_shim
                0x10004274      0x15c CMakeFiles/rpico-motor-driver.dir/C_/Users/yoshikawa/.pico-sdk/sdk/1.5.1/src/rp2_common/pico_double/double_v1_rom_shim.S.obj
                0x10004274                dmul_shim
 .text.ddiv_shim
                0x100043d0      0x1b0 CMakeFiles/rpico-motor-driver.dir/C_/Users/yoshikawa/.pico-sdk/sdk/1.5.1/src/rp2_common/pico_double/double_v1_rom_shim.S.obj
                0x100043d0                ddiv_shim
 .text.double2uint_shim
                0x10004580        0xe CMakeFiles/rpico-motor-driver.dir/C_/Users/yoshikawa/.pico-sdk/sdk/1.5.1/src/rp2_common/pico_double/double_v1_rom_shim.S.obj
                0x10004580                double2uint_shim
                0x10004582                double2ufix_shim
 .text.double2int64_shim
                0x1000458e       0x1a CMakeFiles/rpico-motor-driver.dir/C_/Users/yoshikawa/.pico-sdk/sdk/1.5.1/src/rp2_common/pico_double/double_v1_rom_shim.S.obj
                0x1000458e                double2int64_shim
                0x10004590                double2fix64_shim
 .text.double2uint64_shim
                0x100045a8       0x70 CMakeFiles/rpico-motor-driver.dir/C_/Users/yoshikawa/.pico-sdk/sdk/1.5.1/src/rp2_common/pico_double/double_v1_rom_shim.S.obj
                0x100045a8                double2uint64_shim
                0x100045aa                double2ufix64_shim
                0x100045ca                d2fix_a
 .text.double2float_shim
                0x10004618       0x5c CMakeFiles/rpico-motor-driver.dir/C_/Users/yoshikawa/.pico-sdk/sdk/1.5.1/src/rp2_common/pico_double/double_v1_rom_shim.S.obj
                0x10004618                double2float_shim
 .text.x2double_shims
                0x10004674       0x90 CMakeFiles/rpico-motor-driver.dir/C_/Users/yoshikawa/.pico-sdk/sdk/1.5.1/src/rp2_common/pico_double/double_v1_rom_shim.S.obj
                0x10004674                uint2double_shim
                0x10004676                ufix2double_shim
                0x1000467c                int2double_shim
                0x1000467e                fix2double_shim
                0x10004684                uint642double_shim
                0x10004686                ufix642double_shim
                0x1000468c                int642double_shim
                0x1000468e                fix642double_shim
 .text.dunpacks
                0x10004704       0x3c CMakeFiles/rpico-motor-driver.dir/C_/Users/yoshikawa/.pico-sdk/sdk/1.5.1/src/rp2_common/pico_double/double_v1_rom_shim.S.obj
                0x10004704                dunpacks
 .text.__aeabi_lmul
                0x10004740       0x32 CMakeFiles/rpico-motor-driver.dir/C_/Users/yoshikawa/.pico-sdk/sdk/1.5.1/src/rp2_common/pico_int64_ops/pico_int64_ops_aeabi.S.obj
                0x10004740                __wrap___aeabi_lmul
 *fill*         0x10004772        0x2 
 .text.__wrap___aeabi_farithmetic
                0x10004774       0x58 CMakeFiles/rpico-motor-driver.dir/C_/Users/yoshikawa/.pico-sdk/sdk/1.5.1/src/rp2_common/pico_float/float_aeabi.S.obj
                0x10004774                __wrap___aeabi_frsub
                0x1000477a                __wrap___aeabi_fsub
                0x10004784                __wrap___aeabi_fadd
                0x1000478e                __wrap___aeabi_fdiv
                0x100047ba                __wrap___aeabi_fmul
 .text.__wrap___aeabi_cfcmple
                0x100047cc       0x50 CMakeFiles/rpico-motor-driver.dir/C_/Users/yoshikawa/.pico-sdk/sdk/1.5.1/src/rp2_common/pico_float/float_aeabi.S.obj
                0x100047cc                __wrap___aeabi_cfrcmple
                0x100047d8                __wrap___aeabi_cfcmple
                0x100047d8                __wrap___aeabi_cfcmpeq
 .text.__wrap___aeabi_fcmplt
                0x1000481c        0xc CMakeFiles/rpico-motor-driver.dir/C_/Users/yoshikawa/.pico-sdk/sdk/1.5.1/src/rp2_common/pico_float/float_aeabi.S.obj
                0x1000481c                __wrap___aeabi_fcmplt
 .text.__wrap___aeabi_fcmpgt
                0x10004828        0xa CMakeFiles/rpico-motor-driver.dir/C_/Users/yoshikawa/.pico-sdk/sdk/1.5.1/src/rp2_common/pico_float/float_aeabi.S.obj
                0x10004828                __wrap___aeabi_fcmpgt
 *fill*         0x10004832        0x2 
 .text.__wrap___aeabi_i2f
                0x10004834       0x44 CMakeFiles/rpico-motor-driver.dir/C_/Users/yoshikawa/.pico-sdk/sdk/1.5.1/src/rp2_common/pico_float/float_aeabi.S.obj
                0x10004834                __wrap___aeabi_i2f
 .text.__wrap___aeabi_f2uiz
                0x10004878       0x10 CMakeFiles/rpico-motor-driver.dir/C_/Users/yoshikawa/.pico-sdk/sdk/1.5.1/src/rp2_common/pico_float/float_aeabi.S.obj
                0x10004878                __wrap___aeabi_f2uiz
 .text.__aeabi_float_init
                0x10004888       0xfc CMakeFiles/rpico-motor-driver.dir/C_/Users/yoshikawa/.pico-sdk/sdk/1.5.1/src/rp2_common/pico_float/float_init_rom.c.obj
                0x10004888                __aeabi_float_init
 .text.float_table_shim_on_use_helper
                0x10004984       0x34 CMakeFiles/rpico-motor-driver.dir/C_/Users/yoshikawa/.pico-sdk/sdk/1.5.1/src/rp2_common/pico_float/float_v1_rom_shim.S.obj
                0x10004984                float_table_shim_on_use_helper
 .text.check_alloc
                0x100049b8       0x20 CMakeFiles/rpico-motor-driver.dir/C_/Users/yoshikawa/.pico-sdk/sdk/1.5.1/src/rp2_common/pico_malloc/pico_malloc.c.obj
 .text.__wrap_malloc
                0x100049d8       0x14 CMakeFiles/rpico-motor-driver.dir/C_/Users/yoshikawa/.pico-sdk/sdk/1.5.1/src/rp2_common/pico_malloc/pico_malloc.c.obj
                0x100049d8                __wrap_malloc
 .text.__wrap_realloc
                0x100049ec       0x14 CMakeFiles/rpico-motor-driver.dir/C_/Users/yoshikawa/.pico-sdk/sdk/1.5.1/src/rp2_common/pico_malloc/pico_malloc.c.obj
                0x100049ec                __wrap_realloc
 .text.__wrap_free
                0x10004a00        0x8 CMakeFiles/rpico-motor-driver.dir/C_/Users/yoshikawa/.pico-sdk/sdk/1.5.1/src/rp2_common/pico_malloc/pico_malloc.c.obj
                0x10004a00                __wrap_free
 .text          0x10004a08       0x10 CMakeFiles/rpico-motor-driver.dir/C_/Users/yoshikawa/.pico-sdk/sdk/1.5.1/src/rp2_common/pico_mem_ops/mem_ops_aeabi.S.obj
                0x10004a08                __aeabi_mem_init
 .text.memset   0x10004a18        0xc CMakeFiles/rpico-motor-driver.dir/C_/Users/yoshikawa/.pico-sdk/sdk/1.5.1/src/rp2_common/pico_mem_ops/mem_ops_aeabi.S.obj
                0x10004a18                __wrap_memset
 .text.memcpy   0x10004a24        0xc CMakeFiles/rpico-motor-driver.dir/C_/Users/yoshikawa/.pico-sdk/sdk/1.5.1/src/rp2_common/pico_mem_ops/mem_ops_aeabi.S.obj
                0x10004a24                __wrap_memcpy
                0x10004a24                __wrap___aeabi_memcpy
 .text.time_reached
                0x10004a30       0x28 CMakeFiles/rpico-motor-driver.dir/C_/Users/yoshikawa/.pico-sdk/sdk/1.5.1/src/rp2_common/pico_stdio/stdio.c.obj
 .text.stdio_out_chars_no_crlf
                0x10004a58        0xe CMakeFiles/rpico-motor-driver.dir/C_/Users/yoshikawa/.pico-sdk/sdk/1.5.1/src/rp2_common/pico_stdio/stdio.c.obj
 *fill*         0x10004a66        0x2 
 .text.stdio_out_chars_crlf
                0x10004a68       0x80 CMakeFiles/rpico-motor-driver.dir/C_/Users/yoshikawa/.pico-sdk/sdk/1.5.1/src/rp2_common/pico_stdio/stdio.c.obj
 .text.stdio_stack_buffer_flush
                0x10004ae8       0x44 CMakeFiles/rpico-motor-driver.dir/C_/Users/yoshikawa/.pico-sdk/sdk/1.5.1/src/rp2_common/pico_stdio/stdio.c.obj
 .text.stdio_buffered_printer
                0x10004b2c       0x20 CMakeFiles/rpico-motor-driver.dir/C_/Users/yoshikawa/.pico-sdk/sdk/1.5.1/src/rp2_common/pico_stdio/stdio.c.obj
 .text.update_us_since_boot
                0x10004b4c       0x24 CMakeFiles/rpico-motor-driver.dir/C_/Users/yoshikawa/.pico-sdk/sdk/1.5.1/src/rp2_common/pico_stdio/stdio.c.obj
 .text.get_absolute_time
                0x10004b70       0x22 CMakeFiles/rpico-motor-driver.dir/C_/Users/yoshikawa/.pico-sdk/sdk/1.5.1/src/rp2_common/pico_stdio/stdio.c.obj
 *fill*         0x10004b92        0x2 
 .text.delayed_by_ms
                0x10004b94       0x44 CMakeFiles/rpico-motor-driver.dir/C_/Users/yoshikawa/.pico-sdk/sdk/1.5.1/src/rp2_common/pico_stdio/stdio.c.obj
 .text.make_timeout_time_ms
                0x10004bd8       0x20 CMakeFiles/rpico-motor-driver.dir/C_/Users/yoshikawa/.pico-sdk/sdk/1.5.1/src/rp2_common/pico_stdio/stdio.c.obj
 .text.stdio_get_until
                0x10004bf8       0x64 CMakeFiles/rpico-motor-driver.dir/C_/Users/yoshikawa/.pico-sdk/sdk/1.5.1/src/rp2_common/pico_stdio/stdio.c.obj
 .text.stdout_serialize_begin
                0x10004c5c       0x20 CMakeFiles/rpico-motor-driver.dir/C_/Users/yoshikawa/.pico-sdk/sdk/1.5.1/src/rp2_common/pico_stdio/stdio.c.obj
                0x10004c5c                stdout_serialize_begin
 .text.stdout_serialize_end
                0x10004c7c       0x10 CMakeFiles/rpico-motor-driver.dir/C_/Users/yoshikawa/.pico-sdk/sdk/1.5.1/src/rp2_common/pico_stdio/stdio.c.obj
                0x10004c7c                stdout_serialize_end
 .text.stdio_put_string
                0x10004c8c       0x98 CMakeFiles/rpico-motor-driver.dir/C_/Users/yoshikawa/.pico-sdk/sdk/1.5.1/src/rp2_common/pico_stdio/stdio.c.obj
 .text.stdio_set_driver_enabled
                0x10004d24       0x2c CMakeFiles/rpico-motor-driver.dir/C_/Users/yoshikawa/.pico-sdk/sdk/1.5.1/src/rp2_common/pico_stdio/stdio.c.obj
                0x10004d24                stdio_set_driver_enabled
 .text.stdio_flush
                0x10004d50       0x20 CMakeFiles/rpico-motor-driver.dir/C_/Users/yoshikawa/.pico-sdk/sdk/1.5.1/src/rp2_common/pico_stdio/stdio.c.obj
                0x10004d50                stdio_flush
 .text.__wrap_puts
                0x10004d70       0x1e CMakeFiles/rpico-motor-driver.dir/C_/Users/yoshikawa/.pico-sdk/sdk/1.5.1/src/rp2_common/pico_stdio/stdio.c.obj
                0x10004d70                __wrap_puts
 *fill*         0x10004d8e        0x2 
 .text.__wrap_vprintf
                0x10004d90       0x40 CMakeFiles/rpico-motor-driver.dir/C_/Users/yoshikawa/.pico-sdk/sdk/1.5.1/src/rp2_common/pico_stdio/stdio.c.obj
                0x10004d90                __wrap_vprintf
 .text.__wrap_printf
                0x10004dd0       0x18 CMakeFiles/rpico-motor-driver.dir/C_/Users/yoshikawa/.pico-sdk/sdk/1.5.1/src/rp2_common/pico_stdio/stdio.c.obj
                0x10004dd0                __wrap_printf
 .text.stdio_init_all
                0x10004de8        0x8 CMakeFiles/rpico-motor-driver.dir/C_/Users/yoshikawa/.pico-sdk/sdk/1.5.1/src/rp2_common/pico_stdio/stdio.c.obj
                0x10004de8                stdio_init_all
 .text.__wrap_getchar
                0x10004df0       0x40 CMakeFiles/rpico-motor-driver.dir/C_/Users/yoshikawa/.pico-sdk/sdk/1.5.1/src/rp2_common/pico_stdio/stdio.c.obj
                0x10004df0                __wrap_getchar
 .text.resetd_init
                0x10004e30        0x2 CMakeFiles/rpico-motor-driver.dir/C_/Users/yoshikawa/.pico-sdk/sdk/1.5.1/src/rp2_common/pico_stdio_usb/reset_interface.c.obj
 *fill*         0x10004e32        0x2 
 .text.resetd_reset
                0x10004e34        0xc CMakeFiles/rpico-motor-driver.dir/C_/Users/yoshikawa/.pico-sdk/sdk/1.5.1/src/rp2_common/pico_stdio_usb/reset_interface.c.obj
 .text.resetd_open
                0x10004e40       0x34 CMakeFiles/rpico-motor-driver.dir/C_/Users/yoshikawa/.pico-sdk/sdk/1.5.1/src/rp2_common/pico_stdio_usb/reset_interface.c.obj
 .text.resetd_xfer_cb
                0x10004e74        0x4 CMakeFiles/rpico-motor-driver.dir/C_/Users/yoshikawa/.pico-sdk/sdk/1.5.1/src/rp2_common/pico_stdio_usb/reset_interface.c.obj
 .text.reset_usb_boot
                0x10004e78       0x18 CMakeFiles/rpico-motor-driver.dir/C_/Users/yoshikawa/.pico-sdk/sdk/1.5.1/src/rp2_common/pico_stdio_usb/reset_interface.c.obj
 .text.resetd_control_xfer_cb
                0x10004e90       0x5c CMakeFiles/rpico-motor-driver.dir/C_/Users/yoshikawa/.pico-sdk/sdk/1.5.1/src/rp2_common/pico_stdio_usb/reset_interface.c.obj
 .text.usbd_app_driver_get_cb
                0x10004eec        0xc CMakeFiles/rpico-motor-driver.dir/C_/Users/yoshikawa/.pico-sdk/sdk/1.5.1/src/rp2_common/pico_stdio_usb/reset_interface.c.obj
                0x10004eec                usbd_app_driver_get_cb
 .text.tud_cdc_line_coding_cb
                0x10004ef8       0x28 CMakeFiles/rpico-motor-driver.dir/C_/Users/yoshikawa/.pico-sdk/sdk/1.5.1/src/rp2_common/pico_stdio_usb/reset_interface.c.obj
                0x10004ef8                tud_cdc_line_coding_cb
 .text.stdio_usb_set_chars_available_callback
                0x10004f20       0x14 CMakeFiles/rpico-motor-driver.dir/C_/Users/yoshikawa/.pico-sdk/sdk/1.5.1/src/rp2_common/pico_stdio_usb/stdio_usb.c.obj
                0x10004f20                stdio_usb_set_chars_available_callback
 .text.update_us_since_boot
                0x10004f34       0x24 CMakeFiles/rpico-motor-driver.dir/C_/Users/yoshikawa/.pico-sdk/sdk/1.5.1/src/rp2_common/pico_stdio_usb/stdio_usb.c.obj
 .text.get_absolute_time
                0x10004f58       0x22 CMakeFiles/rpico-motor-driver.dir/C_/Users/yoshikawa/.pico-sdk/sdk/1.5.1/src/rp2_common/pico_stdio_usb/stdio_usb.c.obj
 *fill*         0x10004f7a        0x2 
 .text.delayed_by_ms
                0x10004f7c       0x44 CMakeFiles/rpico-motor-driver.dir/C_/Users/yoshikawa/.pico-sdk/sdk/1.5.1/src/rp2_common/pico_stdio_usb/stdio_usb.c.obj
 .text.make_timeout_time_ms
                0x10004fc0       0x20 CMakeFiles/rpico-motor-driver.dir/C_/Users/yoshikawa/.pico-sdk/sdk/1.5.1/src/rp2_common/pico_stdio_usb/stdio_usb.c.obj
 .text.delayed_by_us
                0x10004fe0       0x34 CMakeFiles/rpico-motor-driver.dir/C_/Users/yoshikawa/.pico-sdk/sdk/1.5.1/src/rp2_common/pico_stdio_usb/stdio_usb.c.obj
 .text.usb_irq  0x10005014       0x10 CMakeFiles/rpico-motor-driver.dir/C_/Users/yoshikawa/.pico-sdk/sdk/1.5.1/src/rp2_common/pico_stdio_usb/stdio_usb.c.obj
 .text.critical_section_enter_blocking
                0x10005024       0x16 CMakeFiles/rpico-motor-driver.dir/C_/Users/yoshikawa/.pico-sdk/sdk/1.5.1/src/rp2_common/pico_stdio_usb/stdio_usb.c.obj
 *fill*         0x1000503a        0x2 
 .text.timer_task
                0x1000503c       0x4c CMakeFiles/rpico-motor-driver.dir/C_/Users/yoshikawa/.pico-sdk/sdk/1.5.1/src/rp2_common/pico_stdio_usb/stdio_usb.c.obj
 .text.alarm_pool_add_alarm_in_us
                0x10005088       0x3a CMakeFiles/rpico-motor-driver.dir/C_/Users/yoshikawa/.pico-sdk/sdk/1.5.1/src/rp2_common/pico_stdio_usb/stdio_usb.c.obj
 .text.add_alarm_in_us
                0x100050c2       0x2e CMakeFiles/rpico-motor-driver.dir/C_/Users/yoshikawa/.pico-sdk/sdk/1.5.1/src/rp2_common/pico_stdio_usb/stdio_usb.c.obj
 .text.low_priority_worker_irq
                0x100050f0       0x7c CMakeFiles/rpico-motor-driver.dir/C_/Users/yoshikawa/.pico-sdk/sdk/1.5.1/src/rp2_common/pico_stdio_usb/stdio_usb.c.obj
 .text.tud_cdc_rx_cb
                0x1000516c       0x20 CMakeFiles/rpico-motor-driver.dir/C_/Users/yoshikawa/.pico-sdk/sdk/1.5.1/src/rp2_common/pico_stdio_usb/stdio_usb.c.obj
                0x1000516c                tud_cdc_rx_cb
 .text.stdio_usb_init
                0x1000518c       0xd0 CMakeFiles/rpico-motor-driver.dir/C_/Users/yoshikawa/.pico-sdk/sdk/1.5.1/src/rp2_common/pico_stdio_usb/stdio_usb.c.obj
                0x1000518c                stdio_usb_init
 .text.stdio_usb_connected
                0x1000525c        0xa CMakeFiles/rpico-motor-driver.dir/C_/Users/yoshikawa/.pico-sdk/sdk/1.5.1/src/rp2_common/pico_stdio_usb/stdio_usb.c.obj
                0x1000525c                stdio_usb_connected
 *fill*         0x10005266        0x2 
 .text.stdio_usb_in_chars
                0x10005268       0x88 CMakeFiles/rpico-motor-driver.dir/C_/Users/yoshikawa/.pico-sdk/sdk/1.5.1/src/rp2_common/pico_stdio_usb/stdio_usb.c.obj
                0x10005268                stdio_usb_in_chars
 .text.stdio_usb_out_chars
                0x100052f0       0xd8 CMakeFiles/rpico-motor-driver.dir/C_/Users/yoshikawa/.pico-sdk/sdk/1.5.1/src/rp2_common/pico_stdio_usb/stdio_usb.c.obj
 .text.tud_descriptor_device_cb
                0x100053c8        0x8 CMakeFiles/rpico-motor-driver.dir/C_/Users/yoshikawa/.pico-sdk/sdk/1.5.1/src/rp2_common/pico_stdio_usb/stdio_usb_descriptors.c.obj
                0x100053c8                tud_descriptor_device_cb
 .text.tud_descriptor_configuration_cb
                0x100053d0        0x8 CMakeFiles/rpico-motor-driver.dir/C_/Users/yoshikawa/.pico-sdk/sdk/1.5.1/src/rp2_common/pico_stdio_usb/stdio_usb_descriptors.c.obj
                0x100053d0                tud_descriptor_configuration_cb
 .text.tud_descriptor_string_cb
                0x100053d8       0x6c CMakeFiles/rpico-motor-driver.dir/C_/Users/yoshikawa/.pico-sdk/sdk/1.5.1/src/rp2_common/pico_stdio_usb/stdio_usb_descriptors.c.obj
                0x100053d8                tud_descriptor_string_cb
 .text._retrieve_unique_id_on_boot
                0x10005444       0x10 CMakeFiles/rpico-motor-driver.dir/C_/Users/yoshikawa/.pico-sdk/sdk/1.5.1/src/rp2_common/pico_unique_id/unique_id.c.obj
 .text.pico_get_unique_board_id_string
                0x10005454       0x5c CMakeFiles/rpico-motor-driver.dir/C_/Users/yoshikawa/.pico-sdk/sdk/1.5.1/src/rp2_common/pico_unique_id/unique_id.c.obj
                0x10005454                pico_get_unique_board_id_string
 .text.flash_get_unique_id
                0x100054b0       0x40 CMakeFiles/rpico-motor-driver.dir/C_/Users/yoshikawa/.pico-sdk/sdk/1.5.1/src/rp2_common/hardware_flash/flash.c.obj
                0x100054b0                flash_get_unique_id
 .text.hw_endpoint_get_by_addr
                0x100054f0       0x18 CMakeFiles/rpico-motor-driver.dir/C_/Users/yoshikawa/.pico-sdk/sdk/1.5.1/lib/tinyusb/src/portable/raspberrypi/rp2040/dcd_rp2040.c.obj
 .text._hw_endpoint_alloc
                0x10005508       0x70 CMakeFiles/rpico-motor-driver.dir/C_/Users/yoshikawa/.pico-sdk/sdk/1.5.1/lib/tinyusb/src/portable/raspberrypi/rp2040/dcd_rp2040.c.obj
 .text.hw_endpoint_init
                0x10005578       0x88 CMakeFiles/rpico-motor-driver.dir/C_/Users/yoshikawa/.pico-sdk/sdk/1.5.1/lib/tinyusb/src/portable/raspberrypi/rp2040/dcd_rp2040.c.obj
 .text.dcd_event_sof
                0x10005600       0x2c CMakeFiles/rpico-motor-driver.dir/C_/Users/yoshikawa/.pico-sdk/sdk/1.5.1/lib/tinyusb/src/portable/raspberrypi/rp2040/dcd_rp2040.c.obj
 .text.hw_endpoint_xfer
                0x1000562c       0x14 CMakeFiles/rpico-motor-driver.dir/C_/Users/yoshikawa/.pico-sdk/sdk/1.5.1/lib/tinyusb/src/portable/raspberrypi/rp2040/dcd_rp2040.c.obj
 .text.dcd_int_enable
                0x10005640       0x2c CMakeFiles/rpico-motor-driver.dir/C_/Users/yoshikawa/.pico-sdk/sdk/1.5.1/lib/tinyusb/src/portable/raspberrypi/rp2040/dcd_rp2040.c.obj
                0x10005640                dcd_int_enable
 .text.dcd_set_address
                0x1000566c       0x2c CMakeFiles/rpico-motor-driver.dir/C_/Users/yoshikawa/.pico-sdk/sdk/1.5.1/lib/tinyusb/src/portable/raspberrypi/rp2040/dcd_rp2040.c.obj
                0x1000566c                dcd_set_address
 .text.dcd_connect
                0x10005698       0x10 CMakeFiles/rpico-motor-driver.dir/C_/Users/yoshikawa/.pico-sdk/sdk/1.5.1/lib/tinyusb/src/portable/raspberrypi/rp2040/dcd_rp2040.c.obj
                0x10005698                dcd_connect
 .text.dcd_init
                0x100056a8       0x80 CMakeFiles/rpico-motor-driver.dir/C_/Users/yoshikawa/.pico-sdk/sdk/1.5.1/lib/tinyusb/src/portable/raspberrypi/rp2040/dcd_rp2040.c.obj
                0x100056a8                dcd_init
 .text.dcd_edpt0_status_complete
                0x10005728       0x1c CMakeFiles/rpico-motor-driver.dir/C_/Users/yoshikawa/.pico-sdk/sdk/1.5.1/lib/tinyusb/src/portable/raspberrypi/rp2040/dcd_rp2040.c.obj
                0x10005728                dcd_edpt0_status_complete
 .text.dcd_edpt_open
                0x10005744       0x40 CMakeFiles/rpico-motor-driver.dir/C_/Users/yoshikawa/.pico-sdk/sdk/1.5.1/lib/tinyusb/src/portable/raspberrypi/rp2040/dcd_rp2040.c.obj
                0x10005744                dcd_edpt_open
 .text.dcd_edpt_close_all
                0x10005784        0x8 CMakeFiles/rpico-motor-driver.dir/C_/Users/yoshikawa/.pico-sdk/sdk/1.5.1/lib/tinyusb/src/portable/raspberrypi/rp2040/dcd_rp2040.c.obj
                0x10005784                dcd_edpt_close_all
 .text.dcd_edpt_xfer
                0x1000578c       0x34 CMakeFiles/rpico-motor-driver.dir/C_/Users/yoshikawa/.pico-sdk/sdk/1.5.1/lib/tinyusb/src/portable/raspberrypi/rp2040/dcd_rp2040.c.obj
                0x1000578c                dcd_edpt_xfer
 .text.dcd_edpt_stall
                0x100057c0       0x2c CMakeFiles/rpico-motor-driver.dir/C_/Users/yoshikawa/.pico-sdk/sdk/1.5.1/lib/tinyusb/src/portable/raspberrypi/rp2040/dcd_rp2040.c.obj
                0x100057c0                dcd_edpt_stall
 .text.dcd_edpt_clear_stall
                0x100057ec       0x20 CMakeFiles/rpico-motor-driver.dir/C_/Users/yoshikawa/.pico-sdk/sdk/1.5.1/lib/tinyusb/src/portable/raspberrypi/rp2040/dcd_rp2040.c.obj
                0x100057ec                dcd_edpt_clear_stall
 .text.rp2040_usb_init
                0x1000580c       0x4c CMakeFiles/rpico-motor-driver.dir/C_/Users/yoshikawa/.pico-sdk/sdk/1.5.1/lib/tinyusb/src/portable/raspberrypi/rp2040/rp2040_usb.c.obj
                0x1000580c                rp2040_usb_init
 .text.hw_endpoint_xfer_start
                0x10005858       0x50 CMakeFiles/rpico-motor-driver.dir/C_/Users/yoshikawa/.pico-sdk/sdk/1.5.1/lib/tinyusb/src/portable/raspberrypi/rp2040/rp2040_usb.c.obj
                0x10005858                hw_endpoint_xfer_start
 .text.configuration_reset
                0x100058a8       0x84 CMakeFiles/rpico-motor-driver.dir/C_/Users/yoshikawa/.pico-sdk/sdk/1.5.1/lib/tinyusb/src/device/usbd.c.obj
 .text.critical_section_enter_blocking
                0x1000592c       0x16 CMakeFiles/rpico-motor-driver.dir/C_/Users/yoshikawa/.pico-sdk/sdk/1.5.1/lib/tinyusb/src/device/usbd.c.obj
 .text.usbd_reset
                0x10005942        0xc CMakeFiles/rpico-motor-driver.dir/C_/Users/yoshikawa/.pico-sdk/sdk/1.5.1/lib/tinyusb/src/device/usbd.c.obj
 .text.invoke_class_control
                0x1000594e       0x1a CMakeFiles/rpico-motor-driver.dir/C_/Users/yoshikawa/.pico-sdk/sdk/1.5.1/lib/tinyusb/src/device/usbd.c.obj
 .text.process_set_config
                0x10005968      0x178 CMakeFiles/rpico-motor-driver.dir/C_/Users/yoshikawa/.pico-sdk/sdk/1.5.1/lib/tinyusb/src/device/usbd.c.obj
 .text.process_get_descriptor
                0x10005ae0       0xdc CMakeFiles/rpico-motor-driver.dir/C_/Users/yoshikawa/.pico-sdk/sdk/1.5.1/lib/tinyusb/src/device/usbd.c.obj
 .text.tud_mounted
                0x10005bbc       0x10 CMakeFiles/rpico-motor-driver.dir/C_/Users/yoshikawa/.pico-sdk/sdk/1.5.1/lib/tinyusb/src/device/usbd.c.obj
                0x10005bbc                tud_mounted
 .text.tud_suspended
                0x10005bcc       0x10 CMakeFiles/rpico-motor-driver.dir/C_/Users/yoshikawa/.pico-sdk/sdk/1.5.1/lib/tinyusb/src/device/usbd.c.obj
                0x10005bcc                tud_suspended
 .text.tud_inited
                0x10005bdc       0x14 CMakeFiles/rpico-motor-driver.dir/C_/Users/yoshikawa/.pico-sdk/sdk/1.5.1/lib/tinyusb/src/device/usbd.c.obj
                0x10005bdc                tud_inited
 .text.tud_init
                0x10005bf0       0xcc CMakeFiles/rpico-motor-driver.dir/C_/Users/yoshikawa/.pico-sdk/sdk/1.5.1/lib/tinyusb/src/device/usbd.c.obj
                0x10005bf0                tud_init
 .text.usbd_defer_func
                0x10005cbc       0x2a CMakeFiles/rpico-motor-driver.dir/C_/Users/yoshikawa/.pico-sdk/sdk/1.5.1/lib/tinyusb/src/device/usbd.c.obj
                0x10005cbc                usbd_defer_func
 *fill*         0x10005ce6        0x2 
 .text.usbd_edpt_open
                0x10005ce8       0x34 CMakeFiles/rpico-motor-driver.dir/C_/Users/yoshikawa/.pico-sdk/sdk/1.5.1/lib/tinyusb/src/device/usbd.c.obj
                0x10005ce8                usbd_edpt_open
 .text.usbd_open_edpt_pair
                0x10005d1c       0x62 CMakeFiles/rpico-motor-driver.dir/C_/Users/yoshikawa/.pico-sdk/sdk/1.5.1/lib/tinyusb/src/device/usbd.c.obj
                0x10005d1c                usbd_open_edpt_pair
 *fill*         0x10005d7e        0x2 
 .text.usbd_edpt_claim
                0x10005d80       0x28 CMakeFiles/rpico-motor-driver.dir/C_/Users/yoshikawa/.pico-sdk/sdk/1.5.1/lib/tinyusb/src/device/usbd.c.obj
                0x10005d80                usbd_edpt_claim
 .text.usbd_edpt_release
                0x10005da8       0x28 CMakeFiles/rpico-motor-driver.dir/C_/Users/yoshikawa/.pico-sdk/sdk/1.5.1/lib/tinyusb/src/device/usbd.c.obj
                0x10005da8                usbd_edpt_release
 .text.usbd_edpt_xfer
                0x10005dd0       0x78 CMakeFiles/rpico-motor-driver.dir/C_/Users/yoshikawa/.pico-sdk/sdk/1.5.1/lib/tinyusb/src/device/usbd.c.obj
                0x10005dd0                usbd_edpt_xfer
 .text.usbd_edpt_stall
                0x10005e48       0x48 CMakeFiles/rpico-motor-driver.dir/C_/Users/yoshikawa/.pico-sdk/sdk/1.5.1/lib/tinyusb/src/device/usbd.c.obj
                0x10005e48                usbd_edpt_stall
 .text.usbd_edpt_clear_stall
                0x10005e90       0x48 CMakeFiles/rpico-motor-driver.dir/C_/Users/yoshikawa/.pico-sdk/sdk/1.5.1/lib/tinyusb/src/device/usbd.c.obj
                0x10005e90                usbd_edpt_clear_stall
 .text.usbd_edpt_stalled
                0x10005ed8       0x1c CMakeFiles/rpico-motor-driver.dir/C_/Users/yoshikawa/.pico-sdk/sdk/1.5.1/lib/tinyusb/src/device/usbd.c.obj
                0x10005ed8                usbd_edpt_stalled
 .text.process_control_request
                0x10005ef4      0x374 CMakeFiles/rpico-motor-driver.dir/C_/Users/yoshikawa/.pico-sdk/sdk/1.5.1/lib/tinyusb/src/device/usbd.c.obj
 .text.tud_task_ext
                0x10006268      0x1a8 CMakeFiles/rpico-motor-driver.dir/C_/Users/yoshikawa/.pico-sdk/sdk/1.5.1/lib/tinyusb/src/device/usbd.c.obj
                0x10006268                tud_task_ext
 .text._status_stage_xact
                0x10006410       0x1a CMakeFiles/rpico-motor-driver.dir/C_/Users/yoshikawa/.pico-sdk/sdk/1.5.1/lib/tinyusb/src/device/usbd_control.c.obj
 *fill*         0x1000642a        0x2 
 .text._data_stage_xact
                0x1000642c       0x58 CMakeFiles/rpico-motor-driver.dir/C_/Users/yoshikawa/.pico-sdk/sdk/1.5.1/lib/tinyusb/src/device/usbd_control.c.obj
 .text.tud_control_status
                0x10006484       0x28 CMakeFiles/rpico-motor-driver.dir/C_/Users/yoshikawa/.pico-sdk/sdk/1.5.1/lib/tinyusb/src/device/usbd_control.c.obj
                0x10006484                tud_control_status
 .text.tud_control_xfer
                0x100064ac       0x68 CMakeFiles/rpico-motor-driver.dir/C_/Users/yoshikawa/.pico-sdk/sdk/1.5.1/lib/tinyusb/src/device/usbd_control.c.obj
                0x100064ac                tud_control_xfer
 .text.usbd_control_reset
                0x10006514       0x14 CMakeFiles/rpico-motor-driver.dir/C_/Users/yoshikawa/.pico-sdk/sdk/1.5.1/lib/tinyusb/src/device/usbd_control.c.obj
                0x10006514                usbd_control_reset
 .text.usbd_control_set_complete_callback
                0x10006528        0xc CMakeFiles/rpico-motor-driver.dir/C_/Users/yoshikawa/.pico-sdk/sdk/1.5.1/lib/tinyusb/src/device/usbd_control.c.obj
                0x10006528                usbd_control_set_complete_callback
 .text.usbd_control_set_request
                0x10006534       0x1c CMakeFiles/rpico-motor-driver.dir/C_/Users/yoshikawa/.pico-sdk/sdk/1.5.1/lib/tinyusb/src/device/usbd_control.c.obj
                0x10006534                usbd_control_set_request
 .text.usbd_control_xfer_cb
                0x10006550       0xbc CMakeFiles/rpico-motor-driver.dir/C_/Users/yoshikawa/.pico-sdk/sdk/1.5.1/lib/tinyusb/src/device/usbd_control.c.obj
                0x10006550                usbd_control_xfer_cb
 .text._prep_out_transaction
                0x1000660c       0x4a CMakeFiles/rpico-motor-driver.dir/C_/Users/yoshikawa/.pico-sdk/sdk/1.5.1/lib/tinyusb/src/class/cdc/cdc_device.c.obj
 *fill*         0x10006656        0x2 
 .text.tud_cdc_n_connected
                0x10006658       0x38 CMakeFiles/rpico-motor-driver.dir/C_/Users/yoshikawa/.pico-sdk/sdk/1.5.1/lib/tinyusb/src/class/cdc/cdc_device.c.obj
                0x10006658                tud_cdc_n_connected
 .text.tud_cdc_n_available
                0x10006690       0x18 CMakeFiles/rpico-motor-driver.dir/C_/Users/yoshikawa/.pico-sdk/sdk/1.5.1/lib/tinyusb/src/class/cdc/cdc_device.c.obj
                0x10006690                tud_cdc_n_available
 .text.tud_cdc_n_read
                0x100066a8       0x28 CMakeFiles/rpico-motor-driver.dir/C_/Users/yoshikawa/.pico-sdk/sdk/1.5.1/lib/tinyusb/src/class/cdc/cdc_device.c.obj
                0x100066a8                tud_cdc_n_read
 .text.tud_cdc_n_write_flush
                0x100066d0       0xb8 CMakeFiles/rpico-motor-driver.dir/C_/Users/yoshikawa/.pico-sdk/sdk/1.5.1/lib/tinyusb/src/class/cdc/cdc_device.c.obj
                0x100066d0                tud_cdc_n_write_flush
 .text.tud_cdc_n_write
                0x10006788       0x38 CMakeFiles/rpico-motor-driver.dir/C_/Users/yoshikawa/.pico-sdk/sdk/1.5.1/lib/tinyusb/src/class/cdc/cdc_device.c.obj
                0x10006788                tud_cdc_n_write
 .text.tud_cdc_n_write_available
                0x100067c0       0x1c CMakeFiles/rpico-motor-driver.dir/C_/Users/yoshikawa/.pico-sdk/sdk/1.5.1/lib/tinyusb/src/class/cdc/cdc_device.c.obj
                0x100067c0                tud_cdc_n_write_available
 .text.cdcd_init
                0x100067dc       0xbc CMakeFiles/rpico-motor-driver.dir/C_/Users/yoshikawa/.pico-sdk/sdk/1.5.1/lib/tinyusb/src/class/cdc/cdc_device.c.obj
                0x100067dc                cdcd_init
 .text.cdcd_reset
                0x10006898       0x44 CMakeFiles/rpico-motor-driver.dir/C_/Users/yoshikawa/.pico-sdk/sdk/1.5.1/lib/tinyusb/src/class/cdc/cdc_device.c.obj
                0x10006898                cdcd_reset
 .text.cdcd_open
                0x100068dc       0xc4 CMakeFiles/rpico-motor-driver.dir/C_/Users/yoshikawa/.pico-sdk/sdk/1.5.1/lib/tinyusb/src/class/cdc/cdc_device.c.obj
                0x100068dc                cdcd_open
 .text.cdcd_control_xfer_cb
                0x100069a0      0x134 CMakeFiles/rpico-motor-driver.dir/C_/Users/yoshikawa/.pico-sdk/sdk/1.5.1/lib/tinyusb/src/class/cdc/cdc_device.c.obj
                0x100069a0                cdcd_control_xfer_cb
 .text.cdcd_xfer_cb
                0x10006ad4      0x130 CMakeFiles/rpico-motor-driver.dir/C_/Users/yoshikawa/.pico-sdk/sdk/1.5.1/lib/tinyusb/src/class/cdc/cdc_device.c.obj
                0x10006ad4                cdcd_xfer_cb
 .text.tusb_init
                0x10006c04        0xa CMakeFiles/rpico-motor-driver.dir/C_/Users/yoshikawa/.pico-sdk/sdk/1.5.1/lib/tinyusb/src/tusb.c.obj
                0x10006c04                tusb_init
 .text.tusb_inited
                0x10006c0e        0xe CMakeFiles/rpico-motor-driver.dir/C_/Users/yoshikawa/.pico-sdk/sdk/1.5.1/lib/tinyusb/src/tusb.c.obj
                0x10006c0e                tusb_inited
 .text.tu_edpt_claim
                0x10006c1c       0x50 CMakeFiles/rpico-motor-driver.dir/C_/Users/yoshikawa/.pico-sdk/sdk/1.5.1/lib/tinyusb/src/tusb.c.obj
                0x10006c1c                tu_edpt_claim
 .text.tu_edpt_release
                0x10006c6c       0x38 CMakeFiles/rpico-motor-driver.dir/C_/Users/yoshikawa/.pico-sdk/sdk/1.5.1/lib/tinyusb/src/tusb.c.obj
                0x10006c6c                tu_edpt_release
 .text.tu_edpt_validate
                0x10006ca4       0x78 CMakeFiles/rpico-motor-driver.dir/C_/Users/yoshikawa/.pico-sdk/sdk/1.5.1/lib/tinyusb/src/tusb.c.obj
                0x10006ca4                tu_edpt_validate
 .text.tu_edpt_bind_driver
                0x10006d1c       0x26 CMakeFiles/rpico-motor-driver.dir/C_/Users/yoshikawa/.pico-sdk/sdk/1.5.1/lib/tinyusb/src/tusb.c.obj
                0x10006d1c                tu_edpt_bind_driver
 .text.advance_index
                0x10006d42       0x1a CMakeFiles/rpico-motor-driver.dir/C_/Users/yoshikawa/.pico-sdk/sdk/1.5.1/lib/tinyusb/src/common/tusb_fifo.c.obj
 .text._tu_fifo_peek
                0x10006d5c       0x56 CMakeFiles/rpico-motor-driver.dir/C_/Users/yoshikawa/.pico-sdk/sdk/1.5.1/lib/tinyusb/src/common/tusb_fifo.c.obj
 .text._ff_pull_const_addr
                0x10006db2       0x4c CMakeFiles/rpico-motor-driver.dir/C_/Users/yoshikawa/.pico-sdk/sdk/1.5.1/lib/tinyusb/src/common/tusb_fifo.c.obj
 .text._ff_pull_n
                0x10006dfe      0x110 CMakeFiles/rpico-motor-driver.dir/C_/Users/yoshikawa/.pico-sdk/sdk/1.5.1/lib/tinyusb/src/common/tusb_fifo.c.obj
 .text._tu_fifo_peek_n
                0x10006f0e       0x6a CMakeFiles/rpico-motor-driver.dir/C_/Users/yoshikawa/.pico-sdk/sdk/1.5.1/lib/tinyusb/src/common/tusb_fifo.c.obj
 .text._tu_fifo_read_n
                0x10006f78       0x4e CMakeFiles/rpico-motor-driver.dir/C_/Users/yoshikawa/.pico-sdk/sdk/1.5.1/lib/tinyusb/src/common/tusb_fifo.c.obj
 .text._ff_push_const_addr
                0x10006fc6       0x40 CMakeFiles/rpico-motor-driver.dir/C_/Users/yoshikawa/.pico-sdk/sdk/1.5.1/lib/tinyusb/src/common/tusb_fifo.c.obj
 .text._ff_push_n
                0x10007006      0x10c CMakeFiles/rpico-motor-driver.dir/C_/Users/yoshikawa/.pico-sdk/sdk/1.5.1/lib/tinyusb/src/common/tusb_fifo.c.obj
 .text._tu_fifo_write_n
                0x10007112       0xf0 CMakeFiles/rpico-motor-driver.dir/C_/Users/yoshikawa/.pico-sdk/sdk/1.5.1/lib/tinyusb/src/common/tusb_fifo.c.obj
 .text.tu_fifo_config
                0x10007202       0x7c CMakeFiles/rpico-motor-driver.dir/C_/Users/yoshikawa/.pico-sdk/sdk/1.5.1/lib/tinyusb/src/common/tusb_fifo.c.obj
                0x10007202                tu_fifo_config
 .text.tu_fifo_count
                0x1000727e       0x2a CMakeFiles/rpico-motor-driver.dir/C_/Users/yoshikawa/.pico-sdk/sdk/1.5.1/lib/tinyusb/src/common/tusb_fifo.c.obj
                0x1000727e                tu_fifo_count
 .text.tu_fifo_empty
                0x100072a8        0xe CMakeFiles/rpico-motor-driver.dir/C_/Users/yoshikawa/.pico-sdk/sdk/1.5.1/lib/tinyusb/src/common/tusb_fifo.c.obj
                0x100072a8                tu_fifo_empty
 .text.tu_fifo_full
                0x100072b6       0x28 CMakeFiles/rpico-motor-driver.dir/C_/Users/yoshikawa/.pico-sdk/sdk/1.5.1/lib/tinyusb/src/common/tusb_fifo.c.obj
                0x100072b6                tu_fifo_full
 .text.tu_fifo_remaining
                0x100072de       0x2c CMakeFiles/rpico-motor-driver.dir/C_/Users/yoshikawa/.pico-sdk/sdk/1.5.1/lib/tinyusb/src/common/tusb_fifo.c.obj
                0x100072de                tu_fifo_remaining
 .text.tu_fifo_read
                0x1000730a       0x42 CMakeFiles/rpico-motor-driver.dir/C_/Users/yoshikawa/.pico-sdk/sdk/1.5.1/lib/tinyusb/src/common/tusb_fifo.c.obj
                0x1000730a                tu_fifo_read
 .text.tu_fifo_read_n
                0x1000734c        0xa CMakeFiles/rpico-motor-driver.dir/C_/Users/yoshikawa/.pico-sdk/sdk/1.5.1/lib/tinyusb/src/common/tusb_fifo.c.obj
                0x1000734c                tu_fifo_read_n
 .text.tu_fifo_write
                0x10007356       0x64 CMakeFiles/rpico-motor-driver.dir/C_/Users/yoshikawa/.pico-sdk/sdk/1.5.1/lib/tinyusb/src/common/tusb_fifo.c.obj
                0x10007356                tu_fifo_write
 .text.tu_fifo_write_n
                0x100073ba        0xa CMakeFiles/rpico-motor-driver.dir/C_/Users/yoshikawa/.pico-sdk/sdk/1.5.1/lib/tinyusb/src/common/tusb_fifo.c.obj
                0x100073ba                tu_fifo_write_n
 .text.tu_fifo_clear
                0x100073c4       0x3e CMakeFiles/rpico-motor-driver.dir/C_/Users/yoshikawa/.pico-sdk/sdk/1.5.1/lib/tinyusb/src/common/tusb_fifo.c.obj
                0x100073c4                tu_fifo_clear
 .text.tu_fifo_set_overwritable
                0x10007402       0x46 CMakeFiles/rpico-motor-driver.dir/C_/Users/yoshikawa/.pico-sdk/sdk/1.5.1/lib/tinyusb/src/common/tusb_fifo.c.obj
                0x10007402                tu_fifo_set_overwritable
 .text.pio_get_default_sm_config
                0x10007448       0x28 CMakeFiles/rpico-motor-driver.dir/C_/Users/yoshikawa/.pico-sdk/sdk/1.5.1/src/rp2_common/hardware_pio/pio.c.obj
 .text._pio_can_add_program_at_offset
                0x10007470       0x3c CMakeFiles/rpico-motor-driver.dir/C_/Users/yoshikawa/.pico-sdk/sdk/1.5.1/src/rp2_common/hardware_pio/pio.c.obj
 .text._pio_find_offset_for_program
                0x100074ac       0x7c CMakeFiles/rpico-motor-driver.dir/C_/Users/yoshikawa/.pico-sdk/sdk/1.5.1/src/rp2_common/hardware_pio/pio.c.obj
 .text._pio_add_program_at_offset
                0x10007528       0x7c CMakeFiles/rpico-motor-driver.dir/C_/Users/yoshikawa/.pico-sdk/sdk/1.5.1/src/rp2_common/hardware_pio/pio.c.obj
 .text.pio_add_program
                0x100075a4       0x38 CMakeFiles/rpico-motor-driver.dir/C_/Users/yoshikawa/.pico-sdk/sdk/1.5.1/src/rp2_common/hardware_pio/pio.c.obj
                0x100075a4                pio_add_program
 .text.pio_sm_init
                0x100075dc       0xb0 CMakeFiles/rpico-motor-driver.dir/C_/Users/yoshikawa/.pico-sdk/sdk/1.5.1/src/rp2_common/hardware_pio/pio.c.obj
                0x100075dc                pio_sm_init
 .text._calloc_r
                0x1000768c       0xa8 C:/Users/yoshikawa/.pico-sdk/toolchain/13_2_Rel1/bin/../lib/gcc/arm-none-eabi/13.2.1/thumb/v6-m/nofp\libg.a(libc_a-callocr.o)
                0x1000768c                _calloc_r
 .text.malloc   0x10007734       0x14 C:/Users/yoshikawa/.pico-sdk/toolchain/13_2_Rel1/bin/../lib/gcc/arm-none-eabi/13.2.1/thumb/v6-m/nofp\libg.a(libc_a-malloc.o)
                0x10007734                malloc
 .text.free     0x10007748       0x14 C:/Users/yoshikawa/.pico-sdk/toolchain/13_2_Rel1/bin/../lib/gcc/arm-none-eabi/13.2.1/thumb/v6-m/nofp\libg.a(libc_a-malloc.o)
                0x10007748                free
 .text._malloc_r
                0x1000775c      0x5c4 C:/Users/yoshikawa/.pico-sdk/toolchain/13_2_Rel1/bin/../lib/gcc/arm-none-eabi/13.2.1/thumb/v6-m/nofp\libg.a(libc_a-mallocr.o)
                0x1000775c                _malloc_r
 .text.__malloc_lock
                0x10007d20       0x10 C:/Users/yoshikawa/.pico-sdk/toolchain/13_2_Rel1/bin/../lib/gcc/arm-none-eabi/13.2.1/thumb/v6-m/nofp\libg.a(libc_a-mlock.o)
                0x10007d20                __malloc_lock
 .text.__malloc_unlock
                0x10007d30       0x10 C:/Users/yoshikawa/.pico-sdk/toolchain/13_2_Rel1/bin/../lib/gcc/arm-none-eabi/13.2.1/thumb/v6-m/nofp\libg.a(libc_a-mlock.o)
                0x10007d30                __malloc_unlock
 .text.realloc  0x10007d40       0x18 C:/Users/yoshikawa/.pico-sdk/toolchain/13_2_Rel1/bin/../lib/gcc/arm-none-eabi/13.2.1/thumb/v6-m/nofp\libg.a(libc_a-realloc.o)
                0x10007d40                realloc
 .text._realloc_r
                0x10007d58      0x350 C:/Users/yoshikawa/.pico-sdk/toolchain/13_2_Rel1/bin/../lib/gcc/arm-none-eabi/13.2.1/thumb/v6-m/nofp\libg.a(libc_a-reallocr.o)
                0x10007d58                _realloc_r
 .text.sscanf   0x100080a8       0x50 C:/Users/yoshikawa/.pico-sdk/toolchain/13_2_Rel1/bin/../lib/gcc/arm-none-eabi/13.2.1/thumb/v6-m/nofp\libg.a(libc_a-sscanf.o)
                0x100080a8                sscanf
 .text.__seofread
                0x100080f8        0x4 C:/Users/yoshikawa/.pico-sdk/toolchain/13_2_Rel1/bin/../lib/gcc/arm-none-eabi/13.2.1/thumb/v6-m/nofp\libg.a(libc_a-stdio.o)
                0x100080f8                __seofread
 .text.memmove  0x100080fc       0xb0 C:/Users/yoshikawa/.pico-sdk/toolchain/13_2_Rel1/bin/../lib/gcc/arm-none-eabi/13.2.1/thumb/v6-m/nofp\libg.a(libc_a-memmove.o)
                0x100080fc                memmove
 .text._sbrk_r  0x100081ac       0x24 C:/Users/yoshikawa/.pico-sdk/toolchain/13_2_Rel1/bin/../lib/gcc/arm-none-eabi/13.2.1/thumb/v6-m/nofp\libg.a(libc_a-sbrkr.o)
                0x100081ac                _sbrk_r
 .text.__errno  0x100081d0        0xc C:/Users/yoshikawa/.pico-sdk/toolchain/13_2_Rel1/bin/../lib/gcc/arm-none-eabi/13.2.1/thumb/v6-m/nofp\libg.a(libc_a-errno.o)
                0x100081d0                __errno
 .text.__retarget_lock_acquire_recursive
                0x100081dc        0x4 C:/Users/yoshikawa/.pico-sdk/toolchain/13_2_Rel1/bin/../lib/gcc/arm-none-eabi/13.2.1/thumb/v6-m/nofp\libg.a(libc_a-lock.o)
                0x100081dc                __retarget_lock_acquire_recursive
 .text.__retarget_lock_release_recursive
                0x100081e0        0x4 C:/Users/yoshikawa/.pico-sdk/toolchain/13_2_Rel1/bin/../lib/gcc/arm-none-eabi/13.2.1/thumb/v6-m/nofp\libg.a(libc_a-lock.o)
                0x100081e0                __retarget_lock_release_recursive
 .text.sysconf  0x100081e4       0x1c C:/Users/yoshikawa/.pico-sdk/toolchain/13_2_Rel1/bin/../lib/gcc/arm-none-eabi/13.2.1/thumb/v6-m/nofp\libg.a(libc_a-sysconf.o)
                0x100081e4                sysconf
 .text.strlen   0x10008200       0x5c C:/Users/yoshikawa/.pico-sdk/toolchain/13_2_Rel1/bin/../lib/gcc/arm-none-eabi/13.2.1/thumb/v6-m/nofp\libg.a(libc_a-strlen-stub.o)
                0x10008200                strlen
 .text._malloc_trim_r
                0x1000825c       0xb4 C:/Users/yoshikawa/.pico-sdk/toolchain/13_2_Rel1/bin/../lib/gcc/arm-none-eabi/13.2.1/thumb/v6-m/nofp\libg.a(libc_a-freer.o)
                0x1000825c                _malloc_trim_r
 .text._free_r  0x10008310      0x1d4 C:/Users/yoshikawa/.pico-sdk/toolchain/13_2_Rel1/bin/../lib/gcc/arm-none-eabi/13.2.1/thumb/v6-m/nofp\libg.a(libc_a-freer.o)
                0x10008310                _free_r
 .text.__ssvfscanf_r
                0x100084e4     0x1868 C:/Users/yoshikawa/.pico-sdk/toolchain/13_2_Rel1/bin/../lib/gcc/arm-none-eabi/13.2.1/thumb/v6-m/nofp\libg.a(libc_a-svfscanf.o)
                0x100084e4                __ssvfscanf_r
 .text.__sccl   0x10009d4c       0x80 C:/Users/yoshikawa/.pico-sdk/toolchain/13_2_Rel1/bin/../lib/gcc/arm-none-eabi/13.2.1/thumb/v6-m/nofp\libg.a(libc_a-sccl.o)
                0x10009d4c                __sccl
 .text.stpncpy  0x10009dcc       0x78 C:/Users/yoshikawa/.pico-sdk/toolchain/13_2_Rel1/bin/../lib/gcc/arm-none-eabi/13.2.1/thumb/v6-m/nofp\libg.a(libc_a-stpncpy.o)
                0x10009dcc                stpncpy
 .text.__locale_mb_cur_max
                0x10009e44       0x10 C:/Users/yoshikawa/.pico-sdk/toolchain/13_2_Rel1/bin/../lib/gcc/arm-none-eabi/13.2.1/thumb/v6-m/nofp\libg.a(libc_a-locale.o)
                0x10009e44                __locale_mb_cur_max
 .text._localeconv_r
                0x10009e54        0x8 C:/Users/yoshikawa/.pico-sdk/toolchain/13_2_Rel1/bin/../lib/gcc/arm-none-eabi/13.2.1/thumb/v6-m/nofp\libg.a(libc_a-localeconv.o)
                0x10009e54                _localeconv_r
 .text          0x10009e5c       0x88 C:/Users/yoshikawa/.pico-sdk/toolchain/13_2_Rel1/bin/../lib/gcc/arm-none-eabi/13.2.1/thumb/v6-m/nofp\libg.a(libc_a-strcmp.o)
                0x10009e5c                strcmp
 .text.nanf     0x10009ee4        0x8 C:/Users/yoshikawa/.pico-sdk/toolchain/13_2_Rel1/bin/../lib/gcc/arm-none-eabi/13.2.1/thumb/v6-m/nofp\libg.a(libm_a-sf_nan.o)
                0x10009ee4                nanf
 .text.__ascii_mbtowc
                0x10009eec       0x2c C:/Users/yoshikawa/.pico-sdk/toolchain/13_2_Rel1/bin/../lib/gcc/arm-none-eabi/13.2.1/thumb/v6-m/nofp\libg.a(libc_a-mbtowc_r.o)
                0x10009eec                __ascii_mbtowc
 .text.sulp     0x10009f18       0x30 C:/Users/yoshikawa/.pico-sdk/toolchain/13_2_Rel1/bin/../lib/gcc/arm-none-eabi/13.2.1/thumb/v6-m/nofp\libg.a(libc_a-strtod.o)
 .text._strtod_l
                0x10009f48      0xeb8 C:/Users/yoshikawa/.pico-sdk/toolchain/13_2_Rel1/bin/../lib/gcc/arm-none-eabi/13.2.1/thumb/v6-m/nofp\libg.a(libc_a-strtod.o)
                0x10009f48                _strtod_l
 .text._strtod_r
                0x1000ae00       0x10 C:/Users/yoshikawa/.pico-sdk/toolchain/13_2_Rel1/bin/../lib/gcc/arm-none-eabi/13.2.1/thumb/v6-m/nofp\libg.a(libc_a-strtod.o)
                0x1000ae00                _strtod_r
 .text._strtol_l.isra.0
                0x1000ae10      0x158 C:/Users/yoshikawa/.pico-sdk/toolchain/13_2_Rel1/bin/../lib/gcc/arm-none-eabi/13.2.1/thumb/v6-m/nofp\libg.a(libc_a-strtol.o)
 .text._strtol_r
                0x1000af68        0x8 C:/Users/yoshikawa/.pico-sdk/toolchain/13_2_Rel1/bin/../lib/gcc/arm-none-eabi/13.2.1/thumb/v6-m/nofp\libg.a(libc_a-strtol.o)
                0x1000af68                _strtol_r
 .text._strtoul_l.isra.0
                0x1000af70      0x144 C:/Users/yoshikawa/.pico-sdk/toolchain/13_2_Rel1/bin/../lib/gcc/arm-none-eabi/13.2.1/thumb/v6-m/nofp\libg.a(libc_a-strtoul.o)
 .text._strtoul_r
                0x1000b0b4        0x8 C:/Users/yoshikawa/.pico-sdk/toolchain/13_2_Rel1/bin/../lib/gcc/arm-none-eabi/13.2.1/thumb/v6-m/nofp\libg.a(libc_a-strtoul.o)
                0x1000b0b4                _strtoul_r
 .text.__ascii_wctomb
                0x1000b0bc       0x1c C:/Users/yoshikawa/.pico-sdk/toolchain/13_2_Rel1/bin/../lib/gcc/arm-none-eabi/13.2.1/thumb/v6-m/nofp\libg.a(libc_a-wctomb_r.o)
                0x1000b0bc                __ascii_wctomb
 .text._strtoll_l.isra.0
                0x1000b0d8      0x1a0 C:/Users/yoshikawa/.pico-sdk/toolchain/13_2_Rel1/bin/../lib/gcc/arm-none-eabi/13.2.1/thumb/v6-m/nofp\libg.a(libc_a-strtoll.o)
 .text._strtoll_r
                0x1000b278        0x8 C:/Users/yoshikawa/.pico-sdk/toolchain/13_2_Rel1/bin/../lib/gcc/arm-none-eabi/13.2.1/thumb/v6-m/nofp\libg.a(libc_a-strtoll.o)
                0x1000b278                _strtoll_r
 .text._strtoull_l.isra.0
                0x1000b280      0x1c4 C:/Users/yoshikawa/.pico-sdk/toolchain/13_2_Rel1/bin/../lib/gcc/arm-none-eabi/13.2.1/thumb/v6-m/nofp\libg.a(libc_a-strtoull.o)
 .text._strtoull_r
                0x1000b444        0x8 C:/Users/yoshikawa/.pico-sdk/toolchain/13_2_Rel1/bin/../lib/gcc/arm-none-eabi/13.2.1/thumb/v6-m/nofp\libg.a(libc_a-strtoull.o)
                0x1000b444                _strtoull_r
 .text._mbrtowc_r
                0x1000b44c       0x54 C:/Users/yoshikawa/.pico-sdk/toolchain/13_2_Rel1/bin/../lib/gcc/arm-none-eabi/13.2.1/thumb/v6-m/nofp\libg.a(libc_a-mbrtowc.o)
                0x1000b44c                _mbrtowc_r
 .text.iswspace
                0x1000b4a0        0xc C:/Users/yoshikawa/.pico-sdk/toolchain/13_2_Rel1/bin/../lib/gcc/arm-none-eabi/13.2.1/thumb/v6-m/nofp\libg.a(libc_a-iswspace.o)
                0x1000b4a0                iswspace
 .text.iswspace_l
                0x1000b4ac       0x24 C:/Users/yoshikawa/.pico-sdk/toolchain/13_2_Rel1/bin/../lib/gcc/arm-none-eabi/13.2.1/thumb/v6-m/nofp\libg.a(libc_a-iswspace_l.o)
                0x1000b4ac                iswspace_l
 .text.__jp2uc  0x1000b4d0      0x154 C:/Users/yoshikawa/.pico-sdk/toolchain/13_2_Rel1/bin/../lib/gcc/arm-none-eabi/13.2.1/thumb/v6-m/nofp\libg.a(libc_a-jp2uc.o)
 .text._jp2uc_l
                0x1000b624       0x68 C:/Users/yoshikawa/.pico-sdk/toolchain/13_2_Rel1/bin/../lib/gcc/arm-none-eabi/13.2.1/thumb/v6-m/nofp\libg.a(libc_a-jp2uc.o)
                0x1000b624                _jp2uc_l
 .text._sungetc_r
                0x1000b68c       0x80 C:/Users/yoshikawa/.pico-sdk/toolchain/13_2_Rel1/bin/../lib/gcc/arm-none-eabi/13.2.1/thumb/v6-m/nofp\libg.a(libc_a-svfiscanf.o)
                0x1000b68c                _sungetc_r
 .text.__ssrefill_r
                0x1000b70c       0x40 C:/Users/yoshikawa/.pico-sdk/toolchain/13_2_Rel1/bin/../lib/gcc/arm-none-eabi/13.2.1/thumb/v6-m/nofp\libg.a(libc_a-svfiscanf.o)
                0x1000b70c                __ssrefill_r
 .text._sfread_r
                0x1000b74c       0xbc C:/Users/yoshikawa/.pico-sdk/toolchain/13_2_Rel1/bin/../lib/gcc/arm-none-eabi/13.2.1/thumb/v6-m/nofp\libg.a(libc_a-svfiscanf.o)
                0x1000b74c                _sfread_r
 .text.__submore
                0x1000b808       0x84 C:/Users/yoshikawa/.pico-sdk/toolchain/13_2_Rel1/bin/../lib/gcc/arm-none-eabi/13.2.1/thumb/v6-m/nofp\libg.a(libc_a-ungetc.o)
                0x1000b808                __submore
 .text.strncmp  0x1000b88c       0x74 C:/Users/yoshikawa/.pico-sdk/toolchain/13_2_Rel1/bin/../lib/gcc/arm-none-eabi/13.2.1/thumb/v6-m/nofp\libg.a(libc_a-strncmp.o)
                0x1000b88c                strncmp
 .text.nan      0x1000b900        0xc C:/Users/yoshikawa/.pico-sdk/toolchain/13_2_Rel1/bin/../lib/gcc/arm-none-eabi/13.2.1/thumb/v6-m/nofp\libg.a(libm_a-s_nan.o)
                0x1000b900                nan
 .text.rshift   0x1000b90c       0xb0 C:/Users/yoshikawa/.pico-sdk/toolchain/13_2_Rel1/bin/../lib/gcc/arm-none-eabi/13.2.1/thumb/v6-m/nofp\libg.a(libc_a-gdtoa-gethex.o)
 .text.__gethex
                0x1000b9bc      0x5a8 C:/Users/yoshikawa/.pico-sdk/toolchain/13_2_Rel1/bin/../lib/gcc/arm-none-eabi/13.2.1/thumb/v6-m/nofp\libg.a(libc_a-gdtoa-gethex.o)
                0x1000b9bc                __gethex
 .text.__match  0x1000bf64       0x2c C:/Users/yoshikawa/.pico-sdk/toolchain/13_2_Rel1/bin/../lib/gcc/arm-none-eabi/13.2.1/thumb/v6-m/nofp\libg.a(libc_a-gdtoa-hexnan.o)
                0x1000bf64                __match
 .text.__hexnan
                0x1000bf90      0x204 C:/Users/yoshikawa/.pico-sdk/toolchain/13_2_Rel1/bin/../lib/gcc/arm-none-eabi/13.2.1/thumb/v6-m/nofp\libg.a(libc_a-gdtoa-hexnan.o)
                0x1000bf90                __hexnan
 .text._Balloc  0x1000c194       0x50 C:/Users/yoshikawa/.pico-sdk/toolchain/13_2_Rel1/bin/../lib/gcc/arm-none-eabi/13.2.1/thumb/v6-m/nofp\libg.a(libc_a-mprec.o)
                0x1000c194                _Balloc
 .text._Bfree   0x1000c1e4       0x14 C:/Users/yoshikawa/.pico-sdk/toolchain/13_2_Rel1/bin/../lib/gcc/arm-none-eabi/13.2.1/thumb/v6-m/nofp\libg.a(libc_a-mprec.o)
                0x1000c1e4                _Bfree
 .text.__multadd
                0x1000c1f8       0xa8 C:/Users/yoshikawa/.pico-sdk/toolchain/13_2_Rel1/bin/../lib/gcc/arm-none-eabi/13.2.1/thumb/v6-m/nofp\libg.a(libc_a-mprec.o)
                0x1000c1f8                __multadd
 .text.__s2b    0x1000c2a0       0xb0 C:/Users/yoshikawa/.pico-sdk/toolchain/13_2_Rel1/bin/../lib/gcc/arm-none-eabi/13.2.1/thumb/v6-m/nofp\libg.a(libc_a-mprec.o)
                0x1000c2a0                __s2b
 .text.__hi0bits
                0x1000c350       0x4c C:/Users/yoshikawa/.pico-sdk/toolchain/13_2_Rel1/bin/../lib/gcc/arm-none-eabi/13.2.1/thumb/v6-m/nofp\libg.a(libc_a-mprec.o)
                0x1000c350                __hi0bits
 .text.__lo0bits
                0x1000c39c       0x5c C:/Users/yoshikawa/.pico-sdk/toolchain/13_2_Rel1/bin/../lib/gcc/arm-none-eabi/13.2.1/thumb/v6-m/nofp\libg.a(libc_a-mprec.o)
                0x1000c39c                __lo0bits
 .text.__i2b    0x1000c3f8       0x60 C:/Users/yoshikawa/.pico-sdk/toolchain/13_2_Rel1/bin/../lib/gcc/arm-none-eabi/13.2.1/thumb/v6-m/nofp\libg.a(libc_a-mprec.o)
                0x1000c3f8                __i2b
 .text.__multiply
                0x1000c458      0x1ac C:/Users/yoshikawa/.pico-sdk/toolchain/13_2_Rel1/bin/../lib/gcc/arm-none-eabi/13.2.1/thumb/v6-m/nofp\libg.a(libc_a-mprec.o)
                0x1000c458                __multiply
 .text.__pow5mult
                0x1000c604       0xd0 C:/Users/yoshikawa/.pico-sdk/toolchain/13_2_Rel1/bin/../lib/gcc/arm-none-eabi/13.2.1/thumb/v6-m/nofp\libg.a(libc_a-mprec.o)
                0x1000c604                __pow5mult
 .text.__lshift
                0x1000c6d4       0xfc C:/Users/yoshikawa/.pico-sdk/toolchain/13_2_Rel1/bin/../lib/gcc/arm-none-eabi/13.2.1/thumb/v6-m/nofp\libg.a(libc_a-mprec.o)
                0x1000c6d4                __lshift
 .text.__mcmp   0x1000c7d0       0x3c C:/Users/yoshikawa/.pico-sdk/toolchain/13_2_Rel1/bin/../lib/gcc/arm-none-eabi/13.2.1/thumb/v6-m/nofp\libg.a(libc_a-mprec.o)
                0x1000c7d0                __mcmp
 .text.__mdiff  0x1000c80c      0x1b4 C:/Users/yoshikawa/.pico-sdk/toolchain/13_2_Rel1/bin/../lib/gcc/arm-none-eabi/13.2.1/thumb/v6-m/nofp\libg.a(libc_a-mprec.o)
                0x1000c80c                __mdiff
 .text.__ulp    0x1000c9c0       0x40 C:/Users/yoshikawa/.pico-sdk/toolchain/13_2_Rel1/bin/../lib/gcc/arm-none-eabi/13.2.1/thumb/v6-m/nofp\libg.a(libc_a-mprec.o)
                0x1000c9c0                __ulp
 .text.__b2d    0x1000ca00       0xb8 C:/Users/yoshikawa/.pico-sdk/toolchain/13_2_Rel1/bin/../lib/gcc/arm-none-eabi/13.2.1/thumb/v6-m/nofp\libg.a(libc_a-mprec.o)
                0x1000ca00                __b2d
 .text.__d2b    0x1000cab8       0xcc C:/Users/yoshikawa/.pico-sdk/toolchain/13_2_Rel1/bin/../lib/gcc/arm-none-eabi/13.2.1/thumb/v6-m/nofp\libg.a(libc_a-mprec.o)
                0x1000cab8                __d2b
 .text.__ratio  0x1000cb84       0x68 C:/Users/yoshikawa/.pico-sdk/toolchain/13_2_Rel1/bin/../lib/gcc/arm-none-eabi/13.2.1/thumb/v6-m/nofp\libg.a(libc_a-mprec.o)
                0x1000cb84                __ratio
 .text.__copybits
                0x1000cbec       0x40 C:/Users/yoshikawa/.pico-sdk/toolchain/13_2_Rel1/bin/../lib/gcc/arm-none-eabi/13.2.1/thumb/v6-m/nofp\libg.a(libc_a-mprec.o)
                0x1000cbec                __copybits
 .text.__any_on
                0x1000cc2c       0x4c C:/Users/yoshikawa/.pico-sdk/toolchain/13_2_Rel1/bin/../lib/gcc/arm-none-eabi/13.2.1/thumb/v6-m/nofp\libg.a(libc_a-mprec.o)
                0x1000cc2c                __any_on
 .text.category
                0x1000cc78       0x54 C:/Users/yoshikawa/.pico-sdk/toolchain/13_2_Rel1/bin/../lib/gcc/arm-none-eabi/13.2.1/thumb/v6-m/nofp\libg.a(libc_a-categories.o)
                0x1000cc78                category
 *(.fini)
 .fini          0x1000cccc        0x4 C:/Users/yoshikawa/.pico-sdk/toolchain/13_2_Rel1/bin/../lib/gcc/arm-none-eabi/13.2.1/thumb/v6-m/nofp/crti.o
                0x1000cccc                _fini
 .fini.__stub   0x1000ccd0       0xe0 linker stubs
 *crtbegin.o(.ctors)
 *crtbegin?.o(.ctors)
 *(EXCLUDE_FILE(*crtend.o *crtend?.o) .ctors)
 *(SORT_BY_NAME(.ctors.*))
 *(.ctors)
 *crtbegin.o(.dtors)
 *crtbegin?.o(.dtors)
 *(EXCLUDE_FILE(*crtend.o *crtend?.o) .dtors)
 *(SORT_BY_NAME(.dtors.*))
 *(.dtors)