Archive member included to satisfy reference by file (symbol)

C:/Users/yoshikawa/.pico-sdk/toolchain/13_2_Rel1/bin/../lib/gcc/arm-none-eabi/13.2.1/thumb/v6-m/nofp\libgcc.a(_dvmd_tls.o)
                              CMakeFiles/rpico-motor-driver.dir/C_/Users/yoshikawa/.pico-sdk/sdk/1.5.1/src/rp2_common/pico_divider/divider.S.obj (__aeabi_idiv0)
C:/Users/yoshikawa/.pico-sdk/toolchain/13_2_Rel1/bin/../lib/gcc/arm-none-eabi/13.2.1/thumb/v6-m/nofp\libg.a(libc_a-calloc.o)
                              CMakeFiles/rpico-motor-driver.dir/C_/Users/yoshikawa/.pico-sdk/sdk/1.5.1/src/rp2_common/pico_malloc/pico_malloc.c.obj (calloc)
C:/Users/yoshikawa/.pico-sdk/toolchain/13_2_Rel1/bin/../lib/gcc/arm-none-eabi/13.2.1/thumb/v6-m/nofp\libg.a(libc_a-callocr.o)
                              C:/Users/yoshikawa/.pico-sdk/toolchain/13_2_Rel1/bin/../lib/gcc/arm-none-eabi/13.2.1/thumb/v6-m/nofp\libg.a(libc_a-calloc.o) (_calloc_r)
C:/Users/yoshikawa/.pico-sdk/toolchain/13_2_Rel1/bin/../lib/gcc/arm-none-eabi/13.2.1/thumb/v6-m/nofp\libg.a(libc_a-malloc.o)
                              CMakeFiles/rpico-motor-driver.dir/C_/Users/yoshikawa/.pico-sdk/sdk/1.5.1/src/rp2_common/pico_malloc/pico_malloc.c.obj (malloc)
C:/Users/yoshikawa/.pico-sdk/toolchain/13_2_Rel1/bin/../lib/gcc/arm-none-eabi/13.2.1/thumb/v6-m/nofp\libg.a(libc_a-mallocr.o)
                              C:/Users/yoshikawa/.pico-sdk/toolchain/13_2_Rel1/bin/../lib/gcc/arm-none-eabi/13.2.1/thumb/v6-m/nofp\libg.a(libc_a-callocr.o) (_malloc_r)
C:/Users/yoshikawa/.pico-sdk/toolchain/13_2_Rel1/bin/../lib/gcc/arm-none-eabi/13.2.1/thumb/v6-m/nofp\libg.a(libc_a-mlock.o)
                              C:/Users/yoshikawa/.pico-sdk/toolchain/13_2_Rel1/bin/../lib/gcc/arm-none-eabi/13.2.1/thumb/v6-m/nofp\libg.a(libc_a-mallocr.o) (__malloc_lock)
C:/Users/yoshikawa/.pico-sdk/toolchain/13_2_Rel1/bin/../lib/gcc/arm-none-eabi/13.2.1/thumb/v6-m/nofp\libg.a(libc_a-realloc.o)
                              CMakeFiles/rpico-motor-driver.dir/C_/Users/yoshikawa/.pico-sdk/sdk/1.5.1/src/rp2_common/pico_malloc/pico_malloc.c.obj (realloc)
C:/Users/yoshikawa/.pico-sdk/toolchain/13_2_Rel1/bin/../lib/gcc/arm-none-eabi/13.2.1/thumb/v6-m/nofp\libg.a(libc_a-reallocr.o)
                              C:/Users/yoshikawa/.pico-sdk/toolchain/13_2_Rel1/bin/../lib/gcc/arm-none-eabi/13.2.1/thumb/v6-m/nofp\libg.a(libc_a-realloc.o) (_realloc_r)
C:/Users/yoshikawa/.pico-sdk/toolchain/13_2_Rel1/bin/../lib/gcc/arm-none-eabi/13.2.1/thumb/v6-m/nofp\libg.a(libc_a-sscanf.o)
                              CMakeFiles/rpico-motor-driver.dir/rpico-motor-driver.cpp.obj (sscanf)
C:/Users/yoshikawa/.pico-sdk/toolchain/13_2_Rel1/bin/../lib/gcc/arm-none-eabi/13.2.1/thumb/v6-m/nofp\libg.a(libc_a-stdio.o)
                              C:/Users/yoshikawa/.pico-sdk/toolchain/13_2_Rel1/bin/../lib/gcc/arm-none-eabi/13.2.1/thumb/v6-m/nofp\libg.a(libc_a-sscanf.o) (__seofread)
C:/Users/yoshikawa/.pico-sdk/toolchain/13_2_Rel1/bin/../lib/gcc/arm-none-eabi/13.2.1/thumb/v6-m/nofp\libg.a(libc_a-memmove.o)
                              C:/Users/yoshikawa/.pico-sdk/toolchain/13_2_Rel1/bin/../lib/gcc/arm-none-eabi/13.2.1/thumb/v6-m/nofp\libg.a(libc_a-reallocr.o) (memmove)
C:/Users/yoshikawa/.pico-sdk/toolchain/13_2_Rel1/bin/../lib/gcc/arm-none-eabi/13.2.1/thumb/v6-m/nofp\libg.a(libc_a-closer.o)
                              C:/Users/yoshikawa/.pico-sdk/toolchain/13_2_Rel1/bin/../lib/gcc/arm-none-eabi/13.2.1/thumb/v6-m/nofp\libg.a(libc_a-stdio.o) (_close_r)
C:/Users/yoshikawa/.pico-sdk/toolchain/13_2_Rel1/bin/../lib/gcc/arm-none-eabi/13.2.1/thumb/v6-m/nofp\libg.a(libc_a-reent.o)
                              C:/Users/yoshikawa/.pico-sdk/toolchain/13_2_Rel1/bin/../lib/gcc/arm-none-eabi/13.2.1/thumb/v6-m/nofp\libg.a(libc_a-closer.o) (errno)
C:/Users/yoshikawa/.pico-sdk/toolchain/13_2_Rel1/bin/../lib/gcc/arm-none-eabi/13.2.1/thumb/v6-m/nofp\libg.a(libc_a-impure.o)
                              C:/Users/yoshikawa/.pico-sdk/toolchain/13_2_Rel1/bin/../lib/gcc/arm-none-eabi/13.2.1/thumb/v6-m/nofp\libg.a(libc_a-calloc.o) (_impure_ptr)
C:/Users/yoshikawa/.pico-sdk/toolchain/13_2_Rel1/bin/../lib/gcc/arm-none-eabi/13.2.1/thumb/v6-m/nofp\libg.a(libc_a-lseekr.o)
                              C:/Users/yoshikawa/.pico-sdk/toolchain/13_2_Rel1/bin/../lib/gcc/arm-none-eabi/13.2.1/thumb/v6-m/nofp\libg.a(libc_a-stdio.o) (_lseek_r)
C:/Users/yoshikawa/.pico-sdk/toolchain/13_2_Rel1/bin/../lib/gcc/arm-none-eabi/13.2.1/thumb/v6-m/nofp\libg.a(libc_a-readr.o)
                              C:/Users/yoshikawa/.pico-sdk/toolchain/13_2_Rel1/bin/../lib/gcc/arm-none-eabi/13.2.1/thumb/v6-m/nofp\libg.a(libc_a-stdio.o) (_read_r)
C:/Users/yoshikawa/.pico-sdk/toolchain/13_2_Rel1/bin/../lib/gcc/arm-none-eabi/13.2.1/thumb/v6-m/nofp\libg.a(libc_a-sbrkr.o)
                              C:/Users/yoshikawa/.pico-sdk/toolchain/13_2_Rel1/bin/../lib/gcc/arm-none-eabi/13.2.1/thumb/v6-m/nofp\libg.a(libc_a-mallocr.o) (_sbrk_r)
[...]
Memory Configuration

Name             Origin             Length             Attributes
FLASH            0x10000000         0x00200000         xr
RAM              0x20000000         0x00040000         xrw
SCRATCH_X        0x20040000         0x00001000         xrw
SCRATCH_Y        0x20041000         0x00001000         xrw
*default*        0x00000000         0xffffffff

Linker script and memory map

LOAD C:/Users/yoshikawa/.pico-sdk/toolchain/13_2_Rel1/bin/../lib/gcc/arm-none-eabi/13.2.1/thumb/v6-m/nofp/crti.o
LOAD C:/Users/yoshikawa/.pico-sdk/toolchain/13_2_Rel1/bin/../lib/gcc/arm-none-eabi/13.2.1/thumb/v6-m/nofp/crtbegin.o
LOAD C:/Users/yoshikawa/.pico-sdk/toolchain/13_2_Rel1/bin/../lib/gcc/arm-none-eabi/13.2.1/thumb/v6-m/nofp/crt0.o

.flash_begin    0x10000000        0x0
                0x10000000                        __flash_binary_start = .

.boot2          0x10000000      0x100
                0x10000000                        __boot2_start__ = .
 *(.boot2)
 .boot2         0x10000000      0x100 C:\Users\YOSHIK~1\AppData\Local\Temp\ccmfYIhM.o
                0x10000100                        __boot2_end__ = .
                0x00000001                        ASSERT (((__boot2_end__ - __boot2_start__) == 0x100), ERROR: Pico second stage bootloader must be 256 bytes in size)

.text           0x10000100     0xd2b8
                0x10000100                        __logical_binary_start = .
 *(.vectors)
 .vectors       0x10000100       0xd4 CMakeFiles/rpico-motor-driver.dir/C_/Users/yoshikawa/.pico-sdk/sdk/1.5.1/src/rp2_common/pico_standard_link/crt0.S.obj
                0x10000100                __VECTOR_TABLE
                0x10000100                __vectors
                0x100001c0                isr_invalid
                0x100001c0                __default_isrs_start
                0x100001c2                isr_nmi
                0x100001c4                isr_hardfault
                0x100001c6                isr_svcall
                0x100001c8                isr_pendsv
                0x100001ca                isr_systick
                0x100001cc                isr_irq23
                0x100001cc                isr_irq18
                0x100001cc                isr_irq11
                0x100001cc                isr_irq28
                0x100001cc                isr_irq19
                0x100001cc                isr_irq0
                0x100001cc                isr_irq6
                0x100001cc                isr_irq5
                0x100001cc                isr_irq12
                0x100001cc                isr_irq22
                0x100001cc                isr_irq31
                0x100001cc                isr_irq17
                0x100001cc                isr_irq27
                0x100001cc                isr_irq30
                0x100001cc                isr_irq2
                0x100001cc                isr_irq10
                0x100001cc                isr_irq8
                0x100001cc                isr_irq24
                0x100001cc                isr_irq1
                0x100001cc                isr_irq7
                0x100001cc                isr_irq21
                0x100001cc                isr_irq20
                0x100001cc                isr_irq15
                0x100001cc                isr_irq25
                0x100001cc                isr_irq13
                0x100001cc                __unhandled_user_irq
                0x100001cc                isr_irq4
                0x100001cc                isr_irq16
                0x100001cc                isr_irq29
                0x100001cc                isr_irq26
                0x100001cc                __default_isrs_end
                0x100001cc                isr_irq3
                0x100001cc                isr_irq14
                0x100001cc                isr_irq9
                0x100001d2                unhandled_user_irq_num_in_r0
 *(.binary_info_header)
 .binary_info_header
                0x100001d4       0x14 CMakeFiles/rpico-motor-driver.dir/C_/Users/yoshikawa/.pico-sdk/sdk/1.5.1/src/rp2_common/pico_standard_link/crt0.S.obj
                0x100001e8                        __binary_info_header_end = .
 *(.reset)
 .reset         0x100001e8       0xa0 CMakeFiles/rpico-motor-driver.dir/C_/Users/yoshikawa/.pico-sdk/sdk/1.5.1/src/rp2_common/pico_standard_link/crt0.S.obj
                0x100001e8                _entry_point
 .reset         0x10000288       0x30 CMakeFiles/rpico-motor-driver.dir/C_/Users/yoshikawa/.pico-sdk/sdk/1.5.1/src/rp2_common/pico_standard_link/binary_info.c.obj
 *(.init)
 .init          0x100002b8        0x4 C:/Users/yoshikawa/.pico-sdk/toolchain/13_2_Rel1/bin/../lib/gcc/arm-none-eabi/13.2.1/thumb/v6-m/nofp/crti.o
                0x100002b8                _init
 *(EXCLUDE_FILE(*libm.a: *libc.a:*lib_a-mem*.o *libgcc.a:) .text*)
 .text.register_tm_clones
                0x100002bc       0x28 C:/Users/yoshikawa/.pico-sdk/toolchain/13_2_Rel1/bin/../lib/gcc/arm-none-eabi/13.2.1/thumb/v6-m/nofp/crtbegin.o
 .text.frame_dummy
                0x100002e4       0x24 C:/Users/yoshikawa/.pico-sdk/toolchain/13_2_Rel1/bin/../lib/gcc/arm-none-eabi/13.2.1/thumb/v6-m/nofp/crtbegin.o
 .text._Z8timer_cbP15repeating_timer
                0x10000308       0x1c CMakeFiles/rpico-motor-driver.dir/rpico-motor-driver.cpp.obj
                0x10000308                timer_cb(repeating_timer*)
 .text._Z12timer_cb_posP15repeating_timer
                0x10000324       0x1c CMakeFiles/rpico-motor-driver.dir/rpico-motor-driver.cpp.obj
                0x10000324                timer_cb_pos(repeating_timer*)
 .text.add_repeating_timer_ms
                0x10000340       0x3c CMakeFiles/rpico-motor-driver.dir/rpico-motor-driver.cpp.obj
 .text._Z41__static_initialization_and_destruction_0v
                0x1000037c       0xc4 CMakeFiles/rpico-motor-driver.dir/rpico-motor-driver.cpp.obj
 .text._Z8readlinePc
                0x10000440       0x1e CMakeFiles/rpico-motor-driver.dir/rpico-motor-driver.cpp.obj
                0x10000440                readline(char*)
 *fill*         0x1000045e        0x2 
 .text._Z9initTimerv
                0x10000460       0x30 CMakeFiles/rpico-motor-driver.dir/rpico-motor-driver.cpp.obj
                0x10000460                initTimer()
 .text._Z5setupv
                0x10000490       0x48 CMakeFiles/rpico-motor-driver.dir/rpico-motor-driver.cpp.obj
                0x10000490                setup()
 .text.main     0x100004d8       0xe4 CMakeFiles/rpico-motor-driver.dir/rpico-motor-driver.cpp.obj
                0x100004d8                main
 .text._GLOBAL__sub_I_pwm
                0x100005bc        0x8 CMakeFiles/rpico-motor-driver.dir/rpico-motor-driver.cpp.obj
 .text.pwm_set_chan_level
                0x100005c4       0x40 CMakeFiles/rpico-motor-driver.dir/lib/rpico-pwm/pwm.cpp.obj
 .text._ZN3PwmC2Eiiff
                0x10000604       0x58 CMakeFiles/rpico-motor-driver.dir/lib/rpico-pwm/pwm.cpp.obj
                0x10000604                Pwm::Pwm(int, int, float, float)
                0x10000604                Pwm::Pwm(int, int, float, float)
 .text._ZN3Pwm4initEv
                0x1000065c       0x80 CMakeFiles/rpico-motor-driver.dir/lib/rpico-pwm/pwm.cpp.obj
                0x1000065c                Pwm::init()
 .text._ZN3Pwm5writeEf
                0x100006dc       0x64 CMakeFiles/rpico-motor-driver.dir/lib/rpico-pwm/pwm.cpp.obj
                0x100006dc                Pwm::write(float)
 .text._ZN3Pwm4readEv
                0x10000740        0x4 CMakeFiles/rpico-motor-driver.dir/lib/rpico-pwm/pwm.cpp.obj
                0x10000740                Pwm::read()
 .text._ZN7Encoder4initEv
                0x10000744        0x2 CMakeFiles/rpico-motor-driver.dir/lib/rpico-encoder-plus/qenc.cpp.obj
                0x10000744                Encoder::init()
 .text._ZN7Encoder3setEi
                0x10000746        0x2 CMakeFiles/rpico-motor-driver.dir/lib/rpico-encoder-plus/qenc.cpp.obj
                0x10000746                Encoder::set(int)
 .text._ZN4Qenc3setEi
                0x10000748       0x10 CMakeFiles/rpico-motor-driver.dir/lib/rpico-encoder-plus/qenc.cpp.obj
                0x10000748                Qenc::set(int)
 .text._ZN4Qenc3getEv
                0x10000758       0x10 CMakeFiles/rpico-motor-driver.dir/lib/rpico-encoder-plus/qenc.cpp.obj
                0x10000758                Qenc::get()
 .text._ZN4Qenc17pio_irq_handler_0Ev
                0x10000768       0x30 CMakeFiles/rpico-motor-driver.dir/lib/rpico-encoder-plus/qenc.cpp.obj
                0x10000768                Qenc::pio_irq_handler_0()
 .text._ZN4Qenc17pio_irq_handler_1Ev
                0x10000798       0x30 CMakeFiles/rpico-motor-driver.dir/lib/rpico-encoder-plus/qenc.cpp.obj
                0x10000798                Qenc::pio_irq_handler_1()
 .text._ZN4Qenc4initEv
                0x100007c8      0x128 CMakeFiles/rpico-motor-driver.dir/lib/rpico-encoder-plus/qenc.cpp.obj
                0x100007c8                Qenc::init()
 .text._ZN4QencC2Ei
                0x100008f0       0x24 CMakeFiles/rpico-motor-driver.dir/lib/rpico-encoder-plus/qenc.cpp.obj
                0x100008f0                Qenc::Qenc(int)
                0x100008f0                Qenc::Qenc(int)
 .text._ZN5Motor4initEv
                0x10000914       0x1a CMakeFiles/rpico-motor-driver.dir/lib/rpico-motor/motor.cpp.obj
                0x10000914                Motor::init()
 .text._ZN5Motor6setPosEf
                0x1000092e       0x10 CMakeFiles/rpico-motor-driver.dir/lib/rpico-motor/motor.cpp.obj
                0x1000092e                Motor::setPos(float)
 .text._ZN5Motor4dutyEf
                0x1000093e       0x52 CMakeFiles/rpico-motor-driver.dir/lib/rpico-motor/motor.cpp.obj
                0x1000093e                Motor::duty(float)
 .text._ZN5Motor6setVelEf
                0x10000990       0x60 CMakeFiles/rpico-motor-driver.dir/lib/rpico-motor/motor.cpp.obj
                0x10000990                Motor::setVel(float)
 .text._ZN5Motor15getCurrentSpeedEv
                0x100009f0       0x8c CMakeFiles/rpico-motor-driver.dir/lib/rpico-motor/motor.cpp.obj
                0x100009f0                Motor::getCurrentSpeed()
 .text._ZN5Motor8timer_cbEv
                0x10000a7c       0x38 CMakeFiles/rpico-motor-driver.dir/lib/rpico-motor/motor.cpp.obj
                0x10000a7c                Motor::timer_cb()
 .text._ZN5Motor12timer_cb_posEv
                0x10000ab4       0x78 CMakeFiles/rpico-motor-driver.dir/lib/rpico-motor/motor.cpp.obj
                0x10000ab4                Motor::timer_cb_pos()
 .text._ZN5Motor13disablePosPidEv
                0x10000b2c        0x8 CMakeFiles/rpico-motor-driver.dir/lib/rpico-motor/motor.cpp.obj
                0x10000b2c                Motor::disablePosPid()
 .text._ZN5MotorC2ER3PwmS1_R7Encoder
                0x10000b34       0x8c CMakeFiles/rpico-motor-driver.dir/lib/rpico-motor/motor.cpp.obj
                0x10000b34                Motor::Motor(Pwm&, Pwm&, Encoder&)
                0x10000b34                Motor::Motor(Pwm&, Pwm&, Encoder&)
 .text._ZN5Motor8resetPosEv
                0x10000bc0       0x1e CMakeFiles/rpico-motor-driver.dir/lib/rpico-motor/motor.cpp.obj
                0x10000bc0                Motor::resetPos()
 .text._ZN3PidC2Ev
                0x10000bde       0x14 CMakeFiles/rpico-motor-driver.dir/lib/generic-pid/pid.cpp.obj
                0x10000bde                Pid::Pid()
                0x10000bde                Pid::Pid()
 .text._ZN3Pid7setGainEfff
                0x10000bf2        0x8 CMakeFiles/rpico-motor-driver.dir/lib/generic-pid/pid.cpp.obj
                0x10000bf2                Pid::setGain(float, float, float)
 .text._ZN3Pid5setDtEf
                0x10000bfa        0x4 CMakeFiles/rpico-motor-driver.dir/lib/generic-pid/pid.cpp.obj
                0x10000bfa                Pid::setDt(float)
 .text._ZN3Pid7setGoalEf
                0x10000bfe        0x4 CMakeFiles/rpico-motor-driver.dir/lib/generic-pid/pid.cpp.obj
                0x10000bfe                Pid::setGoal(float)
 .text._ZN3Pid6updateEf
                0x10000c02        0x4 CMakeFiles/rpico-motor-driver.dir/lib/generic-pid/pid.cpp.obj
                0x10000c02                Pid::update(float)
 .text._ZN3Pid4calcEv
                0x10000c06       0x66 CMakeFiles/rpico-motor-driver.dir/lib/generic-pid/pid.cpp.obj
                0x10000c06                Pid::calc()
 .text.pwm_set_chan_level
                0x10000c6c       0x40 CMakeFiles/rpico-motor-driver.dir/lib/rpico-servo/servo.cpp.obj
 .text._ZN5ServoC2Ei
                0x10000cac        0x8 CMakeFiles/rpico-motor-driver.dir/lib/rpico-servo/servo.cpp.obj
                0x10000cac                Servo::Servo(int)
                0x10000cac                Servo::Servo(int)
 .text._ZN5Servo4initEv
                0x10000cb4       0x6c CMakeFiles/rpico-motor-driver.dir/lib/rpico-servo/servo.cpp.obj
                0x10000cb4                Servo::init()
 .text._ZN5Servo8write_msEf
                0x10000d20       0x4c CMakeFiles/rpico-motor-driver.dir/lib/rpico-servo/servo.cpp.obj
                0x10000d20                Servo::write_ms(float)
 .text._ZN5Servo5writeEf
                0x10000d6c       0x60 CMakeFiles/rpico-motor-driver.dir/lib/rpico-servo/servo.cpp.obj
                0x10000d6c                Servo::write(float)
 .text.gpio_set_function
                0x10000dcc       0x30 CMakeFiles/rpico-motor-driver.dir/C_/Users/yoshikawa/.pico-sdk/sdk/1.5.1/src/rp2_common/hardware_gpio/gpio.c.obj
                0x10000dcc                gpio_set_function
 .text.gpio_set_pulls
                0x10000dfc       0x34 CMakeFiles/rpico-motor-driver.dir/C_/Users/yoshikawa/.pico-sdk/sdk/1.5.1/src/rp2_common/hardware_gpio/gpio.c.obj
                0x10000dfc                gpio_set_pulls
 .text.running_on_fpga
                0x10000e30       0x14 CMakeFiles/rpico-motor-driver.dir/C_/Users/yoshikawa/.pico-sdk/sdk/1.5.1/src/rp2_common/pico_platform/platform.c.obj
                0x10000e30                running_on_fpga
 .text.hw_claim_lock
                0x10000e44       0x18 CMakeFiles/rpico-motor-driver.dir/C_/Users/yoshikawa/.pico-sdk/sdk/1.5.1/src/rp2_common/hardware_claim/claim.c.obj
                0x10000e44                hw_claim_lock
 .text.hw_claim_unlock
                0x10000e5c       0x14 CMakeFiles/rpico-motor-driver.dir/C_/Users/yoshikawa/.pico-sdk/sdk/1.5.1/src/rp2_common/hardware_claim/claim.c.obj
                0x10000e5c                hw_claim_unlock
 .text.hw_claim_or_assert
                0x10000e70       0x32 CMakeFiles/rpico-motor-driver.dir/C_/Users/yoshikawa/.pico-sdk/sdk/1.5.1/src/rp2_common/hardware_claim/claim.c.obj
                0x10000e70                hw_claim_or_assert
 .text.hw_claim_unused_from_range
                0x10000ea2       0x50 CMakeFiles/rpico-motor-driver.dir/C_/Users/yoshikawa/.pico-sdk/sdk/1.5.1/src/rp2_common/hardware_claim/claim.c.obj
                0x10000ea2                hw_claim_unused_from_range
 *fill*         0x10000ef2        0x2 
 .text.spin_locks_reset
                0x10000ef4       0x20 CMakeFiles/rpico-motor-driver.dir/C_/Users/yoshikawa/.pico-sdk/sdk/1.5.1/src/rp2_common/hardware_sync/sync.c.obj
                0x10000ef4                spin_locks_reset
 .text.next_striped_spin_lock_num
                0x10000f14       0x1c CMakeFiles/rpico-motor-driver.dir/C_/Users/yoshikawa/.pico-sdk/sdk/1.5.1/src/rp2_common/hardware_sync/sync.c.obj
                0x10000f14                next_striped_spin_lock_num
 .text.spin_lock_claim_unused
                0x10000f30       0x24 CMakeFiles/rpico-motor-driver.dir/C_/Users/yoshikawa/.pico-sdk/sdk/1.5.1/src/rp2_common/hardware_sync/sync.c.obj
                0x10000f30                spin_lock_claim_unused
 .text.set_raw_irq_handler_and_unlock
                0x10000f54       0x28 CMakeFiles/rpico-motor-driver.dir/C_/Users/yoshikawa/.pico-sdk/sdk/1.5.1/src/rp2_common/hardware_irq/irq.c.obj
 .text.resolve_branch
                0x10000f7c       0x30 CMakeFiles/rpico-motor-driver.dir/C_/Users/yoshikawa/.pico-sdk/sdk/1.5.1/src/rp2_common/hardware_irq/irq.c.obj
 .text.make_branch
                0x10000fac       0x48 CMakeFiles/rpico-motor-driver.dir/C_/Users/yoshikawa/.pico-sdk/sdk/1.5.1/src/rp2_common/hardware_irq/irq.c.obj
 .text.insert_branch_and_link
                0x10000ff4       0x40 CMakeFiles/rpico-motor-driver.dir/C_/Users/yoshikawa/.pico-sdk/sdk/1.5.1/src/rp2_common/hardware_irq/irq.c.obj
 .text.irq_is_enabled
                0x10001034       0x18 CMakeFiles/rpico-motor-driver.dir/C_/Users/yoshikawa/.pico-sdk/sdk/1.5.1/src/rp2_common/hardware_irq/irq.c.obj
                0x10001034                irq_is_enabled
 .text.irq_set_mask_enabled
                0x1000104c       0x20 CMakeFiles/rpico-motor-driver.dir/C_/Users/yoshikawa/.pico-sdk/sdk/1.5.1/src/rp2_common/hardware_irq/irq.c.obj
                0x1000104c                irq_set_mask_enabled
 .text.irq_set_enabled
                0x1000106c        0xe CMakeFiles/rpico-motor-driver.dir/C_/Users/yoshikawa/.pico-sdk/sdk/1.5.1/src/rp2_common/hardware_irq/irq.c.obj
                0x1000106c                irq_set_enabled
 *fill*         0x1000107a        0x2 
 .text.irq_set_pending
                0x1000107c       0x10 CMakeFiles/rpico-motor-driver.dir/C_/Users/yoshikawa/.pico-sdk/sdk/1.5.1/src/rp2_common/hardware_irq/irq.c.obj
                0x1000107c                irq_set_pending
 .text.irq_get_vtable_handler
                0x1000108c       0x10 CMakeFiles/rpico-motor-driver.dir/C_/Users/yoshikawa/.pico-sdk/sdk/1.5.1/src/rp2_common/hardware_irq/irq.c.obj
                0x1000108c                irq_get_vtable_handler
 .text.irq_has_shared_handler
                0x1000109c       0x24 CMakeFiles/rpico-motor-driver.dir/C_/Users/yoshikawa/.pico-sdk/sdk/1.5.1/src/rp2_common/hardware_irq/irq.c.obj
                0x1000109c                irq_has_shared_handler
 .text.irq_set_exclusive_handler
                0x100010c0       0x54 CMakeFiles/rpico-motor-driver.dir/C_/Users/yoshikawa/.pico-sdk/sdk/1.5.1/src/rp2_common/hardware_irq/irq.c.obj
                0x100010c0                irq_set_exclusive_handler
 .text.irq_add_shared_handler
                0x10001114      0x210 CMakeFiles/rpico-motor-driver.dir/C_/Users/yoshikawa/.pico-sdk/sdk/1.5.1/src/rp2_common/hardware_irq/irq.c.obj
                0x10001114                irq_add_shared_handler
 .text.irq_remove_handler
                0x10001324      0x188 CMakeFiles/rpico-motor-driver.dir/C_/Users/yoshikawa/.pico-sdk/sdk/1.5.1/src/rp2_common/hardware_irq/irq.c.obj
                0x10001324                irq_remove_handler
 .text.irq_add_tail_to_free_list
                0x100014ac       0xf0 CMakeFiles/rpico-motor-driver.dir/C_/Users/yoshikawa/.pico-sdk/sdk/1.5.1/src/rp2_common/hardware_irq/irq.c.obj
                0x100014ac                irq_add_tail_to_free_list
 .text.irq_init_priorities
                0x1000159c       0x1c CMakeFiles/rpico-motor-driver.dir/C_/Users/yoshikawa/.pico-sdk/sdk/1.5.1/src/rp2_common/hardware_irq/irq.c.obj
                0x1000159c                irq_init_priorities
 .text.user_irq_claim_unused
                0x100015b8       0x2c CMakeFiles/rpico-motor-driver.dir/C_/Users/yoshikawa/.pico-sdk/sdk/1.5.1/src/rp2_common/hardware_irq/irq.c.obj
                0x100015b8                user_irq_claim_unused
 .text.lock_init
                0x100015e4       0x10 CMakeFiles/rpico-motor-driver.dir/C_/Users/yoshikawa/.pico-sdk/sdk/1.5.1/src/common/pico_sync/lock_core.c.obj
                0x100015e4                lock_init
 .text.update_us_since_boot
                0x100015f4       0x24 CMakeFiles/rpico-motor-driver.dir/C_/Users/yoshikawa/.pico-sdk/sdk/1.5.1/src/common/pico_sync/mutex.c.obj
 .text.delayed_by_ms
                0x10001618       0x44 CMakeFiles/rpico-motor-driver.dir/C_/Users/yoshikawa/.pico-sdk/sdk/1.5.1/src/common/pico_sync/mutex.c.obj
 .text.get_absolute_time
                0x1000165c       0x22 CMakeFiles/rpico-motor-driver.dir/C_/Users/yoshikawa/.pico-sdk/sdk/1.5.1/src/common/pico_sync/mutex.c.obj
 .text.make_timeout_time_ms
                0x1000167e       0x20 CMakeFiles/rpico-motor-driver.dir/C_/Users/yoshikawa/.pico-sdk/sdk/1.5.1/src/common/pico_sync/mutex.c.obj
 .text.mutex_init
                0x1000169e       0x1a CMakeFiles/rpico-motor-driver.dir/C_/Users/yoshikawa/.pico-sdk/sdk/1.5.1/src/common/pico_sync/mutex.c.obj
                0x1000169e                mutex_init
 .text.recursive_mutex_init
                0x100016b8       0x1e CMakeFiles/rpico-motor-driver.dir/C_/Users/yoshikawa/.pico-sdk/sdk/1.5.1/src/common/pico_sync/mutex.c.obj
                0x100016b8                recursive_mutex_init
 *fill*         0x100016d6        0x2 
 .text.critical_section_init_with_lock_num
                0x100016d8       0x14 CMakeFiles/rpico-motor-driver.dir/C_/Users/yoshikawa/.pico-sdk/sdk/1.5.1/src/common/pico_sync/critical_section.c.obj
                0x100016d8                critical_section_init_with_lock_num
 .text.critical_section_init
                0x100016ec       0x14 CMakeFiles/rpico-motor-driver.dir/C_/Users/yoshikawa/.pico-sdk/sdk/1.5.1/src/common/pico_sync/critical_section.c.obj
                0x100016ec                critical_section_init
 .text.time_reached
                0x10001700       0x28 CMakeFiles/rpico-motor-driver.dir/C_/Users/yoshikawa/.pico-sdk/sdk/1.5.1/src/common/pico_time/time.c.obj
 .text.get_entry
                0x10001728       0x38 CMakeFiles/rpico-motor-driver.dir/C_/Users/yoshikawa/.pico-sdk/sdk/1.5.1/src/common/pico_time/time.c.obj
 .text.timer_pool_entry_comparator
                0x10001760       0x2e CMakeFiles/rpico-motor-driver.dir/C_/Users/yoshikawa/.pico-sdk/sdk/1.5.1/src/common/pico_time/time.c.obj
                0x10001760                timer_pool_entry_comparator
 *fill*         0x1000178e        0x2 
 .text.update_us_since_boot
                0x10001790       0x24 CMakeFiles/rpico-motor-driver.dir/C_/Users/yoshikawa/.pico-sdk/sdk/1.5.1/src/common/pico_time/time.c.obj
 .text.delayed_by_us
                0x100017b4       0x34 CMakeFiles/rpico-motor-driver.dir/C_/Users/yoshikawa/.pico-sdk/sdk/1.5.1/src/common/pico_time/time.c.obj
 .text.ph_get_node
                0x100017e8       0x30 CMakeFiles/rpico-motor-driver.dir/C_/Users/yoshikawa/.pico-sdk/sdk/1.5.1/src/common/pico_time/time.c.obj
 .text.ph_contains_node
                0x10001818       0x1e CMakeFiles/rpico-motor-driver.dir/C_/Users/yoshikawa/.pico-sdk/sdk/1.5.1/src/common/pico_time/time.c.obj
 .text.ph_new_node
                0x10001836       0x28 CMakeFiles/rpico-motor-driver.dir/C_/Users/yoshikawa/.pico-sdk/sdk/1.5.1/src/common/pico_time/time.c.obj
 *fill*         0x1000185e        0x2 
 .text.ph_add_child_node
                0x10001860       0x6c CMakeFiles/rpico-motor-driver.dir/C_/Users/yoshikawa/.pico-sdk/sdk/1.5.1/src/common/pico_time/time.c.obj
 .text.ph_merge_nodes
                0x100018cc       0x3e CMakeFiles/rpico-motor-driver.dir/C_/Users/yoshikawa/.pico-sdk/sdk/1.5.1/src/common/pico_time/time.c.obj
 *fill*         0x1000190a        0x2 
 .text.ph_insert_node
                0x1000190c       0x3c CMakeFiles/rpico-motor-driver.dir/C_/Users/yoshikawa/.pico-sdk/sdk/1.5.1/src/common/pico_time/time.c.obj
 .text.ph_free_node
                0x10001948       0x5c CMakeFiles/rpico-motor-driver.dir/C_/Users/yoshikawa/.pico-sdk/sdk/1.5.1/src/common/pico_time/time.c.obj
 .text.get_entry_id_high
                0x100019a4       0x30 CMakeFiles/rpico-motor-driver.dir/C_/Users/yoshikawa/.pico-sdk/sdk/1.5.1/src/common/pico_time/time.c.obj
 .text.repeating_timer_callback
                0x100019d4       0x40 CMakeFiles/rpico-motor-driver.dir/C_/Users/yoshikawa/.pico-sdk/sdk/1.5.1/src/common/pico_time/time.c.obj
 .text.alarm_pool_post_alloc_init
                0x10001a14       0x40 CMakeFiles/rpico-motor-driver.dir/C_/Users/yoshikawa/.pico-sdk/sdk/1.5.1/src/common/pico_time/time.c.obj
 .text.sleep_until_callback
                0x10001a54       0x30 CMakeFiles/rpico-motor-driver.dir/C_/Users/yoshikawa/.pico-sdk/sdk/1.5.1/src/common/pico_time/time.c.obj
 .text.get_absolute_time
                0x10001a84       0x22 CMakeFiles/rpico-motor-driver.dir/C_/Users/yoshikawa/.pico-sdk/sdk/1.5.1/src/common/pico_time/time.c.obj
 .text.make_timeout_time_us
                0x10001aa6       0x24 CMakeFiles/rpico-motor-driver.dir/C_/Users/yoshikawa/.pico-sdk/sdk/1.5.1/src/common/pico_time/time.c.obj
 *fill*         0x10001aca        0x2 
 .text.add_alarm_under_lock
                0x10001acc       0x94 CMakeFiles/rpico-motor-driver.dir/C_/Users/yoshikawa/.pico-sdk/sdk/1.5.1/src/common/pico_time/time.c.obj
 .text.alarm_pool_alarm_callback
                0x10001b60      0x210 CMakeFiles/rpico-motor-driver.dir/C_/Users/yoshikawa/.pico-sdk/sdk/1.5.1/src/common/pico_time/time.c.obj
 .text.alarm_pool_init_default
                0x10001d70       0x40 CMakeFiles/rpico-motor-driver.dir/C_/Users/yoshikawa/.pico-sdk/sdk/1.5.1/src/common/pico_time/time.c.obj
                0x10001d70                alarm_pool_init_default
 .text.alarm_pool_get_default
                0x10001db0       0x2c CMakeFiles/rpico-motor-driver.dir/C_/Users/yoshikawa/.pico-sdk/sdk/1.5.1/src/common/pico_time/time.c.obj
                0x10001db0                alarm_pool_get_default
 .text.alarm_pool_add_alarm_at
                0x10001ddc      0x10e CMakeFiles/rpico-motor-driver.dir/C_/Users/yoshikawa/.pico-sdk/sdk/1.5.1/src/common/pico_time/time.c.obj
                0x10001ddc                alarm_pool_add_alarm_at
 .text.add_alarm_at
                0x10001eea       0x2e CMakeFiles/rpico-motor-driver.dir/C_/Users/yoshikawa/.pico-sdk/sdk/1.5.1/src/common/pico_time/time.c.obj
 .text.alarm_pool_cancel_alarm
                0x10001f18       0xa8 CMakeFiles/rpico-motor-driver.dir/C_/Users/yoshikawa/.pico-sdk/sdk/1.5.1/src/common/pico_time/time.c.obj
                0x10001f18                alarm_pool_cancel_alarm
 .text.cancel_alarm
                0x10001fc0       0x10 CMakeFiles/rpico-motor-driver.dir/C_/Users/yoshikawa/.pico-sdk/sdk/1.5.1/src/common/pico_time/time.c.obj
 .text.alarm_pool_core_num
                0x10001fd0        0x4 CMakeFiles/rpico-motor-driver.dir/C_/Users/yoshikawa/.pico-sdk/sdk/1.5.1/src/common/pico_time/time.c.obj
                0x10001fd0                alarm_pool_core_num
 .text.alarm_pool_add_repeating_timer_us
                0x10001fd4       0x5c CMakeFiles/rpico-motor-driver.dir/C_/Users/yoshikawa/.pico-sdk/sdk/1.5.1/src/common/pico_time/time.c.obj
                0x10001fd4                alarm_pool_add_repeating_timer_us
 .text.best_effort_wfe_or_timeout
                0x10002030       0x44 CMakeFiles/rpico-motor-driver.dir/C_/Users/yoshikawa/.pico-sdk/sdk/1.5.1/src/common/pico_time/time.c.obj
                0x10002030                best_effort_wfe_or_timeout
 .text.update_us_since_boot
                0x10002074       0x24 CMakeFiles/rpico-motor-driver.dir/C_/Users/yoshikawa/.pico-sdk/sdk/1.5.1/src/rp2_common/hardware_timer/timer.c.obj
 .text.hardware_alarm_irq_handler
                0x10002098       0x8c CMakeFiles/rpico-motor-driver.dir/C_/Users/yoshikawa/.pico-sdk/sdk/1.5.1/src/rp2_common/hardware_timer/timer.c.obj
 .text.hardware_alarm_claim
                0x10002124       0x18 CMakeFiles/rpico-motor-driver.dir/C_/Users/yoshikawa/.pico-sdk/sdk/1.5.1/src/rp2_common/hardware_timer/timer.c.obj
                0x10002124                hardware_alarm_claim
 .text.time_us_64
                0x1000213c       0x18 CMakeFiles/rpico-motor-driver.dir/C_/Users/yoshikawa/.pico-sdk/sdk/1.5.1/src/rp2_common/hardware_timer/timer.c.obj
                0x1000213c                time_us_64
 .text.busy_wait_until
                0x10002154       0x28 CMakeFiles/rpico-motor-driver.dir/C_/Users/yoshikawa/.pico-sdk/sdk/1.5.1/src/rp2_common/hardware_timer/timer.c.obj
                0x10002154                busy_wait_until
 .text.busy_wait_us
                0x1000217c       0x3a CMakeFiles/rpico-motor-driver.dir/C_/Users/yoshikawa/.pico-sdk/sdk/1.5.1/src/rp2_common/hardware_timer/timer.c.obj
                0x1000217c                busy_wait_us
 *fill*         0x100021b6        0x2 
 .text.hardware_alarm_set_callback
                0x100021b8       0x90 CMakeFiles/rpico-motor-driver.dir/C_/Users/yoshikawa/.pico-sdk/sdk/1.5.1/src/rp2_common/hardware_timer/timer.c.obj
                0x100021b8                hardware_alarm_set_callback
 .text.hardware_alarm_set_target
                0x10002248       0xe8 CMakeFiles/rpico-motor-driver.dir/C_/Users/yoshikawa/.pico-sdk/sdk/1.5.1/src/rp2_common/hardware_timer/timer.c.obj
                0x10002248                hardware_alarm_set_target
 .text.hardware_alarm_cancel
                0x10002330       0x40 CMakeFiles/rpico-motor-driver.dir/C_/Users/yoshikawa/.pico-sdk/sdk/1.5.1/src/rp2_common/hardware_timer/timer.c.obj
                0x10002330                hardware_alarm_cancel
 .text.ph_get_node
                0x10002370       0x30 CMakeFiles/rpico-motor-driver.dir/C_/Users/yoshikawa/.pico-sdk/sdk/1.5.1/src/common/pico_util/pheap.c.obj
 .text.ph_add_child_node
                0x100023a0       0x6c CMakeFiles/rpico-motor-driver.dir/C_/Users/yoshikawa/.pico-sdk/sdk/1.5.1/src/common/pico_util/pheap.c.obj
 .text.ph_merge_nodes
                0x1000240c       0x3e CMakeFiles/rpico-motor-driver.dir/C_/Users/yoshikawa/.pico-sdk/sdk/1.5.1/src/common/pico_util/pheap.c.obj
 .text.ph_clear
                0x1000244a       0x34 CMakeFiles/rpico-motor-driver.dir/C_/Users/yoshikawa/.pico-sdk/sdk/1.5.1/src/common/pico_util/pheap.c.obj
                0x1000244a                ph_clear
 .text.ph_post_alloc_init
                0x1000247e        0xe CMakeFiles/rpico-motor-driver.dir/C_/Users/yoshikawa/.pico-sdk/sdk/1.5.1/src/common/pico_util/pheap.c.obj
                0x1000247e                ph_post_alloc_init
 .text.ph_merge_two_pass
                0x1000248c       0x5c CMakeFiles/rpico-motor-driver.dir/C_/Users/yoshikawa/.pico-sdk/sdk/1.5.1/src/common/pico_util/pheap.c.obj
                0x1000248c                ph_merge_two_pass
 .text.ph_remove_any_head
                0x100024e8       0xc0 CMakeFiles/rpico-motor-driver.dir/C_/Users/yoshikawa/.pico-sdk/sdk/1.5.1/src/common/pico_util/pheap.c.obj
 .text.ph_remove_head
                0x100025a8       0x14 CMakeFiles/rpico-motor-driver.dir/C_/Users/yoshikawa/.pico-sdk/sdk/1.5.1/src/common/pico_util/pheap.c.obj
                0x100025a8                ph_remove_head
 .text.ph_remove_and_free_node
                0x100025bc       0xa0 CMakeFiles/rpico-motor-driver.dir/C_/Users/yoshikawa/.pico-sdk/sdk/1.5.1/src/common/pico_util/pheap.c.obj
                0x100025bc                ph_remove_and_free_node
 .text.clock_configure
                0x1000265c      0x108 CMakeFiles/rpico-motor-driver.dir/C_/Users/yoshikawa/.pico-sdk/sdk/1.5.1/src/rp2_common/hardware_clocks/clocks.c.obj
                0x1000265c                clock_configure
 .text.clocks_init
                0x10002764      0x100 CMakeFiles/rpico-motor-driver.dir/C_/Users/yoshikawa/.pico-sdk/sdk/1.5.1/src/rp2_common/hardware_clocks/clocks.c.obj
                0x10002764                clocks_init
 .text.pll_init
                0x10002864      0x120 CMakeFiles/rpico-motor-driver.dir/C_/Users/yoshikawa/.pico-sdk/sdk/1.5.1/src/rp2_common/hardware_pll/pll.c.obj
                0x10002864                pll_init
 .text.watchdog_start_tick
                0x10002984       0x10 CMakeFiles/rpico-motor-driver.dir/C_/Users/yoshikawa/.pico-sdk/sdk/1.5.1/src/rp2_common/hardware_watchdog/watchdog.c.obj
                0x10002984                watchdog_start_tick
 .text.watchdog_update
                0x10002994       0x14 CMakeFiles/rpico-motor-driver.dir/C_/Users/yoshikawa/.pico-sdk/sdk/1.5.1/src/rp2_common/hardware_watchdog/watchdog.c.obj
                0x10002994                watchdog_update
 .text._watchdog_enable
                0x100029a8       0x78 CMakeFiles/rpico-motor-driver.dir/C_/Users/yoshikawa/.pico-sdk/sdk/1.5.1/src/rp2_common/hardware_watchdog/watchdog.c.obj
                0x100029a8                _watchdog_enable
 .text.watchdog_reboot
                0x10002a20       0x48 CMakeFiles/rpico-motor-driver.dir/C_/Users/yoshikawa/.pico-sdk/sdk/1.5.1/src/rp2_common/hardware_watchdog/watchdog.c.obj
                0x10002a20                watchdog_reboot
 .text.xosc_init
                0x10002a68       0x28 CMakeFiles/rpico-motor-driver.dir/C_/Users/yoshikawa/.pico-sdk/sdk/1.5.1/src/rp2_common/hardware_xosc/xosc.c.obj
                0x10002a68                xosc_init
 .text._exit    0x10002a90        0x4 CMakeFiles/rpico-motor-driver.dir/C_/Users/yoshikawa/.pico-sdk/sdk/1.5.1/src/rp2_common/pico_runtime/runtime.c.obj
                0x10002a90                _exit
 .text._sbrk    0x10002a94       0x38 CMakeFiles/rpico-motor-driver.dir/C_/Users/yoshikawa/.pico-sdk/sdk/1.5.1/src/rp2_common/pico_runtime/runtime.c.obj
                0x10002a94                _sbrk
 .text.exit     0x10002acc        0x6 CMakeFiles/rpico-motor-driver.dir/C_/Users/yoshikawa/.pico-sdk/sdk/1.5.1/src/rp2_common/pico_runtime/runtime.c.obj
                0x10002acc                exit
 *fill*         0x10002ad2        0x2 
 .text.__assert_func
                0x10002ad4       0x38 CMakeFiles/rpico-motor-driver.dir/C_/Users/yoshikawa/.pico-sdk/sdk/1.5.1/src/rp2_common/pico_runtime/runtime.c.obj
                0x10002ad4                __assert_func
 .text.runtime_init
                0x10002b0c       0xf8 CMakeFiles/rpico-motor-driver.dir/C_/Users/yoshikawa/.pico-sdk/sdk/1.5.1/src/rp2_common/pico_runtime/runtime.c.obj
                0x10002b0c                runtime_init
 .text.panic    0x10002c04       0x30 CMakeFiles/rpico-motor-driver.dir/C_/Users/yoshikawa/.pico-sdk/sdk/1.5.1/src/rp2_common/pico_runtime/runtime.c.obj
                0x10002c04                panic
 .text._out_buffer
                0x10002c34        0x8 CMakeFiles/rpico-motor-driver.dir/C_/Users/yoshikawa/.pico-sdk/sdk/1.5.1/src/rp2_common/pico_printf/printf.c.obj
 .text._out_null
                0x10002c3c        0x2 CMakeFiles/rpico-motor-driver.dir/C_/Users/yoshikawa/.pico-sdk/sdk/1.5.1/src/rp2_common/pico_printf/printf.c.obj
 .text._out_fct
                0x10002c3e        0xe CMakeFiles/rpico-motor-driver.dir/C_/Users/yoshikawa/.pico-sdk/sdk/1.5.1/src/rp2_common/pico_printf/printf.c.obj
 .text._atoi    0x10002c4c       0x24 CMakeFiles/rpico-motor-driver.dir/C_/Users/yoshikawa/.pico-sdk/sdk/1.5.1/src/rp2_common/pico_printf/printf.c.obj
 .text._out_rev
                0x10002c70       0xae CMakeFiles/rpico-motor-driver.dir/C_/Users/yoshikawa/.pico-sdk/sdk/1.5.1/src/rp2_common/pico_printf/printf.c.obj
 .text._ntoa_format
                0x10002d1e      0x110 CMakeFiles/rpico-motor-driver.dir/C_/Users/yoshikawa/.pico-sdk/sdk/1.5.1/src/rp2_common/pico_printf/printf.c.obj
 .text._ntoa_long
                0x10002e2e       0xbc CMakeFiles/rpico-motor-driver.dir/C_/Users/yoshikawa/.pico-sdk/sdk/1.5.1/src/rp2_common/pico_printf/printf.c.obj
 .text._ntoa_long_long
                0x10002eea      0x10e CMakeFiles/rpico-motor-driver.dir/C_/Users/yoshikawa/.pico-sdk/sdk/1.5.1/src/rp2_common/pico_printf/printf.c.obj
 .text._etoa    0x10002ff8      0x420 CMakeFiles/rpico-motor-driver.dir/C_/Users/yoshikawa/.pico-sdk/sdk/1.5.1/src/rp2_common/pico_printf/printf.c.obj
 .text._ftoa    0x10003418      0x354 CMakeFiles/rpico-motor-driver.dir/C_/Users/yoshikawa/.pico-sdk/sdk/1.5.1/src/rp2_common/pico_printf/printf.c.obj
 .text._vsnprintf
                0x1000376c      0x668 CMakeFiles/rpico-motor-driver.dir/C_/Users/yoshikawa/.pico-sdk/sdk/1.5.1/src/rp2_common/pico_printf/printf.c.obj
 .text.__wrap_sprintf
                0x10003dd4       0x2c CMakeFiles/rpico-motor-driver.dir/C_/Users/yoshikawa/.pico-sdk/sdk/1.5.1/src/rp2_common/pico_printf/printf.c.obj
                0x10003dd4                __wrap_sprintf
 .text.vfctprintf
                0x10003e00       0x20 CMakeFiles/rpico-motor-driver.dir/C_/Users/yoshikawa/.pico-sdk/sdk/1.5.1/src/rp2_common/pico_printf/printf.c.obj
                0x10003e00                vfctprintf
 .text          0x10003e20       0x10 CMakeFiles/rpico-motor-driver.dir/C_/Users/yoshikawa/.pico-sdk/sdk/1.5.1/src/rp2_common/pico_bit_ops/bit_ops_aeabi.S.obj
 .text.rom_func_lookup
                0x10003e30       0x10 CMakeFiles/rpico-motor-driver.dir/C_/Users/yoshikawa/.pico-sdk/sdk/1.5.1/src/rp2_common/pico_bootrom/bootrom.c.obj
                0x10003e30                rom_func_lookup
 .text.rom_data_lookup
                0x10003e40       0x10 CMakeFiles/rpico-motor-driver.dir/C_/Users/yoshikawa/.pico-sdk/sdk/1.5.1/src/rp2_common/pico_bootrom/bootrom.c.obj
                0x10003e40                rom_data_lookup
 .text.rom_funcs_lookup
                0x10003e50       0x36 CMakeFiles/rpico-motor-driver.dir/C_/Users/yoshikawa/.pico-sdk/sdk/1.5.1/src/rp2_common/pico_bootrom/bootrom.c.obj
                0x10003e50                rom_funcs_lookup
 *fill*         0x10003e86        0x2 
 .text.__wrap___aeabi_idiv
                0x10003e88       0x50 CMakeFiles/rpico-motor-driver.dir/C_/Users/yoshikawa/.pico-sdk/sdk/1.5.1/src/rp2_common/pico_divider/divider.S.obj
                0x10003e88                __wrap___aeabi_idivmod
                0x10003e88                divmod_s32s32
                0x10003e88                div_s32s32
                0x10003e88                __wrap___aeabi_idiv
                0x10003e90                divmod_s32s32_unsafe
                0x10003ebc                divmod_s32s32_savestate
 .text.__wrap___aeabi_uidiv
                0x10003ed8       0x4c CMakeFiles/rpico-motor-driver.dir/C_/Users/yoshikawa/.pico-sdk/sdk/1.5.1/src/rp2_common/pico_divider/divider.S.obj
                0x10003ed8                __wrap___aeabi_uidiv
                0x10003ed8                __wrap___aeabi_uidivmod
                0x10003ed8                div_u32u32
                0x10003ed8                divmod_u32u32
                0x10003ee0                divmod_u32u32_unsafe
                0x10003f08                divmod_u32u32_savestate
 .text.__wrap___aeabi_ldiv
                0x10003f24      0x424 CMakeFiles/rpico-motor-driver.dir/C_/Users/yoshikawa/.pico-sdk/sdk/1.5.1/src/rp2_common/pico_divider/divider.S.obj
                0x10003f24                div_s64s64
                0x10003f24                divmod_s64s64
                0x10003f24                __wrap___aeabi_ldivmod
                0x10003f54                divmod_u64u64
                0x10003f54                div_u64u64
                0x10003f54                __wrap___aeabi_uldivmod
                0x10003f64                divmod_u64u64_savestate
                0x10003f84                divmod_s64s64_unsafe
                0x1000400c                divmod_u64u64_unsafe
 .text.__wrap___aeabi_darithmetic
                0x10004348       0x80 CMakeFiles/rpico-motor-driver.dir/C_/Users/yoshikawa/.pico-sdk/sdk/1.5.1/src/rp2_common/pico_double/double_aeabi.S.obj
                0x10004348                __wrap___aeabi_drsub
                0x1000434e                __wrap___aeabi_dsub
                0x10004360                __wrap___aeabi_dadd
                0x10004372                __wrap___aeabi_ddiv
                0x100043ae                __wrap___aeabi_dmul
 .text.__wrap___aeabi_cdcmple
                0x100043c8       0x6c CMakeFiles/rpico-motor-driver.dir/C_/Users/yoshikawa/.pico-sdk/sdk/1.5.1/src/rp2_common/pico_double/double_aeabi.S.obj
                0x100043c8                __wrap___aeabi_cdrcmple
                0x100043d8                __wrap___aeabi_cdcmpeq
                0x100043d8                __wrap___aeabi_cdcmple
 .text.__wrap___aeabi_dcmpeq
                0x10004434       0x10 CMakeFiles/rpico-motor-driver.dir/C_/Users/yoshikawa/.pico-sdk/sdk/1.5.1/src/rp2_common/pico_double/double_aeabi.S.obj
                0x10004434                __wrap___aeabi_dcmpeq
 .text.__wrap___aeabi_dcmplt
                0x10004444        0xc CMakeFiles/rpico-motor-driver.dir/C_/Users/yoshikawa/.pico-sdk/sdk/1.5.1/src/rp2_common/pico_double/double_aeabi.S.obj
                0x10004444                __wrap___aeabi_dcmplt
 .text.__wrap___aeabi_dcmple
                0x10004450       0x10 CMakeFiles/rpico-motor-driver.dir/C_/Users/yoshikawa/.pico-sdk/sdk/1.5.1/src/rp2_common/pico_double/double_aeabi.S.obj
                0x10004450                __wrap___aeabi_dcmple
 .text.__wrap___aeabi_dcmpge
                0x10004460       0x10 CMakeFiles/rpico-motor-driver.dir/C_/Users/yoshikawa/.pico-sdk/sdk/1.5.1/src/rp2_common/pico_double/double_aeabi.S.obj
                0x10004460                __wrap___aeabi_dcmpge
 .text.__wrap___aeabi_dcmpgt
                0x10004470        0xa CMakeFiles/rpico-motor-driver.dir/C_/Users/yoshikawa/.pico-sdk/sdk/1.5.1/src/rp2_common/pico_double/double_aeabi.S.obj
                0x10004470                __wrap___aeabi_dcmpgt
 .text.__wrap___aeabi_dcmpun
                0x1000447a       0x1c CMakeFiles/rpico-motor-driver.dir/C_/Users/yoshikawa/.pico-sdk/sdk/1.5.1/src/rp2_common/pico_double/double_aeabi.S.obj
                0x1000447a                __wrap___aeabi_dcmpun
 *fill*         0x10004496        0x2 
 .text.__wrap___aeabi_i2d
                0x10004498       0x38 CMakeFiles/rpico-motor-driver.dir/C_/Users/yoshikawa/.pico-sdk/sdk/1.5.1/src/rp2_common/pico_double/double_aeabi.S.obj
                0x10004498                __wrap___aeabi_ui2d
                0x100044a0                __wrap___aeabi_i2d
 .text.__wrap___aeabi_d2iz
                0x100044d0       0x48 CMakeFiles/rpico-motor-driver.dir/C_/Users/yoshikawa/.pico-sdk/sdk/1.5.1/src/rp2_common/pico_double/double_aeabi.S.obj
                0x100044d0                double2int_z
                0x100044d0                __wrap___aeabi_d2iz
 .text.__wrap___aeabi_d2uiz
                0x10004518       0x18 CMakeFiles/rpico-motor-driver.dir/C_/Users/yoshikawa/.pico-sdk/sdk/1.5.1/src/rp2_common/pico_double/double_aeabi.S.obj
                0x10004518                __wrap___aeabi_d2uiz
                0x10004518                double2uint
 .text.__wrap___aeabi_l2d
                0x10004530       0x18 CMakeFiles/rpico-motor-driver.dir/C_/Users/yoshikawa/.pico-sdk/sdk/1.5.1/src/rp2_common/pico_double/double_aeabi.S.obj
                0x10004530                __wrap___aeabi_l2d
 .text.__wrap___aeabi_d2lz
                0x10004548       0x26 CMakeFiles/rpico-motor-driver.dir/C_/Users/yoshikawa/.pico-sdk/sdk/1.5.1/src/rp2_common/pico_double/double_aeabi.S.obj
                0x10004548                double2int64_z
                0x10004548                __wrap___aeabi_d2lz
 *fill*         0x1000456e        0x2 
 .text.double2int64
                0x10004570       0x18 CMakeFiles/rpico-motor-driver.dir/C_/Users/yoshikawa/.pico-sdk/sdk/1.5.1/src/rp2_common/pico_double/double_aeabi.S.obj
                0x10004570                double2int64
 .text.double2ufix64
                0x10004588       0x18 CMakeFiles/rpico-motor-driver.dir/C_/Users/yoshikawa/.pico-sdk/sdk/1.5.1/src/rp2_common/pico_double/double_aeabi.S.obj
                0x10004588                double2ufix64
 .text.__wrap___aeabi_d2f
                0x100045a0       0x18 CMakeFiles/rpico-motor-driver.dir/C_/Users/yoshikawa/.pico-sdk/sdk/1.5.1/src/rp2_common/pico_double/double_aeabi.S.obj
                0x100045a0                __wrap___aeabi_d2f
 .text.__aeabi_double_init
                0x100045b8       0xcc CMakeFiles/rpico-motor-driver.dir/C_/Users/yoshikawa/.pico-sdk/sdk/1.5.1/src/rp2_common/pico_double/double_init_rom.c.obj
                0x100045b8                __aeabi_double_init
 .text.double_table_shim_on_use_helper
                0x10004684       0x34 CMakeFiles/rpico-motor-driver.dir/C_/Users/yoshikawa/.pico-sdk/sdk/1.5.1/src/rp2_common/pico_double/double_v1_rom_shim.S.obj
                0x10004684                double_table_shim_on_use_helper
 .text.__wrap___aeabi_dsub
                0x100046b8       0x10 CMakeFiles/rpico-motor-driver.dir/C_/Users/yoshikawa/.pico-sdk/sdk/1.5.1/src/rp2_common/pico_double/double_v1_rom_shim.S.obj
                0x100046b8                drsub_shim
                0x100046be                dsub_shim
 .text.dadd_shim
                0x100046c8      0x15c CMakeFiles/rpico-motor-driver.dir/C_/Users/yoshikawa/.pico-sdk/sdk/1.5.1/src/rp2_common/pico_double/double_v1_rom_shim.S.obj
                0x100046c8                dadd_shim
 .text.dmul_shim
                0x10004824      0x15c CMakeFiles/rpico-motor-driver.dir/C_/Users/yoshikawa/.pico-sdk/sdk/1.5.1/src/rp2_common/pico_double/double_v1_rom_shim.S.obj
                0x10004824                dmul_shim
 .text.ddiv_shim
                0x10004980      0x1b0 CMakeFiles/rpico-motor-driver.dir/C_/Users/yoshikawa/.pico-sdk/sdk/1.5.1/src/rp2_common/pico_double/double_v1_rom_shim.S.obj
                0x10004980                ddiv_shim
 .text.double2uint_shim
                0x10004b30        0xe CMakeFiles/rpico-motor-driver.dir/C_/Users/yoshikawa/.pico-sdk/sdk/1.5.1/src/rp2_common/pico_double/double_v1_rom_shim.S.obj
                0x10004b30                double2uint_shim
                0x10004b32                double2ufix_shim
 .text.double2int64_shim
                0x10004b3e       0x1a CMakeFiles/rpico-motor-driver.dir/C_/Users/yoshikawa/.pico-sdk/sdk/1.5.1/src/rp2_common/pico_double/double_v1_rom_shim.S.obj
                0x10004b3e                double2int64_shim
                0x10004b40                double2fix64_shim
 .text.double2uint64_shim
                0x10004b58       0x70 CMakeFiles/rpico-motor-driver.dir/C_/Users/yoshikawa/.pico-sdk/sdk/1.5.1/src/rp2_common/pico_double/double_v1_rom_shim.S.obj
                0x10004b58                double2uint64_shim
                0x10004b5a                double2ufix64_shim
                0x10004b7a                d2fix_a
 .text.double2float_shim
                0x10004bc8       0x5c CMakeFiles/rpico-motor-driver.dir/C_/Users/yoshikawa/.pico-sdk/sdk/1.5.1/src/rp2_common/pico_double/double_v1_rom_shim.S.obj
                0x10004bc8                double2float_shim
 .text.x2double_shims
                0x10004c24       0x90 CMakeFiles/rpico-motor-driver.dir/C_/Users/yoshikawa/.pico-sdk/sdk/1.5.1/src/rp2_common/pico_double/double_v1_rom_shim.S.obj
                0x10004c24                uint2double_shim
                0x10004c26                ufix2double_shim
                0x10004c2c                int2double_shim
                0x10004c2e                fix2double_shim
                0x10004c34                uint642double_shim
                0x10004c36                ufix642double_shim
                0x10004c3c                int642double_shim
                0x10004c3e                fix642double_shim
 .text.dunpacks
                0x10004cb4       0x3c CMakeFiles/rpico-motor-driver.dir/C_/Users/yoshikawa/.pico-sdk/sdk/1.5.1/src/rp2_common/pico_double/double_v1_rom_shim.S.obj
                0x10004cb4                dunpacks
 .text.__aeabi_lmul
                0x10004cf0       0x32 CMakeFiles/rpico-motor-driver.dir/C_/Users/yoshikawa/.pico-sdk/sdk/1.5.1/src/rp2_common/pico_int64_ops/pico_int64_ops_aeabi.S.obj
                0x10004cf0                __wrap___aeabi_lmul
 *fill*         0x10004d22        0x2 
 .text.__wrap___aeabi_farithmetic
                0x10004d24       0x58 CMakeFiles/rpico-motor-driver.dir/C_/Users/yoshikawa/.pico-sdk/sdk/1.5.1/src/rp2_common/pico_float/float_aeabi.S.obj
                0x10004d24                __wrap___aeabi_frsub
                0x10004d2a                __wrap___aeabi_fsub
                0x10004d34                __wrap___aeabi_fadd
                0x10004d3e                __wrap___aeabi_fdiv
                0x10004d6a                __wrap___aeabi_fmul
 .text.__wrap___aeabi_cfcmple
                0x10004d7c       0x50 CMakeFiles/rpico-motor-driver.dir/C_/Users/yoshikawa/.pico-sdk/sdk/1.5.1/src/rp2_common/pico_float/float_aeabi.S.obj
                0x10004d7c                __wrap___aeabi_cfrcmple
                0x10004d88                __wrap___aeabi_cfcmple
                0x10004d88                __wrap___aeabi_cfcmpeq
 .text.__wrap___aeabi_fcmpeq
                0x10004dcc       0x10 CMakeFiles/rpico-motor-driver.dir/C_/Users/yoshikawa/.pico-sdk/sdk/1.5.1/src/rp2_common/pico_float/float_aeabi.S.obj
                0x10004dcc                __wrap___aeabi_fcmpeq
 .text.__wrap___aeabi_fcmplt
                0x10004ddc        0xc CMakeFiles/rpico-motor-driver.dir/C_/Users/yoshikawa/.pico-sdk/sdk/1.5.1/src/rp2_common/pico_float/float_aeabi.S.obj
                0x10004ddc                __wrap___aeabi_fcmplt
 .text.__wrap___aeabi_fcmpgt
                0x10004de8        0xa CMakeFiles/rpico-motor-driver.dir/C_/Users/yoshikawa/.pico-sdk/sdk/1.5.1/src/rp2_common/pico_float/float_aeabi.S.obj
                0x10004de8                __wrap___aeabi_fcmpgt
 *fill*         0x10004df2        0x2 
 .text.__wrap___aeabi_i2f
                0x10004df4       0x44 CMakeFiles/rpico-motor-driver.dir/C_/Users/yoshikawa/.pico-sdk/sdk/1.5.1/src/rp2_common/pico_float/float_aeabi.S.obj
                0x10004df4                __wrap___aeabi_i2f
 .text.__wrap___aeabi_f2uiz
                0x10004e38       0x10 CMakeFiles/rpico-motor-driver.dir/C_/Users/yoshikawa/.pico-sdk/sdk/1.5.1/src/rp2_common/pico_float/float_aeabi.S.obj
                0x10004e38                __wrap___aeabi_f2uiz
 .text.__wrap___aeabi_f2d
                0x10004e48       0x14 CMakeFiles/rpico-motor-driver.dir/C_/Users/yoshikawa/.pico-sdk/sdk/1.5.1/src/rp2_common/pico_float/float_aeabi.S.obj
                0x10004e48                __wrap___aeabi_f2d
 .text.__aeabi_float_init
                0x10004e5c       0xfc CMakeFiles/rpico-motor-driver.dir/C_/Users/yoshikawa/.pico-sdk/sdk/1.5.1/src/rp2_common/pico_float/float_init_rom.c.obj
                0x10004e5c                __aeabi_float_init
 .text.float_table_shim_on_use_helper
                0x10004f58       0x34 CMakeFiles/rpico-motor-driver.dir/C_/Users/yoshikawa/.pico-sdk/sdk/1.5.1/src/rp2_common/pico_float/float_v1_rom_shim.S.obj
                0x10004f58                float_table_shim_on_use_helper
 .text.float2double_shim
                0x10004f8c       0x30 CMakeFiles/rpico-motor-driver.dir/C_/Users/yoshikawa/.pico-sdk/sdk/1.5.1/src/rp2_common/pico_float/float_v1_rom_shim.S.obj
                0x10004f8c                float2double_shim
 .text.check_alloc
                0x10004fbc       0x20 CMakeFiles/rpico-motor-driver.dir/C_/Users/yoshikawa/.pico-sdk/sdk/1.5.1/src/rp2_common/pico_malloc/pico_malloc.c.obj
 .text.__wrap_malloc
                0x10004fdc       0x14 CMakeFiles/rpico-motor-driver.dir/C_/Users/yoshikawa/.pico-sdk/sdk/1.5.1/src/rp2_common/pico_malloc/pico_malloc.c.obj
                0x10004fdc                __wrap_malloc
 .text.__wrap_realloc
                0x10004ff0       0x14 CMakeFiles/rpico-motor-driver.dir/C_/Users/yoshikawa/.pico-sdk/sdk/1.5.1/src/rp2_common/pico_malloc/pico_malloc.c.obj
                0x10004ff0                __wrap_realloc
 .text.__wrap_free
                0x10005004        0x8 CMakeFiles/rpico-motor-driver.dir/C_/Users/yoshikawa/.pico-sdk/sdk/1.5.1/src/rp2_common/pico_malloc/pico_malloc.c.obj
                0x10005004                __wrap_free
 .text          0x1000500c       0x10 CMakeFiles/rpico-motor-driver.dir/C_/Users/yoshikawa/.pico-sdk/sdk/1.5.1/src/rp2_common/pico_mem_ops/mem_ops_aeabi.S.obj
                0x1000500c                __aeabi_mem_init
 .text.memset   0x1000501c        0xc CMakeFiles/rpico-motor-driver.dir/C_/Users/yoshikawa/.pico-sdk/sdk/1.5.1/src/rp2_common/pico_mem_ops/mem_ops_aeabi.S.obj
                0x1000501c                __wrap_memset
 .text.memcpy   0x10005028        0xc CMakeFiles/rpico-motor-driver.dir/C_/Users/yoshikawa/.pico-sdk/sdk/1.5.1/src/rp2_common/pico_mem_ops/mem_ops_aeabi.S.obj
                0x10005028                __wrap_memcpy
                0x10005028                __wrap___aeabi_memcpy
 .text.time_reached
                0x10005034       0x28 CMakeFiles/rpico-motor-driver.dir/C_/Users/yoshikawa/.pico-sdk/sdk/1.5.1/src/rp2_common/pico_stdio/stdio.c.obj
 .text.stdio_out_chars_no_crlf
                0x1000505c        0xe CMakeFiles/rpico-motor-driver.dir/C_/Users/yoshikawa/.pico-sdk/sdk/1.5.1/src/rp2_common/pico_stdio/stdio.c.obj
 *fill*         0x1000506a        0x2 
 .text.stdio_out_chars_crlf
                0x1000506c       0x80 CMakeFiles/rpico-motor-driver.dir/C_/Users/yoshikawa/.pico-sdk/sdk/1.5.1/src/rp2_common/pico_stdio/stdio.c.obj
 .text.stdio_stack_buffer_flush
                0x100050ec       0x44 CMakeFiles/rpico-motor-driver.dir/C_/Users/yoshikawa/.pico-sdk/sdk/1.5.1/src/rp2_common/pico_stdio/stdio.c.obj
 .text.stdio_buffered_printer
                0x10005130       0x20 CMakeFiles/rpico-motor-driver.dir/C_/Users/yoshikawa/.pico-sdk/sdk/1.5.1/src/rp2_common/pico_stdio/stdio.c.obj
 .text.update_us_since_boot
                0x10005150       0x24 CMakeFiles/rpico-motor-driver.dir/C_/Users/yoshikawa/.pico-sdk/sdk/1.5.1/src/rp2_common/pico_stdio/stdio.c.obj
 .text.get_absolute_time
                0x10005174       0x22 CMakeFiles/rpico-motor-driver.dir/C_/Users/yoshikawa/.pico-sdk/sdk/1.5.1/src/rp2_common/pico_stdio/stdio.c.obj
 *fill*         0x10005196        0x2 
 .text.delayed_by_ms
                0x10005198       0x44 CMakeFiles/rpico-motor-driver.dir/C_/Users/yoshikawa/.pico-sdk/sdk/1.5.1/src/rp2_common/pico_stdio/stdio.c.obj
 .text.make_timeout_time_ms
                0x100051dc       0x20 CMakeFiles/rpico-motor-driver.dir/C_/Users/yoshikawa/.pico-sdk/sdk/1.5.1/src/rp2_common/pico_stdio/stdio.c.obj
 .text.stdio_get_until
                0x100051fc       0x64 CMakeFiles/rpico-motor-driver.dir/C_/Users/yoshikawa/.pico-sdk/sdk/1.5.1/src/rp2_common/pico_stdio/stdio.c.obj
 .text.stdout_serialize_begin
                0x10005260       0x20 CMakeFiles/rpico-motor-driver.dir/C_/Users/yoshikawa/.pico-sdk/sdk/1.5.1/src/rp2_common/pico_stdio/stdio.c.obj
                0x10005260                stdout_serialize_begin
 .text.stdout_serialize_end
                0x10005280       0x10 CMakeFiles/rpico-motor-driver.dir/C_/Users/yoshikawa/.pico-sdk/sdk/1.5.1/src/rp2_common/pico_stdio/stdio.c.obj
                0x10005280                stdout_serialize_end
 .text.stdio_put_string
                0x10005290       0x98 CMakeFiles/rpico-motor-driver.dir/C_/Users/yoshikawa/.pico-sdk/sdk/1.5.1/src/rp2_common/pico_stdio/stdio.c.obj
 .text.stdio_set_driver_enabled
                0x10005328       0x2c CMakeFiles/rpico-motor-driver.dir/C_/Users/yoshikawa/.pico-sdk/sdk/1.5.1/src/rp2_common/pico_stdio/stdio.c.obj
                0x10005328                stdio_set_driver_enabled
 .text.stdio_flush
                0x10005354       0x20 CMakeFiles/rpico-motor-driver.dir/C_/Users/yoshikawa/.pico-sdk/sdk/1.5.1/src/rp2_common/pico_stdio/stdio.c.obj
                0x10005354                stdio_flush
 .text.__wrap_puts
                0x10005374       0x1e CMakeFiles/rpico-motor-driver.dir/C_/Users/yoshikawa/.pico-sdk/sdk/1.5.1/src/rp2_common/pico_stdio/stdio.c.obj
                0x10005374                __wrap_puts
 *fill*         0x10005392        0x2 
 .text.__wrap_vprintf
                0x10005394       0x40 CMakeFiles/rpico-motor-driver.dir/C_/Users/yoshikawa/.pico-sdk/sdk/1.5.1/src/rp2_common/pico_stdio/stdio.c.obj
                0x10005394                __wrap_vprintf
 .text.__wrap_printf
                0x100053d4       0x18 CMakeFiles/rpico-motor-driver.dir/C_/Users/yoshikawa/.pico-sdk/sdk/1.5.1/src/rp2_common/pico_stdio/stdio.c.obj
                0x100053d4                __wrap_printf
 .text.stdio_init_all
                0x100053ec        0x8 CMakeFiles/rpico-motor-driver.dir/C_/Users/yoshikawa/.pico-sdk/sdk/1.5.1/src/rp2_common/pico_stdio/stdio.c.obj
                0x100053ec                stdio_init_all
 .text.__wrap_getchar
                0x100053f4       0x40 CMakeFiles/rpico-motor-driver.dir/C_/Users/yoshikawa/.pico-sdk/sdk/1.5.1/src/rp2_common/pico_stdio/stdio.c.obj
                0x100053f4                __wrap_getchar
 .text.resetd_init
                0x10005434        0x2 CMakeFiles/rpico-motor-driver.dir/C_/Users/yoshikawa/.pico-sdk/sdk/1.5.1/src/rp2_common/pico_stdio_usb/reset_interface.c.obj
 *fill*         0x10005436        0x2 
 .text.resetd_reset
                0x10005438        0xc CMakeFiles/rpico-motor-driver.dir/C_/Users/yoshikawa/.pico-sdk/sdk/1.5.1/src/rp2_common/pico_stdio_usb/reset_interface.c.obj
 .text.resetd_open
                0x10005444       0x34 CMakeFiles/rpico-motor-driver.dir/C_/Users/yoshikawa/.pico-sdk/sdk/1.5.1/src/rp2_common/pico_stdio_usb/reset_interface.c.obj
 .text.resetd_xfer_cb
                0x10005478        0x4 CMakeFiles/rpico-motor-driver.dir/C_/Users/yoshikawa/.pico-sdk/sdk/1.5.1/src/rp2_common/pico_stdio_usb/reset_interface.c.obj
 .text.reset_usb_boot
                0x1000547c       0x18 CMakeFiles/rpico-motor-driver.dir/C_/Users/yoshikawa/.pico-sdk/sdk/1.5.1/src/rp2_common/pico_stdio_usb/reset_interface.c.obj
 .text.resetd_control_xfer_cb
                0x10005494       0x5c CMakeFiles/rpico-motor-driver.dir/C_/Users/yoshikawa/.pico-sdk/sdk/1.5.1/src/rp2_common/pico_stdio_usb/reset_interface.c.obj
 .text.usbd_app_driver_get_cb
                0x100054f0        0xc CMakeFiles/rpico-motor-driver.dir/C_/Users/yoshikawa/.pico-sdk/sdk/1.5.1/src/rp2_common/pico_stdio_usb/reset_interface.c.obj
                0x100054f0                usbd_app_driver_get_cb
 .text.tud_cdc_line_coding_cb
                0x100054fc       0x28 CMakeFiles/rpico-motor-driver.dir/C_/Users/yoshikawa/.pico-sdk/sdk/1.5.1/src/rp2_common/pico_stdio_usb/reset_interface.c.obj
                0x100054fc                tud_cdc_line_coding_cb
 .text.stdio_usb_set_chars_available_callback
                0x10005524       0x14 CMakeFiles/rpico-motor-driver.dir/C_/Users/yoshikawa/.pico-sdk/sdk/1.5.1/src/rp2_common/pico_stdio_usb/stdio_usb.c.obj
                0x10005524                stdio_usb_set_chars_available_callback
 .text.update_us_since_boot
                0x10005538       0x24 CMakeFiles/rpico-motor-driver.dir/C_/Users/yoshikawa/.pico-sdk/sdk/1.5.1/src/rp2_common/pico_stdio_usb/stdio_usb.c.obj
 .text.get_absolute_time
                0x1000555c       0x22 CMakeFiles/rpico-motor-driver.dir/C_/Users/yoshikawa/.pico-sdk/sdk/1.5.1/src/rp2_common/pico_stdio_usb/stdio_usb.c.obj
 *fill*         0x1000557e        0x2 
 .text.delayed_by_ms
                0x10005580       0x44 CMakeFiles/rpico-motor-driver.dir/C_/Users/yoshikawa/.pico-sdk/sdk/1.5.1/src/rp2_common/pico_stdio_usb/stdio_usb.c.obj
 .text.make_timeout_time_ms
                0x100055c4       0x20 CMakeFiles/rpico-motor-driver.dir/C_/Users/yoshikawa/.pico-sdk/sdk/1.5.1/src/rp2_common/pico_stdio_usb/stdio_usb.c.obj
 .text.delayed_by_us
                0x100055e4       0x34 CMakeFiles/rpico-motor-driver.dir/C_/Users/yoshikawa/.pico-sdk/sdk/1.5.1/src/rp2_common/pico_stdio_usb/stdio_usb.c.obj
 .text.usb_irq  0x10005618       0x10 CMakeFiles/rpico-motor-driver.dir/C_/Users/yoshikawa/.pico-sdk/sdk/1.5.1/src/rp2_common/pico_stdio_usb/stdio_usb.c.obj
 .text.critical_section_enter_blocking
                0x10005628       0x16 CMakeFiles/rpico-motor-driver.dir/C_/Users/yoshikawa/.pico-sdk/sdk/1.5.1/src/rp2_common/pico_stdio_usb/stdio_usb.c.obj
 *fill*         0x1000563e        0x2 
 .text.timer_task
                0x10005640       0x4c CMakeFiles/rpico-motor-driver.dir/C_/Users/yoshikawa/.pico-sdk/sdk/1.5.1/src/rp2_common/pico_stdio_usb/stdio_usb.c.obj
 .text.alarm_pool_add_alarm_in_us
                0x1000568c       0x3a CMakeFiles/rpico-motor-driver.dir/C_/Users/yoshikawa/.pico-sdk/sdk/1.5.1/src/rp2_common/pico_stdio_usb/stdio_usb.c.obj
 .text.add_alarm_in_us
                0x100056c6       0x2e CMakeFiles/rpico-motor-driver.dir/C_/Users/yoshikawa/.pico-sdk/sdk/1.5.1/src/rp2_common/pico_stdio_usb/stdio_usb.c.obj
 .text.low_priority_worker_irq
                0x100056f4       0x7c CMakeFiles/rpico-motor-driver.dir/C_/Users/yoshikawa/.pico-sdk/sdk/1.5.1/src/rp2_common/pico_stdio_usb/stdio_usb.c.obj
 .text.tud_cdc_rx_cb
                0x10005770       0x20 CMakeFiles/rpico-motor-driver.dir/C_/Users/yoshikawa/.pico-sdk/sdk/1.5.1/src/rp2_common/pico_stdio_usb/stdio_usb.c.obj
                0x10005770                tud_cdc_rx_cb
 .text.stdio_usb_init
                0x10005790       0xd0 CMakeFiles/rpico-motor-driver.dir/C_/Users/yoshikawa/.pico-sdk/sdk/1.5.1/src/rp2_common/pico_stdio_usb/stdio_usb.c.obj
                0x10005790                stdio_usb_init
 .text.stdio_usb_connected
                0x10005860        0xa CMakeFiles/rpico-motor-driver.dir/C_/Users/yoshikawa/.pico-sdk/sdk/1.5.1/src/rp2_common/pico_stdio_usb/stdio_usb.c.obj
                0x10005860                stdio_usb_connected
 *fill*         0x1000586a        0x2 
 .text.stdio_usb_in_chars
                0x1000586c       0x88 CMakeFiles/rpico-motor-driver.dir/C_/Users/yoshikawa/.pico-sdk/sdk/1.5.1/src/rp2_common/pico_stdio_usb/stdio_usb.c.obj
                0x1000586c                stdio_usb_in_chars
 .text.stdio_usb_out_chars
                0x100058f4       0xd8 CMakeFiles/rpico-motor-driver.dir/C_/Users/yoshikawa/.pico-sdk/sdk/1.5.1/src/rp2_common/pico_stdio_usb/stdio_usb.c.obj
 .text.tud_descriptor_device_cb
                0x100059cc        0x8 CMakeFiles/rpico-motor-driver.dir/C_/Users/yoshikawa/.pico-sdk/sdk/1.5.1/src/rp2_common/pico_stdio_usb/stdio_usb_descriptors.c.obj
                0x100059cc                tud_descriptor_device_cb
 .text.tud_descriptor_configuration_cb
                0x100059d4        0x8 CMakeFiles/rpico-motor-driver.dir/C_/Users/yoshikawa/.pico-sdk/sdk/1.5.1/src/rp2_common/pico_stdio_usb/stdio_usb_descriptors.c.obj
                0x100059d4                tud_descriptor_configuration_cb
 .text.tud_descriptor_string_cb
                0x100059dc       0x6c CMakeFiles/rpico-motor-driver.dir/C_/Users/yoshikawa/.pico-sdk/sdk/1.5.1/src/rp2_common/pico_stdio_usb/stdio_usb_descriptors.c.obj
                0x100059dc                tud_descriptor_string_cb
 .text._retrieve_unique_id_on_boot
                0x10005a48       0x10 CMakeFiles/rpico-motor-driver.dir/C_/Users/yoshikawa/.pico-sdk/sdk/1.5.1/src/rp2_common/pico_unique_id/unique_id.c.obj
 .text.pico_get_unique_board_id_string
                0x10005a58       0x5c CMakeFiles/rpico-motor-driver.dir/C_/Users/yoshikawa/.pico-sdk/sdk/1.5.1/src/rp2_common/pico_unique_id/unique_id.c.obj
                0x10005a58                pico_get_unique_board_id_string
 .text.flash_get_unique_id
                0x10005ab4       0x40 CMakeFiles/rpico-motor-driver.dir/C_/Users/yoshikawa/.pico-sdk/sdk/1.5.1/src/rp2_common/hardware_flash/flash.c.obj
                0x10005ab4                flash_get_unique_id
 .text.hw_endpoint_get_by_addr
                0x10005af4       0x18 CMakeFiles/rpico-motor-driver.dir/C_/Users/yoshikawa/.pico-sdk/sdk/1.5.1/lib/tinyusb/src/portable/raspberrypi/rp2040/dcd_rp2040.c.obj
 .text._hw_endpoint_alloc
                0x10005b0c       0x70 CMakeFiles/rpico-motor-driver.dir/C_/Users/yoshikawa/.pico-sdk/sdk/1.5.1/lib/tinyusb/src/portable/raspberrypi/rp2040/dcd_rp2040.c.obj
 .text.hw_endpoint_init
                0x10005b7c       0x88 CMakeFiles/rpico-motor-driver.dir/C_/Users/yoshikawa/.pico-sdk/sdk/1.5.1/lib/tinyusb/src/portable/raspberrypi/rp2040/dcd_rp2040.c.obj
 .text.dcd_event_sof
                0x10005c04       0x2c CMakeFiles/rpico-motor-driver.dir/C_/Users/yoshikawa/.pico-sdk/sdk/1.5.1/lib/tinyusb/src/portable/raspberrypi/rp2040/dcd_rp2040.c.obj
 .text.hw_endpoint_xfer
                0x10005c30       0x14 CMakeFiles/rpico-motor-driver.dir/C_/Users/yoshikawa/.pico-sdk/sdk/1.5.1/lib/tinyusb/src/portable/raspberrypi/rp2040/dcd_rp2040.c.obj
 .text.dcd_int_enable
                0x10005c44       0x2c CMakeFiles/rpico-motor-driver.dir/C_/Users/yoshikawa/.pico-sdk/sdk/1.5.1/lib/tinyusb/src/portable/raspberrypi/rp2040/dcd_rp2040.c.obj
                0x10005c44                dcd_int_enable
 .text.dcd_set_address
                0x10005c70       0x2c CMakeFiles/rpico-motor-driver.dir/C_/Users/yoshikawa/.pico-sdk/sdk/1.5.1/lib/tinyusb/src/portable/raspberrypi/rp2040/dcd_rp2040.c.obj
                0x10005c70                dcd_set_address
 .text.dcd_connect
                0x10005c9c       0x10 CMakeFiles/rpico-motor-driver.dir/C_/Users/yoshikawa/.pico-sdk/sdk/1.5.1/lib/tinyusb/src/portable/raspberrypi/rp2040/dcd_rp2040.c.obj
                0x10005c9c                dcd_connect
 .text.dcd_init
                0x10005cac       0x80 CMakeFiles/rpico-motor-driver.dir/C_/Users/yoshikawa/.pico-sdk/sdk/1.5.1/lib/tinyusb/src/portable/raspberrypi/rp2040/dcd_rp2040.c.obj
                0x10005cac                dcd_init
 .text.dcd_edpt0_status_complete
                0x10005d2c       0x1c CMakeFiles/rpico-motor-driver.dir/C_/Users/yoshikawa/.pico-sdk/sdk/1.5.1/lib/tinyusb/src/portable/raspberrypi/rp2040/dcd_rp2040.c.obj
                0x10005d2c                dcd_edpt0_status_complete
 .text.dcd_edpt_open
                0x10005d48       0x40 CMakeFiles/rpico-motor-driver.dir/C_/Users/yoshikawa/.pico-sdk/sdk/1.5.1/lib/tinyusb/src/portable/raspberrypi/rp2040/dcd_rp2040.c.obj
                0x10005d48                dcd_edpt_open
 .text.dcd_edpt_close_all
                0x10005d88        0x8 CMakeFiles/rpico-motor-driver.dir/C_/Users/yoshikawa/.pico-sdk/sdk/1.5.1/lib/tinyusb/src/portable/raspberrypi/rp2040/dcd_rp2040.c.obj
                0x10005d88                dcd_edpt_close_all
 .text.dcd_edpt_xfer
                0x10005d90       0x34 CMakeFiles/rpico-motor-driver.dir/C_/Users/yoshikawa/.pico-sdk/sdk/1.5.1/lib/tinyusb/src/portable/raspberrypi/rp2040/dcd_rp2040.c.obj
                0x10005d90                dcd_edpt_xfer
 .text.dcd_edpt_stall
                0x10005dc4       0x2c CMakeFiles/rpico-motor-driver.dir/C_/Users/yoshikawa/.pico-sdk/sdk/1.5.1/lib/tinyusb/src/portable/raspberrypi/rp2040/dcd_rp2040.c.obj
                0x10005dc4                dcd_edpt_stall
 .text.dcd_edpt_clear_stall
                0x10005df0       0x20 CMakeFiles/rpico-motor-driver.dir/C_/Users/yoshikawa/.pico-sdk/sdk/1.5.1/lib/tinyusb/src/portable/raspberrypi/rp2040/dcd_rp2040.c.obj
                0x10005df0                dcd_edpt_clear_stall
 .text.rp2040_usb_init
                0x10005e10       0x4c CMakeFiles/rpico-motor-driver.dir/C_/Users/yoshikawa/.pico-sdk/sdk/1.5.1/lib/tinyusb/src/portable/raspberrypi/rp2040/rp2040_usb.c.obj
                0x10005e10                rp2040_usb_init
 .text.hw_endpoint_xfer_start
                0x10005e5c       0x50 CMakeFiles/rpico-motor-driver.dir/C_/Users/yoshikawa/.pico-sdk/sdk/1.5.1/lib/tinyusb/src/portable/raspberrypi/rp2040/rp2040_usb.c.obj
                0x10005e5c                hw_endpoint_xfer_start
 .text.configuration_reset
                0x10005eac       0x84 CMakeFiles/rpico-motor-driver.dir/C_/Users/yoshikawa/.pico-sdk/sdk/1.5.1/lib/tinyusb/src/device/usbd.c.obj
 .text.critical_section_enter_blocking
                0x10005f30       0x16 CMakeFiles/rpico-motor-driver.dir/C_/Users/yoshikawa/.pico-sdk/sdk/1.5.1/lib/tinyusb/src/device/usbd.c.obj
 .text.usbd_reset
                0x10005f46        0xc CMakeFiles/rpico-motor-driver.dir/C_/Users/yoshikawa/.pico-sdk/sdk/1.5.1/lib/tinyusb/src/device/usbd.c.obj
 .text.invoke_class_control
                0x10005f52       0x1a CMakeFiles/rpico-motor-driver.dir/C_/Users/yoshikawa/.pico-sdk/sdk/1.5.1/lib/tinyusb/src/device/usbd.c.obj
 .text.process_set_config
                0x10005f6c      0x178 CMakeFiles/rpico-motor-driver.dir/C_/Users/yoshikawa/.pico-sdk/sdk/1.5.1/lib/tinyusb/src/device/usbd.c.obj
 .text.process_get_descriptor
                0x100060e4       0xdc CMakeFiles/rpico-motor-driver.dir/C_/Users/yoshikawa/.pico-sdk/sdk/1.5.1/lib/tinyusb/src/device/usbd.c.obj
 .text.tud_mounted
                0x100061c0       0x10 CMakeFiles/rpico-motor-driver.dir/C_/Users/yoshikawa/.pico-sdk/sdk/1.5.1/lib/tinyusb/src/device/usbd.c.obj
                0x100061c0                tud_mounted
 .text.tud_suspended
                0x100061d0       0x10 CMakeFiles/rpico-motor-driver.dir/C_/Users/yoshikawa/.pico-sdk/sdk/1.5.1/lib/tinyusb/src/device/usbd.c.obj
                0x100061d0                tud_suspended
 .text.tud_inited
                0x100061e0       0x14 CMakeFiles/rpico-motor-driver.dir/C_/Users/yoshikawa/.pico-sdk/sdk/1.5.1/lib/tinyusb/src/device/usbd.c.obj
                0x100061e0                tud_inited
 .text.tud_init
                0x100061f4       0xcc CMakeFiles/rpico-motor-driver.dir/C_/Users/yoshikawa/.pico-sdk/sdk/1.5.1/lib/tinyusb/src/device/usbd.c.obj
                0x100061f4                tud_init
 .text.usbd_defer_func
                0x100062c0       0x2a CMakeFiles/rpico-motor-driver.dir/C_/Users/yoshikawa/.pico-sdk/sdk/1.5.1/lib/tinyusb/src/device/usbd.c.obj
                0x100062c0                usbd_defer_func
 *fill*         0x100062ea        0x2 
 .text.usbd_edpt_open
                0x100062ec       0x34 CMakeFiles/rpico-motor-driver.dir/C_/Users/yoshikawa/.pico-sdk/sdk/1.5.1/lib/tinyusb/src/device/usbd.c.obj
                0x100062ec                usbd_edpt_open
 .text.usbd_open_edpt_pair
                0x10006320       0x62 CMakeFiles/rpico-motor-driver.dir/C_/Users/yoshikawa/.pico-sdk/sdk/1.5.1/lib/tinyusb/src/device/usbd.c.obj
                0x10006320                usbd_open_edpt_pair
 *fill*         0x10006382        0x2 
 .text.usbd_edpt_claim
                0x10006384       0x28 CMakeFiles/rpico-motor-driver.dir/C_/Users/yoshikawa/.pico-sdk/sdk/1.5.1/lib/tinyusb/src/device/usbd.c.obj
                0x10006384                usbd_edpt_claim
 .text.usbd_edpt_release
                0x100063ac       0x28 CMakeFiles/rpico-motor-driver.dir/C_/Users/yoshikawa/.pico-sdk/sdk/1.5.1/lib/tinyusb/src/device/usbd.c.obj
                0x100063ac                usbd_edpt_release
 .text.usbd_edpt_xfer
                0x100063d4       0x78 CMakeFiles/rpico-motor-driver.dir/C_/Users/yoshikawa/.pico-sdk/sdk/1.5.1/lib/tinyusb/src/device/usbd.c.obj
                0x100063d4                usbd_edpt_xfer
 .text.usbd_edpt_stall
                0x1000644c       0x48 CMakeFiles/rpico-motor-driver.dir/C_/Users/yoshikawa/.pico-sdk/sdk/1.5.1/lib/tinyusb/src/device/usbd.c.obj
                0x1000644c                usbd_edpt_stall
 .text.usbd_edpt_clear_stall
                0x10006494       0x48 CMakeFiles/rpico-motor-driver.dir/C_/Users/yoshikawa/.pico-sdk/sdk/1.5.1/lib/tinyusb/src/device/usbd.c.obj
                0x10006494                usbd_edpt_clear_stall
 .text.usbd_edpt_stalled
                0x100064dc       0x1c CMakeFiles/rpico-motor-driver.dir/C_/Users/yoshikawa/.pico-sdk/sdk/1.5.1/lib/tinyusb/src/device/usbd.c.obj
                0x100064dc                usbd_edpt_stalled
 .text.process_control_request
                0x100064f8      0x374 CMakeFiles/rpico-motor-driver.dir/C_/Users/yoshikawa/.pico-sdk/sdk/1.5.1/lib/tinyusb/src/device/usbd.c.obj
 .text.tud_task_ext
                0x1000686c      0x1a8 CMakeFiles/rpico-motor-driver.dir/C_/Users/yoshikawa/.pico-sdk/sdk/1.5.1/lib/tinyusb/src/device/usbd.c.obj
                0x1000686c                tud_task_ext
 .text._status_stage_xact
                0x10006a14       0x1a CMakeFiles/rpico-motor-driver.dir/C_/Users/yoshikawa/.pico-sdk/sdk/1.5.1/lib/tinyusb/src/device/usbd_control.c.obj
 *fill*         0x10006a2e        0x2 
 .text._data_stage_xact
                0x10006a30       0x58 CMakeFiles/rpico-motor-driver.dir/C_/Users/yoshikawa/.pico-sdk/sdk/1.5.1/lib/tinyusb/src/device/usbd_control.c.obj
 .text.tud_control_status
                0x10006a88       0x28 CMakeFiles/rpico-motor-driver.dir/C_/Users/yoshikawa/.pico-sdk/sdk/1.5.1/lib/tinyusb/src/device/usbd_control.c.obj
                0x10006a88                tud_control_status
 .text.tud_control_xfer
                0x10006ab0       0x68 CMakeFiles/rpico-motor-driver.dir/C_/Users/yoshikawa/.pico-sdk/sdk/1.5.1/lib/tinyusb/src/device/usbd_control.c.obj
                0x10006ab0                tud_control_xfer
 .text.usbd_control_reset
                0x10006b18       0x14 CMakeFiles/rpico-motor-driver.dir/C_/Users/yoshikawa/.pico-sdk/sdk/1.5.1/lib/tinyusb/src/device/usbd_control.c.obj
                0x10006b18                usbd_control_reset
 .text.usbd_control_set_complete_callback
                0x10006b2c        0xc CMakeFiles/rpico-motor-driver.dir/C_/Users/yoshikawa/.pico-sdk/sdk/1.5.1/lib/tinyusb/src/device/usbd_control.c.obj
                0x10006b2c                usbd_control_set_complete_callback
 .text.usbd_control_set_request
                0x10006b38       0x1c CMakeFiles/rpico-motor-driver.dir/C_/Users/yoshikawa/.pico-sdk/sdk/1.5.1/lib/tinyusb/src/device/usbd_control.c.obj
                0x10006b38                usbd_control_set_request
 .text.usbd_control_xfer_cb
                0x10006b54       0xbc CMakeFiles/rpico-motor-driver.dir/C_/Users/yoshikawa/.pico-sdk/sdk/1.5.1/lib/tinyusb/src/device/usbd_control.c.obj
                0x10006b54                usbd_control_xfer_cb
 .text._prep_out_transaction
                0x10006c10       0x4a CMakeFiles/rpico-motor-driver.dir/C_/Users/yoshikawa/.pico-sdk/sdk/1.5.1/lib/tinyusb/src/class/cdc/cdc_device.c.obj
 *fill*         0x10006c5a        0x2 
 .text.tud_cdc_n_connected
                0x10006c5c       0x38 CMakeFiles/rpico-motor-driver.dir/C_/Users/yoshikawa/.pico-sdk/sdk/1.5.1/lib/tinyusb/src/class/cdc/cdc_device.c.obj
                0x10006c5c                tud_cdc_n_connected
 .text.tud_cdc_n_available
                0x10006c94       0x18 CMakeFiles/rpico-motor-driver.dir/C_/Users/yoshikawa/.pico-sdk/sdk/1.5.1/lib/tinyusb/src/class/cdc/cdc_device.c.obj
                0x10006c94                tud_cdc_n_available
 .text.tud_cdc_n_read
                0x10006cac       0x28 CMakeFiles/rpico-motor-driver.dir/C_/Users/yoshikawa/.pico-sdk/sdk/1.5.1/lib/tinyusb/src/class/cdc/cdc_device.c.obj
                0x10006cac                tud_cdc_n_read
 .text.tud_cdc_n_write_flush
                0x10006cd4       0xb8 CMakeFiles/rpico-motor-driver.dir/C_/Users/yoshikawa/.pico-sdk/sdk/1.5.1/lib/tinyusb/src/class/cdc/cdc_device.c.obj
                0x10006cd4                tud_cdc_n_write_flush
 .text.tud_cdc_n_write
                0x10006d8c       0x38 CMakeFiles/rpico-motor-driver.dir/C_/Users/yoshikawa/.pico-sdk/sdk/1.5.1/lib/tinyusb/src/class/cdc/cdc_device.c.obj
                0x10006d8c                tud_cdc_n_write
 .text.tud_cdc_n_write_available
                0x10006dc4       0x1c CMakeFiles/rpico-motor-driver.dir/C_/Users/yoshikawa/.pico-sdk/sdk/1.5.1/lib/tinyusb/src/class/cdc/cdc_device.c.obj
                0x10006dc4                tud_cdc_n_write_available
 .text.cdcd_init
                0x10006de0       0xbc CMakeFiles/rpico-motor-driver.dir/C_/Users/yoshikawa/.pico-sdk/sdk/1.5.1/lib/tinyusb/src/class/cdc/cdc_device.c.obj
                0x10006de0                cdcd_init
 .text.cdcd_reset
                0x10006e9c       0x44 CMakeFiles/rpico-motor-driver.dir/C_/Users/yoshikawa/.pico-sdk/sdk/1.5.1/lib/tinyusb/src/class/cdc/cdc_device.c.obj
                0x10006e9c                cdcd_reset
 .text.cdcd_open
                0x10006ee0       0xc4 CMakeFiles/rpico-motor-driver.dir/C_/Users/yoshikawa/.pico-sdk/sdk/1.5.1/lib/tinyusb/src/class/cdc/cdc_device.c.obj
                0x10006ee0                cdcd_open
 .text.cdcd_control_xfer_cb
                0x10006fa4      0x134 CMakeFiles/rpico-motor-driver.dir/C_/Users/yoshikawa/.pico-sdk/sdk/1.5.1/lib/tinyusb/src/class/cdc/cdc_device.c.obj
                0x10006fa4                cdcd_control_xfer_cb
 .text.cdcd_xfer_cb
                0x100070d8      0x130 CMakeFiles/rpico-motor-driver.dir/C_/Users/yoshikawa/.pico-sdk/sdk/1.5.1/lib/tinyusb/src/class/cdc/cdc_device.c.obj
                0x100070d8                cdcd_xfer_cb
 .text.tusb_init
                0x10007208        0xa CMakeFiles/rpico-motor-driver.dir/C_/Users/yoshikawa/.pico-sdk/sdk/1.5.1/lib/tinyusb/src/tusb.c.obj
                0x10007208                tusb_init
 .text.tusb_inited
                0x10007212        0xe CMakeFiles/rpico-motor-driver.dir/C_/Users/yoshikawa/.pico-sdk/sdk/1.5.1/lib/tinyusb/src/tusb.c.obj
                0x10007212                tusb_inited
 .text.tu_edpt_claim
                0x10007220       0x50 CMakeFiles/rpico-motor-driver.dir/C_/Users/yoshikawa/.pico-sdk/sdk/1.5.1/lib/tinyusb/src/tusb.c.obj
                0x10007220                tu_edpt_claim
 .text.tu_edpt_release
                0x10007270       0x38 CMakeFiles/rpico-motor-driver.dir/C_/Users/yoshikawa/.pico-sdk/sdk/1.5.1/lib/tinyusb/src/tusb.c.obj
                0x10007270                tu_edpt_release
 .text.tu_edpt_validate
                0x100072a8       0x78 CMakeFiles/rpico-motor-driver.dir/C_/Users/yoshikawa/.pico-sdk/sdk/1.5.1/lib/tinyusb/src/tusb.c.obj
                0x100072a8                tu_edpt_validate
 .text.tu_edpt_bind_driver
                0x10007320       0x26 CMakeFiles/rpico-motor-driver.dir/C_/Users/yoshikawa/.pico-sdk/sdk/1.5.1/lib/tinyusb/src/tusb.c.obj
                0x10007320                tu_edpt_bind_driver
 .text.advance_index
                0x10007346       0x1a CMakeFiles/rpico-motor-driver.dir/C_/Users/yoshikawa/.pico-sdk/sdk/1.5.1/lib/tinyusb/src/common/tusb_fifo.c.obj
 .text._tu_fifo_peek
                0x10007360       0x56 CMakeFiles/rpico-motor-driver.dir/C_/Users/yoshikawa/.pico-sdk/sdk/1.5.1/lib/tinyusb/src/common/tusb_fifo.c.obj
 .text._ff_pull_const_addr
                0x100073b6       0x4c CMakeFiles/rpico-motor-driver.dir/C_/Users/yoshikawa/.pico-sdk/sdk/1.5.1/lib/tinyusb/src/common/tusb_fifo.c.obj
 .text._ff_pull_n
                0x10007402      0x110 CMakeFiles/rpico-motor-driver.dir/C_/Users/yoshikawa/.pico-sdk/sdk/1.5.1/lib/tinyusb/src/common/tusb_fifo.c.obj
 .text._tu_fifo_peek_n
                0x10007512       0x6a CMakeFiles/rpico-motor-driver.dir/C_/Users/yoshikawa/.pico-sdk/sdk/1.5.1/lib/tinyusb/src/common/tusb_fifo.c.obj
 .text._tu_fifo_read_n
                0x1000757c       0x4e CMakeFiles/rpico-motor-driver.dir/C_/Users/yoshikawa/.pico-sdk/sdk/1.5.1/lib/tinyusb/src/common/tusb_fifo.c.obj
 .text._ff_push_const_addr
                0x100075ca       0x40 CMakeFiles/rpico-motor-driver.dir/C_/Users/yoshikawa/.pico-sdk/sdk/1.5.1/lib/tinyusb/src/common/tusb_fifo.c.obj
 .text._ff_push_n
                0x1000760a      0x10c CMakeFiles/rpico-motor-driver.dir/C_/Users/yoshikawa/.pico-sdk/sdk/1.5.1/lib/tinyusb/src/common/tusb_fifo.c.obj
 .text._tu_fifo_write_n
                0x10007716       0xf0 CMakeFiles/rpico-motor-driver.dir/C_/Users/yoshikawa/.pico-sdk/sdk/1.5.1/lib/tinyusb/src/common/tusb_fifo.c.obj
 .text.tu_fifo_config
                0x10007806       0x7c CMakeFiles/rpico-motor-driver.dir/C_/Users/yoshikawa/.pico-sdk/sdk/1.5.1/lib/tinyusb/src/common/tusb_fifo.c.obj
                0x10007806                tu_fifo_config
 .text.tu_fifo_count
                0x10007882       0x2a CMakeFiles/rpico-motor-driver.dir/C_/Users/yoshikawa/.pico-sdk/sdk/1.5.1/lib/tinyusb/src/common/tusb_fifo.c.obj
                0x10007882                tu_fifo_count
 .text.tu_fifo_empty
                0x100078ac        0xe CMakeFiles/rpico-motor-driver.dir/C_/Users/yoshikawa/.pico-sdk/sdk/1.5.1/lib/tinyusb/src/common/tusb_fifo.c.obj
                0x100078ac                tu_fifo_empty
 .text.tu_fifo_full
                0x100078ba       0x28 CMakeFiles/rpico-motor-driver.dir/C_/Users/yoshikawa/.pico-sdk/sdk/1.5.1/lib/tinyusb/src/common/tusb_fifo.c.obj
                0x100078ba                tu_fifo_full
 .text.tu_fifo_remaining
                0x100078e2       0x2c CMakeFiles/rpico-motor-driver.dir/C_/Users/yoshikawa/.pico-sdk/sdk/1.5.1/lib/tinyusb/src/common/tusb_fifo.c.obj
                0x100078e2                tu_fifo_remaining
 .text.tu_fifo_read
                0x1000790e       0x42 CMakeFiles/rpico-motor-driver.dir/C_/Users/yoshikawa/.pico-sdk/sdk/1.5.1/lib/tinyusb/src/common/tusb_fifo.c.obj
                0x1000790e                tu_fifo_read
 .text.tu_fifo_read_n
                0x10007950        0xa CMakeFiles/rpico-motor-driver.dir/C_/Users/yoshikawa/.pico-sdk/sdk/1.5.1/lib/tinyusb/src/common/tusb_fifo.c.obj
                0x10007950                tu_fifo_read_n
 .text.tu_fifo_write
                0x1000795a       0x64 CMakeFiles/rpico-motor-driver.dir/C_/Users/yoshikawa/.pico-sdk/sdk/1.5.1/lib/tinyusb/src/common/tusb_fifo.c.obj
                0x1000795a                tu_fifo_write
 .text.tu_fifo_write_n
                0x100079be        0xa CMakeFiles/rpico-motor-driver.dir/C_/Users/yoshikawa/.pico-sdk/sdk/1.5.1/lib/tinyusb/src/common/tusb_fifo.c.obj
                0x100079be                tu_fifo_write_n
 .text.tu_fifo_clear
                0x100079c8       0x3e CMakeFiles/rpico-motor-driver.dir/C_/Users/yoshikawa/.pico-sdk/sdk/1.5.1/lib/tinyusb/src/common/tusb_fifo.c.obj
                0x100079c8                tu_fifo_clear
 .text.tu_fifo_set_overwritable
                0x10007a06       0x46 CMakeFiles/rpico-motor-driver.dir/C_/Users/yoshikawa/.pico-sdk/sdk/1.5.1/lib/tinyusb/src/common/tusb_fifo.c.obj
                0x10007a06                tu_fifo_set_overwritable
 .text.pio_get_default_sm_config
                0x10007a4c       0x28 CMakeFiles/rpico-motor-driver.dir/C_/Users/yoshikawa/.pico-sdk/sdk/1.5.1/src/rp2_common/hardware_pio/pio.c.obj
 .text._pio_can_add_program_at_offset
                0x10007a74       0x3c CMakeFiles/rpico-motor-driver.dir/C_/Users/yoshikawa/.pico-sdk/sdk/1.5.1/src/rp2_common/hardware_pio/pio.c.obj
 .text._pio_find_offset_for_program
                0x10007ab0       0x7c CMakeFiles/rpico-motor-driver.dir/C_/Users/yoshikawa/.pico-sdk/sdk/1.5.1/src/rp2_common/hardware_pio/pio.c.obj
 .text._pio_add_program_at_offset
                0x10007b2c       0x7c CMakeFiles/rpico-motor-driver.dir/C_/Users/yoshikawa/.pico-sdk/sdk/1.5.1/src/rp2_common/hardware_pio/pio.c.obj
 .text.pio_add_program
                0x10007ba8       0x38 CMakeFiles/rpico-motor-driver.dir/C_/Users/yoshikawa/.pico-sdk/sdk/1.5.1/src/rp2_common/hardware_pio/pio.c.obj
                0x10007ba8                pio_add_program
 .text.pio_sm_init
                0x10007be0       0xb0 CMakeFiles/rpico-motor-driver.dir/C_/Users/yoshikawa/.pico-sdk/sdk/1.5.1/src/rp2_common/hardware_pio/pio.c.obj
                0x10007be0                pio_sm_init
 .text._calloc_r
                0x10007c90       0xa8 C:/Users/yoshikawa/.pico-sdk/toolchain/13_2_Rel1/bin/../lib/gcc/arm-none-eabi/13.2.1/thumb/v6-m/nofp\libg.a(libc_a-callocr.o)
                0x10007c90                _calloc_r
 .text.malloc   0x10007d38       0x14 C:/Users/yoshikawa/.pico-sdk/toolchain/13_2_Rel1/bin/../lib/gcc/arm-none-eabi/13.2.1/thumb/v6-m/nofp\libg.a(libc_a-malloc.o)
                0x10007d38                malloc
 .text.free     0x10007d4c       0x14 C:/Users/yoshikawa/.pico-sdk/toolchain/13_2_Rel1/bin/../lib/gcc/arm-none-eabi/13.2.1/thumb/v6-m/nofp\libg.a(libc_a-malloc.o)
                0x10007d4c                free
 .text._malloc_r
                0x10007d60      0x5c4 C:/Users/yoshikawa/.pico-sdk/toolchain/13_2_Rel1/bin/../lib/gcc/arm-none-eabi/13.2.1/thumb/v6-m/nofp\libg.a(libc_a-mallocr.o)
                0x10007d60                _malloc_r
 .text.__malloc_lock
                0x10008324       0x10 C:/Users/yoshikawa/.pico-sdk/toolchain/13_2_Rel1/bin/../lib/gcc/arm-none-eabi/13.2.1/thumb/v6-m/nofp\libg.a(libc_a-mlock.o)
                0x10008324                __malloc_lock
 .text.__malloc_unlock
                0x10008334       0x10 C:/Users/yoshikawa/.pico-sdk/toolchain/13_2_Rel1/bin/../lib/gcc/arm-none-eabi/13.2.1/thumb/v6-m/nofp\libg.a(libc_a-mlock.o)
                0x10008334                __malloc_unlock
 .text.realloc  0x10008344       0x18 C:/Users/yoshikawa/.pico-sdk/toolchain/13_2_Rel1/bin/../lib/gcc/arm-none-eabi/13.2.1/thumb/v6-m/nofp\libg.a(libc_a-realloc.o)
                0x10008344                realloc
 .text._realloc_r
                0x1000835c      0x350 C:/Users/yoshikawa/.pico-sdk/toolchain/13_2_Rel1/bin/../lib/gcc/arm-none-eabi/13.2.1/thumb/v6-m/nofp\libg.a(libc_a-reallocr.o)
                0x1000835c                _realloc_r
 .text.sscanf   0x100086ac       0x50 C:/Users/yoshikawa/.pico-sdk/toolchain/13_2_Rel1/bin/../lib/gcc/arm-none-eabi/13.2.1/thumb/v6-m/nofp\libg.a(libc_a-sscanf.o)
                0x100086ac                sscanf
 .text.__seofread
                0x100086fc        0x4 C:/Users/yoshikawa/.pico-sdk/toolchain/13_2_Rel1/bin/../lib/gcc/arm-none-eabi/13.2.1/thumb/v6-m/nofp\libg.a(libc_a-stdio.o)
                0x100086fc                __seofread
 .text.memmove  0x10008700       0xb0 C:/Users/yoshikawa/.pico-sdk/toolchain/13_2_Rel1/bin/../lib/gcc/arm-none-eabi/13.2.1/thumb/v6-m/nofp\libg.a(libc_a-memmove.o)
                0x10008700                memmove
 .text._sbrk_r  0x100087b0       0x24 C:/Users/yoshikawa/.pico-sdk/toolchain/13_2_Rel1/bin/../lib/gcc/arm-none-eabi/13.2.1/thumb/v6-m/nofp\libg.a(libc_a-sbrkr.o)
                0x100087b0                _sbrk_r
 .text.__errno  0x100087d4        0xc C:/Users/yoshikawa/.pico-sdk/toolchain/13_2_Rel1/bin/../lib/gcc/arm-none-eabi/13.2.1/thumb/v6-m/nofp\libg.a(libc_a-errno.o)
                0x100087d4                __errno
 .text.__retarget_lock_acquire_recursive
                0x100087e0        0x4 C:/Users/yoshikawa/.pico-sdk/toolchain/13_2_Rel1/bin/../lib/gcc/arm-none-eabi/13.2.1/thumb/v6-m/nofp\libg.a(libc_a-lock.o)
                0x100087e0                __retarget_lock_acquire_recursive
 .text.__retarget_lock_release_recursive
                0x100087e4        0x4 C:/Users/yoshikawa/.pico-sdk/toolchain/13_2_Rel1/bin/../lib/gcc/arm-none-eabi/13.2.1/thumb/v6-m/nofp\libg.a(libc_a-lock.o)
                0x100087e4                __retarget_lock_release_recursive
 .text.sysconf  0x100087e8       0x1c C:/Users/yoshikawa/.pico-sdk/toolchain/13_2_Rel1/bin/../lib/gcc/arm-none-eabi/13.2.1/thumb/v6-m/nofp\libg.a(libc_a-sysconf.o)
                0x100087e8                sysconf
 .text.strlen   0x10008804       0x5c C:/Users/yoshikawa/.pico-sdk/toolchain/13_2_Rel1/bin/../lib/gcc/arm-none-eabi/13.2.1/thumb/v6-m/nofp\libg.a(libc_a-strlen-stub.o)
                0x10008804                strlen
 .text._malloc_trim_r
                0x10008860       0xb4 C:/Users/yoshikawa/.pico-sdk/toolchain/13_2_Rel1/bin/../lib/gcc/arm-none-eabi/13.2.1/thumb/v6-m/nofp\libg.a(libc_a-freer.o)
                0x10008860                _malloc_trim_r
 .text._free_r  0x10008914      0x1d4 C:/Users/yoshikawa/.pico-sdk/toolchain/13_2_Rel1/bin/../lib/gcc/arm-none-eabi/13.2.1/thumb/v6-m/nofp\libg.a(libc_a-freer.o)
                0x10008914                _free_r
 .text.__ssvfscanf_r
                0x10008ae8     0x1868 C:/Users/yoshikawa/.pico-sdk/toolchain/13_2_Rel1/bin/../lib/gcc/arm-none-eabi/13.2.1/thumb/v6-m/nofp\libg.a(libc_a-svfscanf.o)
                0x10008ae8                __ssvfscanf_r
 .text.__sccl   0x1000a350       0x80 C:/Users/yoshikawa/.pico-sdk/toolchain/13_2_Rel1/bin/../lib/gcc/arm-none-eabi/13.2.1/thumb/v6-m/nofp\libg.a(libc_a-sccl.o)
                0x1000a350                __sccl
 .text.stpncpy  0x1000a3d0       0x78 C:/Users/yoshikawa/.pico-sdk/toolchain/13_2_Rel1/bin/../lib/gcc/arm-none-eabi/13.2.1/thumb/v6-m/nofp\libg.a(libc_a-stpncpy.o)
                0x1000a3d0                stpncpy
 .text.__locale_mb_cur_max
                0x1000a448       0x10 C:/Users/yoshikawa/.pico-sdk/toolchain/13_2_Rel1/bin/../lib/gcc/arm-none-eabi/13.2.1/thumb/v6-m/nofp\libg.a(libc_a-locale.o)
                0x1000a448                __locale_mb_cur_max
 .text._localeconv_r
                0x1000a458        0x8 C:/Users/yoshikawa/.pico-sdk/toolchain/13_2_Rel1/bin/../lib/gcc/arm-none-eabi/13.2.1/thumb/v6-m/nofp\libg.a(libc_a-localeconv.o)
                0x1000a458                _localeconv_r
 .text          0x1000a460       0x88 C:/Users/yoshikawa/.pico-sdk/toolchain/13_2_Rel1/bin/../lib/gcc/arm-none-eabi/13.2.1/thumb/v6-m/nofp\libg.a(libc_a-strcmp.o)
                0x1000a460                strcmp
 .text.nanf     0x1000a4e8        0x8 C:/Users/yoshikawa/.pico-sdk/toolchain/13_2_Rel1/bin/../lib/gcc/arm-none-eabi/13.2.1/thumb/v6-m/nofp\libg.a(libm_a-sf_nan.o)
                0x1000a4e8                nanf
 .text.__ascii_mbtowc
                0x1000a4f0       0x2c C:/Users/yoshikawa/.pico-sdk/toolchain/13_2_Rel1/bin/../lib/gcc/arm-none-eabi/13.2.1/thumb/v6-m/nofp\libg.a(libc_a-mbtowc_r.o)
                0x1000a4f0                __ascii_mbtowc
 .text.sulp     0x1000a51c       0x30 C:/Users/yoshikawa/.pico-sdk/toolchain/13_2_Rel1/bin/../lib/gcc/arm-none-eabi/13.2.1/thumb/v6-m/nofp\libg.a(libc_a-strtod.o)
 .text._strtod_l
                0x1000a54c      0xeb8 C:/Users/yoshikawa/.pico-sdk/toolchain/13_2_Rel1/bin/../lib/gcc/arm-none-eabi/13.2.1/thumb/v6-m/nofp\libg.a(libc_a-strtod.o)
                0x1000a54c                _strtod_l
 .text._strtod_r
                0x1000b404       0x10 C:/Users/yoshikawa/.pico-sdk/toolchain/13_2_Rel1/bin/../lib/gcc/arm-none-eabi/13.2.1/thumb/v6-m/nofp\libg.a(libc_a-strtod.o)
                0x1000b404                _strtod_r
 .text._strtol_l.isra.0
                0x1000b414      0x158 C:/Users/yoshikawa/.pico-sdk/toolchain/13_2_Rel1/bin/../lib/gcc/arm-none-eabi/13.2.1/thumb/v6-m/nofp\libg.a(libc_a-strtol.o)
 .text._strtol_r
                0x1000b56c        0x8 C:/Users/yoshikawa/.pico-sdk/toolchain/13_2_Rel1/bin/../lib/gcc/arm-none-eabi/13.2.1/thumb/v6-m/nofp\libg.a(libc_a-strtol.o)
                0x1000b56c                _strtol_r
 .text._strtoul_l.isra.0
                0x1000b574      0x144 C:/Users/yoshikawa/.pico-sdk/toolchain/13_2_Rel1/bin/../lib/gcc/arm-none-eabi/13.2.1/thumb/v6-m/nofp\libg.a(libc_a-strtoul.o)
 .text._strtoul_r
                0x1000b6b8        0x8 C:/Users/yoshikawa/.pico-sdk/toolchain/13_2_Rel1/bin/../lib/gcc/arm-none-eabi/13.2.1/thumb/v6-m/nofp\libg.a(libc_a-strtoul.o)
                0x1000b6b8                _strtoul_r
 .text.__ascii_wctomb
                0x1000b6c0       0x1c C:/Users/yoshikawa/.pico-sdk/toolchain/13_2_Rel1/bin/../lib/gcc/arm-none-eabi/13.2.1/thumb/v6-m/nofp\libg.a(libc_a-wctomb_r.o)
                0x1000b6c0                __ascii_wctomb
 .text._strtoll_l.isra.0
                0x1000b6dc      0x1a0 C:/Users/yoshikawa/.pico-sdk/toolchain/13_2_Rel1/bin/../lib/gcc/arm-none-eabi/13.2.1/thumb/v6-m/nofp\libg.a(libc_a-strtoll.o)
 .text._strtoll_r
                0x1000b87c        0x8 C:/Users/yoshikawa/.pico-sdk/toolchain/13_2_Rel1/bin/../lib/gcc/arm-none-eabi/13.2.1/thumb/v6-m/nofp\libg.a(libc_a-strtoll.o)
                0x1000b87c                _strtoll_r
 .text._strtoull_l.isra.0
                0x1000b884      0x1c4 C:/Users/yoshikawa/.pico-sdk/toolchain/13_2_Rel1/bin/../lib/gcc/arm-none-eabi/13.2.1/thumb/v6-m/nofp\libg.a(libc_a-strtoull.o)
 .text._strtoull_r
                0x1000ba48        0x8 C:/Users/yoshikawa/.pico-sdk/toolchain/13_2_Rel1/bin/../lib/gcc/arm-none-eabi/13.2.1/thumb/v6-m/nofp\libg.a(libc_a-strtoull.o)
                0x1000ba48                _strtoull_r
 .text._mbrtowc_r
                0x1000ba50       0x54 C:/Users/yoshikawa/.pico-sdk/toolchain/13_2_Rel1/bin/../lib/gcc/arm-none-eabi/13.2.1/thumb/v6-m/nofp\libg.a(libc_a-mbrtowc.o)
                0x1000ba50                _mbrtowc_r
 .text.iswspace
                0x1000baa4        0xc C:/Users/yoshikawa/.pico-sdk/toolchain/13_2_Rel1/bin/../lib/gcc/arm-none-eabi/13.2.1/thumb/v6-m/nofp\libg.a(libc_a-iswspace.o)
                0x1000baa4                iswspace
 .text.iswspace_l
                0x1000bab0       0x24 C:/Users/yoshikawa/.pico-sdk/toolchain/13_2_Rel1/bin/../lib/gcc/arm-none-eabi/13.2.1/thumb/v6-m/nofp\libg.a(libc_a-iswspace_l.o)
                0x1000bab0                iswspace_l
 .text.__jp2uc  0x1000bad4      0x154 C:/Users/yoshikawa/.pico-sdk/toolchain/13_2_Rel1/bin/../lib/gcc/arm-none-eabi/13.2.1/thumb/v6-m/nofp\libg.a(libc_a-jp2uc.o)
 .text._jp2uc_l
                0x1000bc28       0x68 C:/Users/yoshikawa/.pico-sdk/toolchain/13_2_Rel1/bin/../lib/gcc/arm-none-eabi/13.2.1/thumb/v6-m/nofp\libg.a(libc_a-jp2uc.o)
                0x1000bc28                _jp2uc_l
 .text._sungetc_r
                0x1000bc90       0x80 C:/Users/yoshikawa/.pico-sdk/toolchain/13_2_Rel1/bin/../lib/gcc/arm-none-eabi/13.2.1/thumb/v6-m/nofp\libg.a(libc_a-svfiscanf.o)
                0x1000bc90                _sungetc_r
 .text.__ssrefill_r
                0x1000bd10       0x40 C:/Users/yoshikawa/.pico-sdk/toolchain/13_2_Rel1/bin/../lib/gcc/arm-none-eabi/13.2.1/thumb/v6-m/nofp\libg.a(libc_a-svfiscanf.o)
                0x1000bd10                __ssrefill_r
 .text._sfread_r
                0x1000bd50       0xbc C:/Users/yoshikawa/.pico-sdk/toolchain/13_2_Rel1/bin/../lib/gcc/arm-none-eabi/13.2.1/thumb/v6-m/nofp\libg.a(libc_a-svfiscanf.o)
                0x1000bd50                _sfread_r
 .text.__submore
                0x1000be0c       0x84 C:/Users/yoshikawa/.pico-sdk/toolchain/13_2_Rel1/bin/../lib/gcc/arm-none-eabi/13.2.1/thumb/v6-m/nofp\libg.a(libc_a-ungetc.o)
                0x1000be0c                __submore
 .text.strncmp  0x1000be90       0x74 C:/Users/yoshikawa/.pico-sdk/toolchain/13_2_Rel1/bin/../lib/gcc/arm-none-eabi/13.2.1/thumb/v6-m/nofp\libg.a(libc_a-strncmp.o)
                0x1000be90                strncmp
 .text.nan      0x1000bf04        0xc C:/Users/yoshikawa/.pico-sdk/toolchain/13_2_Rel1/bin/../lib/gcc/arm-none-eabi/13.2.1/thumb/v6-m/nofp\libg.a(libm_a-s_nan.o)
                0x1000bf04                nan
 .text.rshift   0x1000bf10       0xb0 C:/Users/yoshikawa/.pico-sdk/toolchain/13_2_Rel1/bin/../lib/gcc/arm-none-eabi/13.2.1/thumb/v6-m/nofp\libg.a(libc_a-gdtoa-gethex.o)
 .text.__gethex
                0x1000bfc0      0x5a8 C:/Users/yoshikawa/.pico-sdk/toolchain/13_2_Rel1/bin/../lib/gcc/arm-none-eabi/13.2.1/thumb/v6-m/nofp\libg.a(libc_a-gdtoa-gethex.o)
                0x1000bfc0                __gethex
 .text.__match  0x1000c568       0x2c C:/Users/yoshikawa/.pico-sdk/toolchain/13_2_Rel1/bin/../lib/gcc/arm-none-eabi/13.2.1/thumb/v6-m/nofp\libg.a(libc_a-gdtoa-hexnan.o)
                0x1000c568                __match
 .text.__hexnan
                0x1000c594      0x204 C:/Users/yoshikawa/.pico-sdk/toolchain/13_2_Rel1/bin/../lib/gcc/arm-none-eabi/13.2.1/thumb/v6-m/nofp\libg.a(libc_a-gdtoa-hexnan.o)
                0x1000c594                __hexnan