Archive member included to satisfy reference by file (symbol)

C:/Users/sadar/.pico-sdk/toolchain/13_2_Rel1/bin/../lib/gcc/arm-none-eabi/13.2.1/thumb/v8-m.main+fp/softfp\libm.a(libm_a-wf_sqrt.o)
                              CMakeFiles/rpico-motor-driver-diagnostic.dir/C_/Users/sadar/.pico-sdk/sdk/2.0.0/src/rp2_common/pico_float/float_math.c.obj (sqrtf)
C:/Users/sadar/.pico-sdk/toolchain/13_2_Rel1/bin/../lib/gcc/arm-none-eabi/13.2.1/thumb/v8-m.main+fp/softfp\libm.a(libm_a-ef_sqrt.o)
                              C:/Users/sadar/.pico-sdk/toolchain/13_2_Rel1/bin/../lib/gcc/arm-none-eabi/13.2.1/thumb/v8-m.main+fp/softfp\libm.a(libm_a-wf_sqrt.o) (__ieee754_sqrtf)
C:/Users/sadar/.pico-sdk/toolchain/13_2_Rel1/bin/../lib/gcc/arm-none-eabi/13.2.1/thumb/v8-m.main+fp/softfp\libgcc.a(_arm_addsubdf3.o)
                              CMakeFiles/rpico-motor-driver-diagnostic.dir/C_/Users/sadar/.pico-sdk/sdk/2.0.0/src/rp2_common/pico_float/float_math.c.obj (__aeabi_f2d)
C:/Users/sadar/.pico-sdk/toolchain/13_2_Rel1/bin/../lib/gcc/arm-none-eabi/13.2.1/thumb/v8-m.main+fp/softfp\libgcc.a(_aeabi_ldivmod.o)
                              CMakeFiles/rpico-motor-driver-diagnostic.dir/C_/Users/sadar/.pico-sdk/sdk/2.0.0/src/common/pico_time/time.c.obj (__aeabi_ldivmod)
C:/Users/sadar/.pico-sdk/toolchain/13_2_Rel1/bin/../lib/gcc/arm-none-eabi/13.2.1/thumb/v8-m.main+fp/softfp\libgcc.a(_aeabi_uldivmod.o)
                              CMakeFiles/rpico-motor-driver-diagnostic.dir/C_/Users/sadar/.pico-sdk/sdk/2.0.0/src/rp2_common/hardware_clocks/clocks.c.obj (__aeabi_uldivmod)
C:/Users/sadar/.pico-sdk/toolchain/13_2_Rel1/bin/../lib/gcc/arm-none-eabi/13.2.1/thumb/v8-m.main+fp/softfp\libgcc.a(_udivmoddi4.o)
                              C:/Users/sadar/.pico-sdk/toolchain/13_2_Rel1/bin/../lib/gcc/arm-none-eabi/13.2.1/thumb/v8-m.main+fp/softfp\libgcc.a(_aeabi_ldivmod.o) (__udivmoddi4)
C:/Users/sadar/.pico-sdk/toolchain/13_2_Rel1/bin/../lib/gcc/arm-none-eabi/13.2.1/thumb/v8-m.main+fp/softfp\libgcc.a(_dvmd_tls.o)
                              C:/Users/sadar/.pico-sdk/toolchain/13_2_Rel1/bin/../lib/gcc/arm-none-eabi/13.2.1/thumb/v8-m.main+fp/softfp\libgcc.a(_aeabi_ldivmod.o) (__aeabi_ldiv0)
C:/Users/sadar/.pico-sdk/toolchain/13_2_Rel1/bin/../lib/gcc/arm-none-eabi/13.2.1/thumb/v8-m.main+fp/softfp\libg.a(libc_a-calloc.o)
                              CMakeFiles/rpico-motor-driver-diagnostic.dir/C_/Users/sadar/.pico-sdk/sdk/2.0.0/src/rp2_common/pico_malloc/malloc.c.obj (calloc)
C:/Users/sadar/.pico-sdk/toolchain/13_2_Rel1/bin/../lib/gcc/arm-none-eabi/13.2.1/thumb/v8-m.main+fp/softfp\libg.a(libc_a-callocr.o)
                              C:/Users/sadar/.pico-sdk/toolchain/13_2_Rel1/bin/../lib/gcc/arm-none-eabi/13.2.1/thumb/v8-m.main+fp/softfp\libg.a(libc_a-calloc.o) (_calloc_r)
C:/Users/sadar/.pico-sdk/toolchain/13_2_Rel1/bin/../lib/gcc/arm-none-eabi/13.2.1/thumb/v8-m.main+fp/softfp\libg.a(libc_a-malloc.o)
                              CMakeFiles/rpico-motor-driver-diagnostic.dir/C_/Users/sadar/.pico-sdk/sdk/2.0.0/src/rp2_common/pico_malloc/malloc.c.obj (malloc)
C:/Users/sadar/.pico-sdk/toolchain/13_2_Rel1/bin/../lib/gcc/arm-none-eabi/13.2.1/thumb/v8-m.main+fp/softfp\libg.a(libc_a-mallocr.o)
                              C:/Users/sadar/.pico-sdk/toolchain/13_2_Rel1/bin/../lib/gcc/arm-none-eabi/13.2.1/thumb/v8-m.main+fp/softfp\libg.a(libc_a-callocr.o) (_malloc_r)
C:/Users/sadar/.pico-sdk/toolchain/13_2_Rel1/bin/../lib/gcc/arm-none-eabi/13.2.1/thumb/v8-m.main+fp/softfp\libg.a(libc_a-mlock.o)
                              C:/Users/sadar/.pico-sdk/toolchain/13_2_Rel1/bin/../lib/gcc/arm-none-eabi/13.2.1/thumb/v8-m.main+fp/softfp\libg.a(libc_a-mallocr.o) (__malloc_lock)
C:/Users/sadar/.pico-sdk/toolchain/13_2_Rel1/bin/../lib/gcc/arm-none-eabi/13.2.1/thumb/v8-m.main+fp/softfp\libg.a(libc_a-realloc.o)
                              CMakeFiles/rpico-motor-driver-diagnostic.dir/C_/Users/sadar/.pico-sdk/sdk/2.0.0/src/rp2_common/pico_malloc/malloc.c.obj (realloc)
C:/Users/sadar/.pico-sdk/toolchain/13_2_Rel1/bin/../lib/gcc/arm-none-eabi/13.2.1/thumb/v8-m.main+fp/softfp\libg.a(libc_a-reallocr.o)
                              C:/Users/sadar/.pico-sdk/toolchain/13_2_Rel1/bin/../lib/gcc/arm-none-eabi/13.2.1/thumb/v8-m.main+fp/softfp\libg.a(libc_a-realloc.o) (_realloc_r)
C:/Users/sadar/.pico-sdk/toolchain/13_2_Rel1/bin/../lib/gcc/arm-none-eabi/13.2.1/thumb/v8-m.main+fp/softfp\libg.a(libc_a-fflush.o)
                              CMakeFiles/rpico-motor-driver-diagnostic.dir/diagnostic_uart_gpio.cpp.obj (fflush)
C:/Users/sadar/.pico-sdk/toolchain/13_2_Rel1/bin/../lib/gcc/arm-none-eabi/13.2.1/thumb/v8-m.main+fp/softfp\libg.a(libc_a-findfp.o)
                              C:/Users/sadar/.pico-sdk/toolchain/13_2_Rel1/bin/../lib/gcc/arm-none-eabi/13.2.1/thumb/v8-m.main+fp/softfp\libg.a(libc_a-fflush.o) (__sglue)
C:/Users/sadar/.pico-sdk/toolchain/13_2_Rel1/bin/../lib/gcc/arm-none-eabi/13.2.1/thumb/v8-m.main+fp/softfp\libg.a(libc_a-fwalk.o)
[...]
Memory Configuration

Name             Origin             Length             Attributes
FLASH            0x10000000         0x00400000         xr
RAM              0x20000000         0x00080000         xrw
SCRATCH_X        0x20080000         0x00001000         xrw
SCRATCH_Y        0x20081000         0x00001000         xrw
*default*        0x00000000         0xffffffff

Linker script and memory map

LOAD C:/Users/sadar/.pico-sdk/toolchain/13_2_Rel1/bin/../lib/gcc/arm-none-eabi/13.2.1/thumb/v8-m.main+fp/softfp/crti.o
LOAD C:/Users/sadar/.pico-sdk/toolchain/13_2_Rel1/bin/../lib/gcc/arm-none-eabi/13.2.1/thumb/v8-m.main+fp/softfp/crtbegin.o
LOAD C:/Users/sadar/.pico-sdk/toolchain/13_2_Rel1/bin/../lib/gcc/arm-none-eabi/13.2.1/thumb/v8-m.main+fp/softfp/crt0.o

.flash_begin    0x10000000        0x0
                0x10000000                        __flash_binary_start = .

.text           0x10000000     0xc428
                0x10000000                        __logical_binary_start = .
 *(.vectors)
 .vectors       0x10000000      0x124 CMakeFiles/rpico-motor-driver-diagnostic.dir/C_/Users/sadar/.pico-sdk/sdk/2.0.0/src/rp2_common/pico_crt0/crt0.S.obj
                0x10000000                __VECTOR_TABLE
                0x10000000                __vectors
                0x10000110                __default_isrs_start
                0x10000110                isr_invalid
                0x10000112                isr_nmi
                0x10000114                isr_hardfault
                0x10000116                isr_svcall
                0x10000118                isr_pendsv
                0x1000011a                isr_systick
                0x1000011c                isr_irq31
                0x1000011c                isr_irq5
                0x1000011c                isr_irq11
                0x1000011c                isr_irq32
                0x1000011c                isr_irq23
                0x1000011c                isr_irq48
                0x1000011c                isr_irq35
                0x1000011c                isr_irq18
                0x1000011c                isr_irq50
                0x1000011c                isr_irq27
                0x1000011c                isr_irq40
                0x1000011c                isr_irq28
                0x1000011c                isr_irq19
                0x1000011c                isr_irq36
                0x1000011c                isr_irq41
                0x1000011c                isr_irq0
                0x1000011c                isr_irq6
                0x1000011c                isr_irq45
                0x1000011c                isr_irq12
                0x1000011c                isr_irq37
                0x1000011c                isr_irq42
                0x1000011c                isr_irq22
                0x1000011c                isr_irq43
                0x1000011c                isr_irq17
                0x1000011c                isr_irq38
                0x1000011c                isr_irq14
                0x1000011c                isr_irq13
                0x1000011c                isr_irq2
                0x1000011c                isr_irq10
                0x1000011c                isr_irq8
                0x1000011c                isr_irq24
                0x1000011c                isr_irq46
                0x1000011c                isr_irq1
                0x1000011c                isr_irq47
                0x1000011c                isr_irq51
                0x1000011c                isr_irq7
                0x1000011c                isr_irq21
                0x1000011c                isr_irq39
                0x1000011c                isr_irq20
                0x1000011c                isr_irq15
                0x1000011c                isr_irq25
                0x1000011c                isr_irq34
                0x1000011c                isr_irq49
                0x1000011c                __unhandled_user_irq
                0x1000011c                isr_irq4
                0x1000011c                isr_irq16
                0x1000011c                isr_irq44
                0x1000011c                isr_irq29
                0x1000011c                isr_irq26
                0x1000011c                __default_isrs_end
                0x1000011c                isr_irq33
                0x1000011c                isr_irq3
                0x1000011c                isr_irq30
                0x1000011c                isr_irq9
                0x10000122                unhandled_user_irq_num_in_r0
 *(.binary_info_header)
 .binary_info_header
                0x10000124       0x14 CMakeFiles/rpico-motor-driver-diagnostic.dir/C_/Users/sadar/.pico-sdk/sdk/2.0.0/src/rp2_common/pico_crt0/crt0.S.obj
                0x10000138                        __binary_info_header_end = .
 *(.embedded_block)
 .embedded_block
                0x10000138       0x14 CMakeFiles/rpico-motor-driver-diagnostic.dir/C_/Users/sadar/.pico-sdk/sdk/2.0.0/src/rp2_common/pico_crt0/crt0.S.obj
                0x1000014c                        __embedded_block_end = .
 *(.reset)
 .reset         0x1000014c       0xa0 CMakeFiles/rpico-motor-driver-diagnostic.dir/C_/Users/sadar/.pico-sdk/sdk/2.0.0/src/rp2_common/pico_crt0/crt0.S.obj
                0x1000014c                _entry_point
 *(.init)
 .init          0x100001ec        0x4 C:/Users/sadar/.pico-sdk/toolchain/13_2_Rel1/bin/../lib/gcc/arm-none-eabi/13.2.1/thumb/v8-m.main+fp/softfp/crti.o
                0x100001ec                _init
 *libgcc.a:cmse_nonsecure_call.o()
 *(EXCLUDE_FILE(*libm.a: *libc.a:*lib_a-mem*.o *libgcc.a:) .text*)
 .text.register_tm_clones
                0x100001f0       0x28 C:/Users/sadar/.pico-sdk/toolchain/13_2_Rel1/bin/../lib/gcc/arm-none-eabi/13.2.1/thumb/v8-m.main+fp/softfp/crtbegin.o
 .text.frame_dummy
                0x10000218       0x24 C:/Users/sadar/.pico-sdk/toolchain/13_2_Rel1/bin/../lib/gcc/arm-none-eabi/13.2.1/thumb/v8-m.main+fp/softfp/crtbegin.o
 .text._ZL19make_gpio_input_hizj
                0x1000023c       0x1c CMakeFiles/rpico-motor-driver-diagnostic.dir/diagnostic_uart_gpio.cpp.obj
 .text._ZL12debug_printfPKcz
                0x10000258       0x30 CMakeFiles/rpico-motor-driver-diagnostic.dir/diagnostic_uart_gpio.cpp.obj
 .text._ZL14log_gpio_levelPKcj
                0x10000288       0x28 CMakeFiles/rpico-motor-driver-diagnostic.dir/diagnostic_uart_gpio.cpp.obj
 .text.startup.main
                0x100002b0      0x30c CMakeFiles/rpico-motor-driver-diagnostic.dir/diagnostic_uart_gpio.cpp.obj
                0x100002b0                main
 .text.gpio_set_function
                0x100005bc       0x3c CMakeFiles/rpico-motor-driver-diagnostic.dir/C_/Users/sadar/.pico-sdk/sdk/2.0.0/src/rp2_common/hardware_gpio/gpio.c.obj
                0x100005bc                gpio_set_function
 .text.gpio_set_pulls
                0x100005f8       0x28 CMakeFiles/rpico-motor-driver-diagnostic.dir/C_/Users/sadar/.pico-sdk/sdk/2.0.0/src/rp2_common/hardware_gpio/gpio.c.obj
                0x100005f8                gpio_set_pulls
 .text.gpio_init
                0x10000620       0x48 CMakeFiles/rpico-motor-driver-diagnostic.dir/C_/Users/sadar/.pico-sdk/sdk/2.0.0/src/rp2_common/hardware_gpio/gpio.c.obj
                0x10000620                gpio_init
 .text.panic    0x10000668       0x30 CMakeFiles/rpico-motor-driver-diagnostic.dir/C_/Users/sadar/.pico-sdk/sdk/2.0.0/src/rp2_common/pico_platform_panic/panic.c.obj
                0x10000668                panic
 .text.hw_claim_or_assert
                0x10000698       0x58 CMakeFiles/rpico-motor-driver-diagnostic.dir/C_/Users/sadar/.pico-sdk/sdk/2.0.0/src/common/hardware_claim/claim.c.obj
                0x10000698                hw_claim_or_assert
 .text.hw_claim_unused_from_range
                0x100006f0       0x9c CMakeFiles/rpico-motor-driver-diagnostic.dir/C_/Users/sadar/.pico-sdk/sdk/2.0.0/src/common/hardware_claim/claim.c.obj
                0x100006f0                hw_claim_unused_from_range
 .text.next_striped_spin_lock_num
                0x1000078c       0x18 CMakeFiles/rpico-motor-driver-diagnostic.dir/C_/Users/sadar/.pico-sdk/sdk/2.0.0/src/rp2_common/hardware_sync/sync.c.obj
                0x1000078c                next_striped_spin_lock_num
 .text.spin_lock_claim_unused
                0x100007a4       0x20 CMakeFiles/rpico-motor-driver-diagnostic.dir/C_/Users/sadar/.pico-sdk/sdk/2.0.0/src/rp2_common/hardware_sync/sync.c.obj
                0x100007a4                spin_lock_claim_unused
 .text.spinlock_set_extexclall
                0x100007c4       0x10 CMakeFiles/rpico-motor-driver-diagnostic.dir/C_/Users/sadar/.pico-sdk/sdk/2.0.0/src/rp2_common/hardware_sync_spin_lock/sync_spin_lock.c.obj
 .text.spin_locks_reset
                0x100007d4       0x18 CMakeFiles/rpico-motor-driver-diagnostic.dir/C_/Users/sadar/.pico-sdk/sdk/2.0.0/src/rp2_common/hardware_sync_spin_lock/sync_spin_lock.c.obj
                0x100007d4                spin_locks_reset
 .text.runtime_init_per_core_irq_priorities
                0x100007ec       0x40 CMakeFiles/rpico-motor-driver-diagnostic.dir/C_/Users/sadar/.pico-sdk/sdk/2.0.0/src/rp2_common/hardware_irq/irq.c.obj
                0x100007ec                runtime_init_per_core_irq_priorities
 .text.irq_set_enabled
                0x1000082c       0x2c CMakeFiles/rpico-motor-driver-diagnostic.dir/C_/Users/sadar/.pico-sdk/sdk/2.0.0/src/rp2_common/hardware_irq/irq.c.obj
                0x1000082c                irq_set_enabled
 .text.irq_is_enabled
                0x10000858       0x20 CMakeFiles/rpico-motor-driver-diagnostic.dir/C_/Users/sadar/.pico-sdk/sdk/2.0.0/src/rp2_common/hardware_irq/irq.c.obj
                0x10000858                irq_is_enabled
 .text.irq_set_pending
                0x10000878       0x18 CMakeFiles/rpico-motor-driver-diagnostic.dir/C_/Users/sadar/.pico-sdk/sdk/2.0.0/src/rp2_common/hardware_irq/irq.c.obj
                0x10000878                irq_set_pending
 .text.irq_has_shared_handler
                0x10000890       0x24 CMakeFiles/rpico-motor-driver-diagnostic.dir/C_/Users/sadar/.pico-sdk/sdk/2.0.0/src/rp2_common/hardware_irq/irq.c.obj
                0x10000890                irq_has_shared_handler
 .text.irq_set_exclusive_handler
                0x100008b4       0x60 CMakeFiles/rpico-motor-driver-diagnostic.dir/C_/Users/sadar/.pico-sdk/sdk/2.0.0/src/rp2_common/hardware_irq/irq.c.obj
                0x100008b4                irq_set_exclusive_handler
 .text.irq_add_shared_handler
                0x10000914      0x1e8 CMakeFiles/rpico-motor-driver-diagnostic.dir/C_/Users/sadar/.pico-sdk/sdk/2.0.0/src/rp2_common/hardware_irq/irq.c.obj
                0x10000914                irq_add_shared_handler
 .text.irq_remove_handler
                0x10000afc      0x1fc CMakeFiles/rpico-motor-driver-diagnostic.dir/C_/Users/sadar/.pico-sdk/sdk/2.0.0/src/rp2_common/hardware_irq/irq.c.obj
                0x10000afc                irq_remove_handler
 .text.irq_add_tail_to_free_list
                0x10000cf8       0xbc CMakeFiles/rpico-motor-driver-diagnostic.dir/C_/Users/sadar/.pico-sdk/sdk/2.0.0/src/rp2_common/hardware_irq/irq.c.obj
                0x10000cf8                irq_add_tail_to_free_list
 .text.user_irq_claim_unused
                0x10000db4       0x28 CMakeFiles/rpico-motor-driver-diagnostic.dir/C_/Users/sadar/.pico-sdk/sdk/2.0.0/src/rp2_common/hardware_irq/irq.c.obj
                0x10000db4                user_irq_claim_unused
 .text.lock_init
                0x10000ddc        0xc CMakeFiles/rpico-motor-driver-diagnostic.dir/C_/Users/sadar/.pico-sdk/sdk/2.0.0/src/common/pico_sync/lock_core.c.obj
                0x10000ddc                lock_init
 .text.runtime_init_mutex
                0x10000de8       0x4c CMakeFiles/rpico-motor-driver-diagnostic.dir/C_/Users/sadar/.pico-sdk/sdk/2.0.0/src/common/pico_sync/mutex.c.obj
                0x10000de8                runtime_init_mutex
 .text.mutex_init
                0x10000e34       0x1c CMakeFiles/rpico-motor-driver-diagnostic.dir/C_/Users/sadar/.pico-sdk/sdk/2.0.0/src/common/pico_sync/mutex.c.obj
                0x10000e34                mutex_init
 .text.critical_section_init
                0x10000e50       0x1c CMakeFiles/rpico-motor-driver-diagnostic.dir/C_/Users/sadar/.pico-sdk/sdk/2.0.0/src/common/pico_sync/critical_section.c.obj
                0x10000e50                critical_section_init
 .text.critical_section_init_with_lock_num
                0x10000e6c       0x10 CMakeFiles/rpico-motor-driver-diagnostic.dir/C_/Users/sadar/.pico-sdk/sdk/2.0.0/src/common/pico_sync/critical_section.c.obj
                0x10000e6c                critical_section_init_with_lock_num
 .text.sleep_until_callback
                0x10000e7c       0x3c CMakeFiles/rpico-motor-driver-diagnostic.dir/C_/Users/sadar/.pico-sdk/sdk/2.0.0/src/common/pico_time/time.c.obj
 .text.alarm_pool_irq_handler
                0x10000eb8      0x2d0 CMakeFiles/rpico-motor-driver-diagnostic.dir/C_/Users/sadar/.pico-sdk/sdk/2.0.0/src/common/pico_time/time.c.obj
 .text.runtime_init_default_alarm_pool
                0x10001188      0x100 CMakeFiles/rpico-motor-driver-diagnostic.dir/C_/Users/sadar/.pico-sdk/sdk/2.0.0/src/common/pico_time/time.c.obj
                0x10001188                runtime_init_default_alarm_pool
 .text.alarm_pool_get_default
                0x10001288        0x8 CMakeFiles/rpico-motor-driver-diagnostic.dir/C_/Users/sadar/.pico-sdk/sdk/2.0.0/src/common/pico_time/time.c.obj
                0x10001288                alarm_pool_get_default
 .text.alarm_pool_add_alarm_at
                0x10001290       0xdc CMakeFiles/rpico-motor-driver-diagnostic.dir/C_/Users/sadar/.pico-sdk/sdk/2.0.0/src/common/pico_time/time.c.obj
                0x10001290                alarm_pool_add_alarm_at
 .text.alarm_pool_cancel_alarm
                0x1000136c       0x80 CMakeFiles/rpico-motor-driver-diagnostic.dir/C_/Users/sadar/.pico-sdk/sdk/2.0.0/src/common/pico_time/time.c.obj
                0x1000136c                alarm_pool_cancel_alarm
 .text.alarm_pool_core_num
                0x100013ec        0x4 CMakeFiles/rpico-motor-driver-diagnostic.dir/C_/Users/sadar/.pico-sdk/sdk/2.0.0/src/common/pico_time/time.c.obj
                0x100013ec                alarm_pool_core_num
 .text.best_effort_wfe_or_timeout
                0x100013f0      0x128 CMakeFiles/rpico-motor-driver-diagnostic.dir/C_/Users/sadar/.pico-sdk/sdk/2.0.0/src/common/pico_time/time.c.obj
                0x100013f0                best_effort_wfe_or_timeout
 .text.timer_hardware_alarm_claim
                0x10001518       0x24 CMakeFiles/rpico-motor-driver-diagnostic.dir/C_/Users/sadar/.pico-sdk/sdk/2.0.0/src/rp2_common/hardware_timer/timer.c.obj
                0x10001518                timer_hardware_alarm_claim
 .text.timer_time_us_64
                0x1000153c       0x10 CMakeFiles/rpico-motor-driver-diagnostic.dir/C_/Users/sadar/.pico-sdk/sdk/2.0.0/src/rp2_common/hardware_timer/timer.c.obj
                0x1000153c                timer_time_us_64
 .text.time_us_64
                0x1000154c       0x14 CMakeFiles/rpico-motor-driver-diagnostic.dir/C_/Users/sadar/.pico-sdk/sdk/2.0.0/src/rp2_common/hardware_timer/timer.c.obj
                0x1000154c                time_us_64
 .text.busy_wait_us
                0x10001560       0x64 CMakeFiles/rpico-motor-driver-diagnostic.dir/C_/Users/sadar/.pico-sdk/sdk/2.0.0/src/rp2_common/hardware_timer/timer.c.obj
                0x10001560                busy_wait_us
 .text.uart_init
                0x100015c4      0x104 CMakeFiles/rpico-motor-driver-diagnostic.dir/C_/Users/sadar/.pico-sdk/sdk/2.0.0/src/rp2_common/hardware_uart/uart.c.obj
                0x100015c4                uart_init
 .text.clock_configure_undivided
                0x100016c8       0xd0 CMakeFiles/rpico-motor-driver-diagnostic.dir/C_/Users/sadar/.pico-sdk/sdk/2.0.0/src/rp2_common/hardware_clocks/clocks.c.obj
                0x100016c8                clock_configure_undivided
 .text.clock_get_hz
                0x10001798        0xc CMakeFiles/rpico-motor-driver-diagnostic.dir/C_/Users/sadar/.pico-sdk/sdk/2.0.0/src/rp2_common/hardware_clocks/clocks.c.obj
                0x10001798                clock_get_hz
 .text.pll_init
                0x100017a4       0x8c CMakeFiles/rpico-motor-driver-diagnostic.dir/C_/Users/sadar/.pico-sdk/sdk/2.0.0/src/rp2_common/hardware_pll/pll.c.obj
                0x100017a4                pll_init
 .text.watchdog_reboot
                0x10001830       0x98 CMakeFiles/rpico-motor-driver-diagnostic.dir/C_/Users/sadar/.pico-sdk/sdk/2.0.0/src/rp2_common/hardware_watchdog/watchdog.c.obj
                0x10001830                watchdog_reboot
 .text.tick_start
                0x100018c8       0x18 CMakeFiles/rpico-motor-driver-diagnostic.dir/C_/Users/sadar/.pico-sdk/sdk/2.0.0/src/rp2_common/hardware_ticks/ticks.c.obj
                0x100018c8                tick_start
 .text.xosc_init
                0x100018e0       0x2c CMakeFiles/rpico-motor-driver-diagnostic.dir/C_/Users/sadar/.pico-sdk/sdk/2.0.0/src/rp2_common/hardware_xosc/xosc.c.obj
                0x100018e0                xosc_init
 .text.first_per_core_initializer
                0x1000190c        0x4 CMakeFiles/rpico-motor-driver-diagnostic.dir/C_/Users/sadar/.pico-sdk/sdk/2.0.0/src/rp2_common/pico_runtime/runtime.c.obj
 .text.hard_assertion_failure
                0x10001910        0xc CMakeFiles/rpico-motor-driver-diagnostic.dir/C_/Users/sadar/.pico-sdk/sdk/2.0.0/src/rp2_common/pico_runtime/runtime.c.obj
                0x10001910                hard_assertion_failure
 .text.runtime_run_initializers
                0x1000191c       0x20 CMakeFiles/rpico-motor-driver-diagnostic.dir/C_/Users/sadar/.pico-sdk/sdk/2.0.0/src/rp2_common/pico_runtime/runtime.c.obj
                0x1000191c                runtime_run_initializers
 .text.runtime_init_early_resets
                0x1000193c       0x34 CMakeFiles/rpico-motor-driver-diagnostic.dir/C_/Users/sadar/.pico-sdk/sdk/2.0.0/src/rp2_common/pico_runtime_init/runtime_init.c.obj
                0x1000193c                runtime_init_early_resets
 .text.runtime_init_usb_power_down
                0x10001970       0x1c CMakeFiles/rpico-motor-driver-diagnostic.dir/C_/Users/sadar/.pico-sdk/sdk/2.0.0/src/rp2_common/pico_runtime_init/runtime_init.c.obj
                0x10001970                runtime_init_usb_power_down
 .text.runtime_init_per_core_enable_coprocessors
                0x1000198c       0x1c CMakeFiles/rpico-motor-driver-diagnostic.dir/C_/Users/sadar/.pico-sdk/sdk/2.0.0/src/rp2_common/pico_runtime_init/runtime_init.c.obj
                0x1000198c                runtime_init_per_core_enable_coprocessors
 .text.runtime_init_post_clock_resets
                0x100019a8       0x20 CMakeFiles/rpico-motor-driver-diagnostic.dir/C_/Users/sadar/.pico-sdk/sdk/2.0.0/src/rp2_common/pico_runtime_init/runtime_init.c.obj
                0x100019a8                runtime_init_post_clock_resets
 .text.runtime_init_bootrom_reset
                0x100019c8       0x14 CMakeFiles/rpico-motor-driver-diagnostic.dir/C_/Users/sadar/.pico-sdk/sdk/2.0.0/src/rp2_common/pico_runtime_init/runtime_init.c.obj
                0x100019c8                runtime_init_bootrom_reset
 .text.runtime_init_per_core_bootrom_reset
                0x100019dc       0x14 CMakeFiles/rpico-motor-driver-diagnostic.dir/C_/Users/sadar/.pico-sdk/sdk/2.0.0/src/rp2_common/pico_runtime_init/runtime_init.c.obj
                0x100019dc                runtime_init_per_core_bootrom_reset
 .text.runtime_init_spin_locks_reset
                0x100019f0        0x4 CMakeFiles/rpico-motor-driver-diagnostic.dir/C_/Users/sadar/.pico-sdk/sdk/2.0.0/src/rp2_common/pico_runtime_init/runtime_init.c.obj
                0x100019f0                runtime_init_spin_locks_reset
 .text.runtime_init_install_ram_vector_table
                0x100019f4       0x20 CMakeFiles/rpico-motor-driver-diagnostic.dir/C_/Users/sadar/.pico-sdk/sdk/2.0.0/src/rp2_common/pico_runtime_init/runtime_init.c.obj
                0x100019f4                runtime_init_install_ram_vector_table
 .text.runtime_init_clocks
                0x10001a14       0xdc CMakeFiles/rpico-motor-driver-diagnostic.dir/C_/Users/sadar/.pico-sdk/sdk/2.0.0/src/rp2_common/pico_runtime_init/runtime_init_clocks.c.obj
                0x10001a14                runtime_init_clocks
 .text.rom_func_lookup
                0x10001af0       0x20 CMakeFiles/rpico-motor-driver-diagnostic.dir/C_/Users/sadar/.pico-sdk/sdk/2.0.0/src/rp2_common/pico_bootrom/bootrom.c.obj
                0x10001af0                rom_func_lookup
 .text.rom_reset_usb_boot
                0x10001b10       0x44 CMakeFiles/rpico-motor-driver-diagnostic.dir/C_/Users/sadar/.pico-sdk/sdk/2.0.0/src/rp2_common/pico_bootrom/bootrom.c.obj
                0x10001b10                rom_reset_usb_boot
 .text.runtime_init_bootrom_locking_enable
                0x10001b54       0x14 CMakeFiles/rpico-motor-driver-diagnostic.dir/C_/Users/sadar/.pico-sdk/sdk/2.0.0/src/rp2_common/pico_bootrom/bootrom_lock.c.obj
                0x10001b54                runtime_init_bootrom_locking_enable
 .text.runtime_init_boot_locks_reset
                0x10001b68       0x1c CMakeFiles/rpico-motor-driver-diagnostic.dir/C_/Users/sadar/.pico-sdk/sdk/2.0.0/src/rp2_common/hardware_boot_lock/boot_lock.c.obj
                0x10001b68                runtime_init_boot_locks_reset
 .text.__rp2350_dcp_engaged_state_save_restore
                0x10001b84       0x3a CMakeFiles/rpico-motor-driver-diagnostic.dir/C_/Users/sadar/.pico-sdk/sdk/2.0.0/src/rp2_common/pico_double/double_aeabi_dcp.S.obj
 *fill*         0x10001bbe        0x2 
 .text.__wrap___aeabi_dadd
                0x10001bc0       0x28 CMakeFiles/rpico-motor-driver-diagnostic.dir/C_/Users/sadar/.pico-sdk/sdk/2.0.0/src/rp2_common/pico_double/double_aeabi_dcp.S.obj
                0x10001bc8                __wrap___aeabi_dadd
 .text.__wrap___aeabi_dsub
                0x10001be8       0x28 CMakeFiles/rpico-motor-driver-diagnostic.dir/C_/Users/sadar/.pico-sdk/sdk/2.0.0/src/rp2_common/pico_double/double_aeabi_dcp.S.obj
                0x10001bf0                __wrap___aeabi_dsub
 .text.__wrap___aeabi_dmul
                0x10001c10       0x4c CMakeFiles/rpico-motor-driver-diagnostic.dir/C_/Users/sadar/.pico-sdk/sdk/2.0.0/src/rp2_common/pico_double/double_aeabi_dcp.S.obj
                0x10001c18                __wrap___aeabi_dmul
 .text.__wrap___aeabi_ddiv
                0x10001c5c       0x9c CMakeFiles/rpico-motor-driver-diagnostic.dir/C_/Users/sadar/.pico-sdk/sdk/2.0.0/src/rp2_common/pico_double/double_aeabi_dcp.S.obj
                0x10001c64                __wrap___aeabi_ddiv
 .text.__wrap___aeabi_d2f
                0x10001cf8       0x1c CMakeFiles/rpico-motor-driver-diagnostic.dir/C_/Users/sadar/.pico-sdk/sdk/2.0.0/src/rp2_common/pico_double/double_aeabi_dcp.S.obj
                0x10001d00                __wrap___aeabi_d2f
 .text.__wrap___aeabi_i2d
                0x10001d14       0x24 CMakeFiles/rpico-motor-driver-diagnostic.dir/C_/Users/sadar/.pico-sdk/sdk/2.0.0/src/rp2_common/pico_double/double_aeabi_dcp.S.obj
                0x10001d1c                __wrap___aeabi_i2d
 .text.__wrap___aeabi_ui2d
                0x10001d38       0x24 CMakeFiles/rpico-motor-driver-diagnostic.dir/C_/Users/sadar/.pico-sdk/sdk/2.0.0/src/rp2_common/pico_double/double_aeabi_dcp.S.obj
                0x10001d40                __wrap___aeabi_ui2d
 .text.__wrap___aeabi_d2iz
                0x10001d5c       0x24 CMakeFiles/rpico-motor-driver-diagnostic.dir/C_/Users/sadar/.pico-sdk/sdk/2.0.0/src/rp2_common/pico_double/double_aeabi_dcp.S.obj
                0x10001d64                __wrap___aeabi_d2iz
 .text.__wrap___aeabi_d2uiz
                0x10001d80       0x24 CMakeFiles/rpico-motor-driver-diagnostic.dir/C_/Users/sadar/.pico-sdk/sdk/2.0.0/src/rp2_common/pico_double/double_aeabi_dcp.S.obj
                0x10001d88                __wrap___aeabi_d2uiz
 .text.__wrap___aeabi_dcmpun
                0x10001da4       0x24 CMakeFiles/rpico-motor-driver-diagnostic.dir/C_/Users/sadar/.pico-sdk/sdk/2.0.0/src/rp2_common/pico_double/double_aeabi_dcp.S.obj
                0x10001dac                __wrap___aeabi_dcmpun
 .text.__wrap___aeabi_dcmpeq
                0x10001dc8       0x24 CMakeFiles/rpico-motor-driver-diagnostic.dir/C_/Users/sadar/.pico-sdk/sdk/2.0.0/src/rp2_common/pico_double/double_aeabi_dcp.S.obj
                0x10001dd0                __wrap___aeabi_dcmpeq
 .text.__wrap___aeabi_dcmplt
                0x10001dec       0x28 CMakeFiles/rpico-motor-driver-diagnostic.dir/C_/Users/sadar/.pico-sdk/sdk/2.0.0/src/rp2_common/pico_double/double_aeabi_dcp.S.obj
                0x10001df4                __wrap___aeabi_dcmplt
 .text.__wrap___aeabi_dcmple
                0x10001e14       0x28 CMakeFiles/rpico-motor-driver-diagnostic.dir/C_/Users/sadar/.pico-sdk/sdk/2.0.0/src/rp2_common/pico_double/double_aeabi_dcp.S.obj
                0x10001e1c                __wrap___aeabi_dcmple
 .text.__wrap___aeabi_dcmpge
                0x10001e3c       0x28 CMakeFiles/rpico-motor-driver-diagnostic.dir/C_/Users/sadar/.pico-sdk/sdk/2.0.0/src/rp2_common/pico_double/double_aeabi_dcp.S.obj
                0x10001e44                __wrap___aeabi_dcmpge
 .text.__wrap___aeabi_dcmpgt
                0x10001e64       0x28 CMakeFiles/rpico-motor-driver-diagnostic.dir/C_/Users/sadar/.pico-sdk/sdk/2.0.0/src/rp2_common/pico_double/double_aeabi_dcp.S.obj
                0x10001e6c                __wrap___aeabi_dcmpgt
 .text.__wrap_conv_tod
                0x10001e8c      0x20c CMakeFiles/rpico-motor-driver-diagnostic.dir/C_/Users/sadar/.pico-sdk/sdk/2.0.0/src/rp2_common/pico_double/double_conv_m33.S.obj
                0x10001e8c                __wrap___aeabi_l2d
                0x10001e8c                int642double
                0x10001e8e                fix642double
                0x10001f32                __wrap___aeabi_ul2d
                0x10001f32                uint642double
                0x10001f34                ufix642double
                0x10001fc8                fix2double
                0x10002038                ufix2double
 .text.__wrap_conv_dtoi64
                0x10002098       0xa0 CMakeFiles/rpico-motor-driver-diagnostic.dir/C_/Users/sadar/.pico-sdk/sdk/2.0.0/src/rp2_common/pico_double/double_conv_m33.S.obj
                0x10002098                __wrap___aeabi_d2lz
                0x10002098                double2int64_z
                0x1000209a                double2fix64_z
 .text.__wrap_malloc
                0x10002138       0x24 CMakeFiles/rpico-motor-driver-diagnostic.dir/C_/Users/sadar/.pico-sdk/sdk/2.0.0/src/rp2_common/pico_malloc/malloc.c.obj
                0x10002138                __wrap_malloc
 .text.__wrap_realloc
                0x1000215c       0x24 CMakeFiles/rpico-motor-driver-diagnostic.dir/C_/Users/sadar/.pico-sdk/sdk/2.0.0/src/rp2_common/pico_malloc/malloc.c.obj
                0x1000215c                __wrap_realloc
 .text.__wrap_free
                0x10002180        0x4 CMakeFiles/rpico-motor-driver-diagnostic.dir/C_/Users/sadar/.pico-sdk/sdk/2.0.0/src/rp2_common/pico_malloc/malloc.c.obj
                0x10002180                __wrap_free
 .text._out_buffer
                0x10002184        0x8 CMakeFiles/rpico-motor-driver-diagnostic.dir/C_/Users/sadar/.pico-sdk/sdk/2.0.0/src/rp2_common/pico_printf/printf.c.obj
 .text._out_null
                0x1000218c        0x4 CMakeFiles/rpico-motor-driver-diagnostic.dir/C_/Users/sadar/.pico-sdk/sdk/2.0.0/src/rp2_common/pico_printf/printf.c.obj
 .text._out_rev
                0x10002190       0x9c CMakeFiles/rpico-motor-driver-diagnostic.dir/C_/Users/sadar/.pico-sdk/sdk/2.0.0/src/rp2_common/pico_printf/printf.c.obj
 .text._ntoa_format
                0x1000222c      0x2a4 CMakeFiles/rpico-motor-driver-diagnostic.dir/C_/Users/sadar/.pico-sdk/sdk/2.0.0/src/rp2_common/pico_printf/printf.c.obj
 .text._out_char
                0x100024d0        0x8 CMakeFiles/rpico-motor-driver-diagnostic.dir/C_/Users/sadar/.pico-sdk/sdk/2.0.0/src/rp2_common/pico_printf/printf.c.obj
 .text._out_fct
                0x100024d8        0xc CMakeFiles/rpico-motor-driver-diagnostic.dir/C_/Users/sadar/.pico-sdk/sdk/2.0.0/src/rp2_common/pico_printf/printf.c.obj
 *fill*         0x100024e4        0x4 
 .text._etoa    0x100024e8      0x460 CMakeFiles/rpico-motor-driver-diagnostic.dir/C_/Users/sadar/.pico-sdk/sdk/2.0.0/src/rp2_common/pico_printf/printf.c.obj
 .text._ftoa    0x10002948      0x3f4 CMakeFiles/rpico-motor-driver-diagnostic.dir/C_/Users/sadar/.pico-sdk/sdk/2.0.0/src/rp2_common/pico_printf/printf.c.obj
 .text._vsnprintf
                0x10002d3c      0x9e8 CMakeFiles/rpico-motor-driver-diagnostic.dir/C_/Users/sadar/.pico-sdk/sdk/2.0.0/src/rp2_common/pico_printf/printf.c.obj
 .text.__wrap_sprintf
                0x10003724       0x2c CMakeFiles/rpico-motor-driver-diagnostic.dir/C_/Users/sadar/.pico-sdk/sdk/2.0.0/src/rp2_common/pico_printf/printf.c.obj
                0x10003724                __wrap_sprintf
 .text.vfctprintf
                0x10003750       0x28 CMakeFiles/rpico-motor-driver-diagnostic.dir/C_/Users/sadar/.pico-sdk/sdk/2.0.0/src/rp2_common/pico_printf/printf.c.obj
                0x10003750                vfctprintf
 .text.weak_raw_printf
                0x10003778       0x48 CMakeFiles/rpico-motor-driver-diagnostic.dir/C_/Users/sadar/.pico-sdk/sdk/2.0.0/src/rp2_common/pico_printf/printf.c.obj
                0x10003778                weak_raw_printf
 .text.weak_raw_vprintf
                0x100037c0       0x30 CMakeFiles/rpico-motor-driver-diagnostic.dir/C_/Users/sadar/.pico-sdk/sdk/2.0.0/src/rp2_common/pico_printf/printf.c.obj
                0x100037c0                weak_raw_vprintf
 .text._exit    0x100037f0        0x4 CMakeFiles/rpico-motor-driver-diagnostic.dir/C_/Users/sadar/.pico-sdk/sdk/2.0.0/src/rp2_common/pico_clib_interface/newlib_interface.c.obj
                0x100037f0                _exit
 .text._sbrk    0x100037f4       0x2c CMakeFiles/rpico-motor-driver-diagnostic.dir/C_/Users/sadar/.pico-sdk/sdk/2.0.0/src/rp2_common/pico_clib_interface/newlib_interface.c.obj
                0x100037f4                _sbrk
 .text._read    0x10003820       0x1c CMakeFiles/rpico-motor-driver-diagnostic.dir/C_/Users/sadar/.pico-sdk/sdk/2.0.0/src/rp2_common/pico_clib_interface/newlib_interface.c.obj
                0x10003820                _read
 .text._write   0x1000383c       0x20 CMakeFiles/rpico-motor-driver-diagnostic.dir/C_/Users/sadar/.pico-sdk/sdk/2.0.0/src/rp2_common/pico_clib_interface/newlib_interface.c.obj
                0x1000383c                _write
 .text._close   0x1000385c        0x8 CMakeFiles/rpico-motor-driver-diagnostic.dir/C_/Users/sadar/.pico-sdk/sdk/2.0.0/src/rp2_common/pico_clib_interface/newlib_interface.c.obj
                0x1000385c                _close
 .text._lseek   0x10003864        0x8 CMakeFiles/rpico-motor-driver-diagnostic.dir/C_/Users/sadar/.pico-sdk/sdk/2.0.0/src/rp2_common/pico_clib_interface/newlib_interface.c.obj
                0x10003864                _lseek
 .text.exit     0x1000386c        0x8 CMakeFiles/rpico-motor-driver-diagnostic.dir/C_/Users/sadar/.pico-sdk/sdk/2.0.0/src/rp2_common/pico_clib_interface/newlib_interface.c.obj
                0x1000386c                exit
 .text.__assert_func
                0x10003874       0x34 CMakeFiles/rpico-motor-driver-diagnostic.dir/C_/Users/sadar/.pico-sdk/sdk/2.0.0/src/rp2_common/pico_clib_interface/newlib_interface.c.obj
                0x10003874                __assert_func
 .text.runtime_init
                0x100038a8       0x24 CMakeFiles/rpico-motor-driver-diagnostic.dir/C_/Users/sadar/.pico-sdk/sdk/2.0.0/src/rp2_common/pico_clib_interface/newlib_interface.c.obj
                0x100038a8                runtime_init
 .text.stdio_out_chars_no_crlf
                0x100038cc        0x8 CMakeFiles/rpico-motor-driver-diagnostic.dir/C_/Users/sadar/.pico-sdk/sdk/2.0.0/src/rp2_common/pico_stdio/stdio.c.obj
 .text.stdio_out_chars_crlf
                0x100038d4       0xac CMakeFiles/rpico-motor-driver-diagnostic.dir/C_/Users/sadar/.pico-sdk/sdk/2.0.0/src/rp2_common/pico_stdio/stdio.c.obj
 .text.stdio_buffered_printer
                0x10003980       0x60 CMakeFiles/rpico-motor-driver-diagnostic.dir/C_/Users/sadar/.pico-sdk/sdk/2.0.0/src/rp2_common/pico_stdio/stdio.c.obj
 .text.stdio_put_string
                0x100039e0       0xf0 CMakeFiles/rpico-motor-driver-diagnostic.dir/C_/Users/sadar/.pico-sdk/sdk/2.0.0/src/rp2_common/pico_stdio/stdio.c.obj
                0x100039e0                stdio_put_string
 .text.stdio_get_until
                0x10003ad0       0x7c CMakeFiles/rpico-motor-driver-diagnostic.dir/C_/Users/sadar/.pico-sdk/sdk/2.0.0/src/rp2_common/pico_stdio/stdio.c.obj
                0x10003ad0                stdio_get_until
 .text.stdio_set_driver_enabled
                0x10003b4c       0x30 CMakeFiles/rpico-motor-driver-diagnostic.dir/C_/Users/sadar/.pico-sdk/sdk/2.0.0/src/rp2_common/pico_stdio/stdio.c.obj
                0x10003b4c                stdio_set_driver_enabled
 .text.stdio_getchar_timeout_us
                0x10003b7c       0x8c CMakeFiles/rpico-motor-driver-diagnostic.dir/C_/Users/sadar/.pico-sdk/sdk/2.0.0/src/rp2_common/pico_stdio/stdio.c.obj
                0x10003b7c                stdio_getchar_timeout_us
 .text.__wrap_putchar
                0x10003c08       0x84 CMakeFiles/rpico-motor-driver-diagnostic.dir/C_/Users/sadar/.pico-sdk/sdk/2.0.0/src/rp2_common/pico_stdio/stdio.c.obj
                0x10003c08                __wrap_putchar
                0x10003c08                stdio_putchar
 .text.__wrap_puts
                0x10003c8c       0x3c CMakeFiles/rpico-motor-driver-diagnostic.dir/C_/Users/sadar/.pico-sdk/sdk/2.0.0/src/rp2_common/pico_stdio/stdio.c.obj
                0x10003c8c                stdio_puts
                0x10003c8c                __wrap_puts
 .text.__wrap_vprintf
                0x10003cc8       0xc8 CMakeFiles/rpico-motor-driver-diagnostic.dir/C_/Users/sadar/.pico-sdk/sdk/2.0.0/src/rp2_common/pico_stdio/stdio.c.obj
                0x10003cc8                stdio_vprintf
                0x10003cc8                __wrap_vprintf
 .text.__wrap_printf
                0x10003d90       0x1c CMakeFiles/rpico-motor-driver-diagnostic.dir/C_/Users/sadar/.pico-sdk/sdk/2.0.0/src/rp2_common/pico_stdio/stdio.c.obj
                0x10003d90                __wrap_printf
                0x10003d90                stdio_printf
 .text.stdio_uart_out_chars
                0x10003dac       0x50 CMakeFiles/rpico-motor-driver-diagnostic.dir/C_/Users/sadar/.pico-sdk/sdk/2.0.0/src/rp2_common/pico_stdio_uart/stdio_uart.c.obj
 .text.stdio_uart_in_chars
                0x10003dfc       0x94 CMakeFiles/rpico-motor-driver-diagnostic.dir/C_/Users/sadar/.pico-sdk/sdk/2.0.0/src/rp2_common/pico_stdio_uart/stdio_uart.c.obj
                0x10003dfc                stdio_uart_in_chars
 .text.on_uart_rx
                0x10003e90       0x24 CMakeFiles/rpico-motor-driver-diagnostic.dir/C_/Users/sadar/.pico-sdk/sdk/2.0.0/src/rp2_common/pico_stdio_uart/stdio_uart.c.obj
 .text.stdio_uart_out_flush
                0x10003eb4       0x10 CMakeFiles/rpico-motor-driver-diagnostic.dir/C_/Users/sadar/.pico-sdk/sdk/2.0.0/src/rp2_common/pico_stdio_uart/stdio_uart.c.obj
 .text.stdio_uart_set_chars_available_callback
                0x10003ec4       0x94 CMakeFiles/rpico-motor-driver-diagnostic.dir/C_/Users/sadar/.pico-sdk/sdk/2.0.0/src/rp2_common/pico_stdio_uart/stdio_uart.c.obj
 .text.stdio_uart_init_full
                0x10003f58       0x4c CMakeFiles/rpico-motor-driver-diagnostic.dir/C_/Users/sadar/.pico-sdk/sdk/2.0.0/src/rp2_common/pico_stdio_uart/stdio_uart.c.obj
                0x10003f58                stdio_uart_init_full
 .text.resetd_init
                0x10003fa4        0x4 CMakeFiles/rpico-motor-driver-diagnostic.dir/C_/Users/sadar/.pico-sdk/sdk/2.0.0/src/rp2_common/pico_stdio_usb/reset_interface.c.obj
 .text.resetd_reset
                0x10003fa8        0xc CMakeFiles/rpico-motor-driver-diagnostic.dir/C_/Users/sadar/.pico-sdk/sdk/2.0.0/src/rp2_common/pico_stdio_usb/reset_interface.c.obj
 .text.resetd_open
                0x10003fb4       0x28 CMakeFiles/rpico-motor-driver-diagnostic.dir/C_/Users/sadar/.pico-sdk/sdk/2.0.0/src/rp2_common/pico_stdio_usb/reset_interface.c.obj
 .text.resetd_xfer_cb
                0x10003fdc        0x4 CMakeFiles/rpico-motor-driver-diagnostic.dir/C_/Users/sadar/.pico-sdk/sdk/2.0.0/src/rp2_common/pico_stdio_usb/reset_interface.c.obj
 .text.resetd_control_xfer_cb
                0x10003fe0       0x4c CMakeFiles/rpico-motor-driver-diagnostic.dir/C_/Users/sadar/.pico-sdk/sdk/2.0.0/src/rp2_common/pico_stdio_usb/reset_interface.c.obj
 .text.tud_descriptor_bos_cb
                0x1000402c        0x8 CMakeFiles/rpico-motor-driver-diagnostic.dir/C_/Users/sadar/.pico-sdk/sdk/2.0.0/src/rp2_common/pico_stdio_usb/reset_interface.c.obj
                0x1000402c                tud_descriptor_bos_cb
 .text.tud_vendor_control_xfer_cb
                0x10004034       0x28 CMakeFiles/rpico-motor-driver-diagnostic.dir/C_/Users/sadar/.pico-sdk/sdk/2.0.0/src/rp2_common/pico_stdio_usb/reset_interface.c.obj
                0x10004034                tud_vendor_control_xfer_cb
 .text.usbd_app_driver_get_cb
                0x1000405c       0x10 CMakeFiles/rpico-motor-driver-diagnostic.dir/C_/Users/sadar/.pico-sdk/sdk/2.0.0/src/rp2_common/pico_stdio_usb/reset_interface.c.obj
                0x1000405c                usbd_app_driver_get_cb
 .text.tud_cdc_line_coding_cb
                0x1000406c       0x14 CMakeFiles/rpico-motor-driver-diagnostic.dir/C_/Users/sadar/.pico-sdk/sdk/2.0.0/src/rp2_common/pico_stdio_usb/reset_interface.c.obj
                0x1000406c                tud_cdc_line_coding_cb
 .text.stdio_usb_set_chars_available_callback
                0x10004080       0x14 CMakeFiles/rpico-motor-driver-diagnostic.dir/C_/Users/sadar/.pico-sdk/sdk/2.0.0/src/rp2_common/pico_stdio_usb/stdio_usb.c.obj
                0x10004080                stdio_usb_set_chars_available_callback
 .text.timer_task
                0x10004094       0x70 CMakeFiles/rpico-motor-driver-diagnostic.dir/C_/Users/sadar/.pico-sdk/sdk/2.0.0/src/rp2_common/pico_stdio_usb/stdio_usb.c.obj
 .text.usb_irq  0x10004104        0xc CMakeFiles/rpico-motor-driver-diagnostic.dir/C_/Users/sadar/.pico-sdk/sdk/2.0.0/src/rp2_common/pico_stdio_usb/stdio_usb.c.obj
 .text.stdio_usb_in_chars
                0x10004110       0x88 CMakeFiles/rpico-motor-driver-diagnostic.dir/C_/Users/sadar/.pico-sdk/sdk/2.0.0/src/rp2_common/pico_stdio_usb/stdio_usb.c.obj
                0x10004110                stdio_usb_in_chars
 .text.stdio_usb_out_flush
                0x10004198       0x54 CMakeFiles/rpico-motor-driver-diagnostic.dir/C_/Users/sadar/.pico-sdk/sdk/2.0.0/src/rp2_common/pico_stdio_usb/stdio_usb.c.obj
 .text.stdio_usb_out_chars
                0x100041ec       0xf4 CMakeFiles/rpico-motor-driver-diagnostic.dir/C_/Users/sadar/.pico-sdk/sdk/2.0.0/src/rp2_common/pico_stdio_usb/stdio_usb.c.obj
 .text.low_priority_worker_irq
                0x100042e0       0xd8 CMakeFiles/rpico-motor-driver-diagnostic.dir/C_/Users/sadar/.pico-sdk/sdk/2.0.0/src/rp2_common/pico_stdio_usb/stdio_usb.c.obj
 .text.stdio_usb_init
                0x100043b8       0xe4 CMakeFiles/rpico-motor-driver-diagnostic.dir/C_/Users/sadar/.pico-sdk/sdk/2.0.0/src/rp2_common/pico_stdio_usb/stdio_usb.c.obj
                0x100043b8                stdio_usb_init
 .text.tud_descriptor_device_cb
                0x1000449c        0x8 CMakeFiles/rpico-motor-driver-diagnostic.dir/C_/Users/sadar/.pico-sdk/sdk/2.0.0/src/rp2_common/pico_stdio_usb/stdio_usb_descriptors.c.obj
                0x1000449c                tud_descriptor_device_cb
 .text.tud_descriptor_configuration_cb
                0x100044a4        0x8 CMakeFiles/rpico-motor-driver-diagnostic.dir/C_/Users/sadar/.pico-sdk/sdk/2.0.0/src/rp2_common/pico_stdio_usb/stdio_usb_descriptors.c.obj
                0x100044a4                tud_descriptor_configuration_cb
 .text.tud_descriptor_string_cb
                0x100044ac       0x70 CMakeFiles/rpico-motor-driver-diagnostic.dir/C_/Users/sadar/.pico-sdk/sdk/2.0.0/src/rp2_common/pico_stdio_usb/stdio_usb_descriptors.c.obj
                0x100044ac                tud_descriptor_string_cb
 .text.startup._retrieve_unique_id_on_boot
                0x1000451c       0x30 CMakeFiles/rpico-motor-driver-diagnostic.dir/C_/Users/sadar/.pico-sdk/sdk/2.0.0/src/rp2_common/pico_unique_id/unique_id.c.obj
 .text.pico_get_unique_board_id_string
                0x1000454c      0x184 CMakeFiles/rpico-motor-driver-diagnostic.dir/C_/Users/sadar/.pico-sdk/sdk/2.0.0/src/rp2_common/pico_unique_id/unique_id.c.obj
                0x1000454c                pico_get_unique_board_id_string
 .text.dcd_init
                0x100046d0       0x90 CMakeFiles/rpico-motor-driver-diagnostic.dir/C_/Users/sadar/.pico-sdk/sdk/2.0.0/lib/tinyusb/src/portable/raspberrypi/rp2040/dcd_rp2040.c.obj
                0x100046d0                dcd_init
 .text.dcd_int_enable
                0x10004760        0x8 CMakeFiles/rpico-motor-driver-diagnostic.dir/C_/Users/sadar/.pico-sdk/sdk/2.0.0/lib/tinyusb/src/portable/raspberrypi/rp2040/dcd_rp2040.c.obj
                0x10004760                dcd_int_enable
 .text.dcd_set_address
                0x10004768       0x10 CMakeFiles/rpico-motor-driver-diagnostic.dir/C_/Users/sadar/.pico-sdk/sdk/2.0.0/lib/tinyusb/src/portable/raspberrypi/rp2040/dcd_rp2040.c.obj
                0x10004768                dcd_set_address
 .text.dcd_sof_enable
                0x10004778       0x1c CMakeFiles/rpico-motor-driver-diagnostic.dir/C_/Users/sadar/.pico-sdk/sdk/2.0.0/lib/tinyusb/src/portable/raspberrypi/rp2040/dcd_rp2040.c.obj
                0x10004778                dcd_sof_enable
 .text.dcd_edpt0_status_complete
                0x10004794       0x1c CMakeFiles/rpico-motor-driver-diagnostic.dir/C_/Users/sadar/.pico-sdk/sdk/2.0.0/lib/tinyusb/src/portable/raspberrypi/rp2040/dcd_rp2040.c.obj
                0x10004794                dcd_edpt0_status_complete
 .text.dcd_edpt_open
                0x100047b0       0xf8 CMakeFiles/rpico-motor-driver-diagnostic.dir/C_/Users/sadar/.pico-sdk/sdk/2.0.0/lib/tinyusb/src/portable/raspberrypi/rp2040/dcd_rp2040.c.obj
                0x100047b0                dcd_edpt_open
 .text.dcd_edpt_close_all
                0x100048a8        0x4 CMakeFiles/rpico-motor-driver-diagnostic.dir/C_/Users/sadar/.pico-sdk/sdk/2.0.0/lib/tinyusb/src/portable/raspberrypi/rp2040/dcd_rp2040.c.obj
                0x100048a8                dcd_edpt_close_all
 .text.dcd_edpt_xfer
                0x100048ac       0x28 CMakeFiles/rpico-motor-driver-diagnostic.dir/C_/Users/sadar/.pico-sdk/sdk/2.0.0/lib/tinyusb/src/portable/raspberrypi/rp2040/dcd_rp2040.c.obj
                0x100048ac                dcd_edpt_xfer
 .text.dcd_edpt_stall
                0x100048d4       0x2c CMakeFiles/rpico-motor-driver-diagnostic.dir/C_/Users/sadar/.pico-sdk/sdk/2.0.0/lib/tinyusb/src/portable/raspberrypi/rp2040/dcd_rp2040.c.obj
                0x100048d4                dcd_edpt_stall
 .text.dcd_edpt_clear_stall
                0x10004900       0x2c CMakeFiles/rpico-motor-driver-diagnostic.dir/C_/Users/sadar/.pico-sdk/sdk/2.0.0/lib/tinyusb/src/portable/raspberrypi/rp2040/dcd_rp2040.c.obj
                0x10004900                dcd_edpt_clear_stall
 .text.rp2040_usb_init
                0x1000492c       0x40 CMakeFiles/rpico-motor-driver-diagnostic.dir/C_/Users/sadar/.pico-sdk/sdk/2.0.0/lib/tinyusb/src/portable/raspberrypi/rp2040/rp2040_usb.c.obj
                0x1000492c                rp2040_usb_init
 .text.hw_endpoint_xfer_start
                0x1000496c       0x40 CMakeFiles/rpico-motor-driver-diagnostic.dir/C_/Users/sadar/.pico-sdk/sdk/2.0.0/lib/tinyusb/src/portable/raspberrypi/rp2040/rp2040_usb.c.obj
                0x1000496c                hw_endpoint_xfer_start
 .text.configuration_reset
                0x100049ac       0x8c CMakeFiles/rpico-motor-driver-diagnostic.dir/C_/Users/sadar/.pico-sdk/sdk/2.0.0/lib/tinyusb/src/device/usbd.c.obj
 .text.tud_event_hook_cb
                0x10004a38        0x4 CMakeFiles/rpico-motor-driver-diagnostic.dir/C_/Users/sadar/.pico-sdk/sdk/2.0.0/lib/tinyusb/src/device/usbd.c.obj
                0x10004a38                tud_event_hook_cb
 .text.tud_sof_cb
                0x10004a3c        0x4 CMakeFiles/rpico-motor-driver-diagnostic.dir/C_/Users/sadar/.pico-sdk/sdk/2.0.0/lib/tinyusb/src/device/usbd.c.obj
                0x10004a3c                tud_sof_cb
 .text.tud_descriptor_device_qualifier_cb
                0x10004a40        0x4 CMakeFiles/rpico-motor-driver-diagnostic.dir/C_/Users/sadar/.pico-sdk/sdk/2.0.0/lib/tinyusb/src/device/usbd.c.obj
                0x10004a40                tud_descriptor_device_qualifier_cb
 .text.tud_descriptor_other_speed_configuration_cb
                0x10004a44        0x4 CMakeFiles/rpico-motor-driver-diagnostic.dir/C_/Users/sadar/.pico-sdk/sdk/2.0.0/lib/tinyusb/src/device/usbd.c.obj
                0x10004a44                tud_descriptor_other_speed_configuration_cb
 .text.tud_mount_cb
                0x10004a48        0x4 CMakeFiles/rpico-motor-driver-diagnostic.dir/C_/Users/sadar/.pico-sdk/sdk/2.0.0/lib/tinyusb/src/device/usbd.c.obj
                0x10004a48                tud_mount_cb
 .text.tud_umount_cb
                0x10004a4c        0x4 CMakeFiles/rpico-motor-driver-diagnostic.dir/C_/Users/sadar/.pico-sdk/sdk/2.0.0/lib/tinyusb/src/device/usbd.c.obj
                0x10004a4c                tud_umount_cb
 .text.tud_suspend_cb
                0x10004a50        0x4 CMakeFiles/rpico-motor-driver-diagnostic.dir/C_/Users/sadar/.pico-sdk/sdk/2.0.0/lib/tinyusb/src/device/usbd.c.obj
                0x10004a50                tud_suspend_cb
 .text.tud_resume_cb
                0x10004a54        0x4 CMakeFiles/rpico-motor-driver-diagnostic.dir/C_/Users/sadar/.pico-sdk/sdk/2.0.0/lib/tinyusb/src/device/usbd.c.obj
                0x10004a54                tud_resume_cb
 .text.tud_mounted
                0x10004a58       0x10 CMakeFiles/rpico-motor-driver-diagnostic.dir/C_/Users/sadar/.pico-sdk/sdk/2.0.0/lib/tinyusb/src/device/usbd.c.obj
                0x10004a58                tud_mounted
 .text.tud_suspended
                0x10004a68       0x10 CMakeFiles/rpico-motor-driver-diagnostic.dir/C_/Users/sadar/.pico-sdk/sdk/2.0.0/lib/tinyusb/src/device/usbd.c.obj
                0x10004a68                tud_suspended
 .text.tud_init
                0x10004a78       0xe8 CMakeFiles/rpico-motor-driver-diagnostic.dir/C_/Users/sadar/.pico-sdk/sdk/2.0.0/lib/tinyusb/src/device/usbd.c.obj
                0x10004a78                tud_init
 .text.tud_task_ext
                0x10004b60      0x784 CMakeFiles/rpico-motor-driver-diagnostic.dir/C_/Users/sadar/.pico-sdk/sdk/2.0.0/lib/tinyusb/src/device/usbd.c.obj
                0x10004b60                tud_task_ext
 .text.usbd_open_edpt_pair
                0x100052e4       0x9c CMakeFiles/rpico-motor-driver-diagnostic.dir/C_/Users/sadar/.pico-sdk/sdk/2.0.0/lib/tinyusb/src/device/usbd.c.obj
                0x100052e4                usbd_open_edpt_pair
 .text.usbd_edpt_open
                0x10005380       0x44 CMakeFiles/rpico-motor-driver-diagnostic.dir/C_/Users/sadar/.pico-sdk/sdk/2.0.0/lib/tinyusb/src/device/usbd.c.obj
                0x10005380                usbd_edpt_open
 .text.usbd_edpt_claim
                0x100053c4       0x24 CMakeFiles/rpico-motor-driver-diagnostic.dir/C_/Users/sadar/.pico-sdk/sdk/2.0.0/lib/tinyusb/src/device/usbd.c.obj
                0x100053c4                usbd_edpt_claim
 .text.usbd_edpt_release
                0x100053e8       0x24 CMakeFiles/rpico-motor-driver-diagnostic.dir/C_/Users/sadar/.pico-sdk/sdk/2.0.0/lib/tinyusb/src/device/usbd.c.obj
                0x100053e8                usbd_edpt_release
 .text.usbd_edpt_xfer
                0x1000540c       0x70 CMakeFiles/rpico-motor-driver-diagnostic.dir/C_/Users/sadar/.pico-sdk/sdk/2.0.0/lib/tinyusb/src/device/usbd.c.obj
                0x1000540c                usbd_edpt_xfer
 .text.tud_control_status
                0x1000547c       0x34 CMakeFiles/rpico-motor-driver-diagnostic.dir/C_/Users/sadar/.pico-sdk/sdk/2.0.0/lib/tinyusb/src/device/usbd_control.c.obj
                0x1000547c                tud_control_status
 .text.tud_control_xfer
                0x100054b0       0xac CMakeFiles/rpico-motor-driver-diagnostic.dir/C_/Users/sadar/.pico-sdk/sdk/2.0.0/lib/tinyusb/src/device/usbd_control.c.obj
                0x100054b0                tud_control_xfer
 .text.usbd_control_reset
                0x1000555c       0x14 CMakeFiles/rpico-motor-driver-diagnostic.dir/C_/Users/sadar/.pico-sdk/sdk/2.0.0/lib/tinyusb/src/device/usbd_control.c.obj
                0x1000555c                usbd_control_reset
 .text.usbd_control_set_complete_callback
                0x10005570        0xc CMakeFiles/rpico-motor-driver-diagnostic.dir/C_/Users/sadar/.pico-sdk/sdk/2.0.0/lib/tinyusb/src/device/usbd_control.c.obj
                0x10005570                usbd_control_set_complete_callback
 .text.usbd_control_set_request
                0x1000557c       0x1c CMakeFiles/rpico-motor-driver-diagnostic.dir/C_/Users/sadar/.pico-sdk/sdk/2.0.0/lib/tinyusb/src/device/usbd_control.c.obj
                0x1000557c                usbd_control_set_request
 .text.usbd_control_xfer_cb
                0x10005598       0xfc CMakeFiles/rpico-motor-driver-diagnostic.dir/C_/Users/sadar/.pico-sdk/sdk/2.0.0/lib/tinyusb/src/device/usbd_control.c.obj
                0x10005598                usbd_control_xfer_cb
 .text._prep_out_transaction.isra.0
                0x10005694       0x60 CMakeFiles/rpico-motor-driver-diagnostic.dir/C_/Users/sadar/.pico-sdk/sdk/2.0.0/lib/tinyusb/src/class/cdc/cdc_device.c.obj
 .text.tud_cdc_n_connected
                0x100056f4       0x2c CMakeFiles/rpico-motor-driver-diagnostic.dir/C_/Users/sadar/.pico-sdk/sdk/2.0.0/lib/tinyusb/src/class/cdc/cdc_device.c.obj
                0x100056f4                tud_cdc_n_connected
 .text.tud_cdc_n_available
                0x10005720       0x18 CMakeFiles/rpico-motor-driver-diagnostic.dir/C_/Users/sadar/.pico-sdk/sdk/2.0.0/lib/tinyusb/src/class/cdc/cdc_device.c.obj
                0x10005720                tud_cdc_n_available
 .text.tud_cdc_n_read
                0x10005738       0x90 CMakeFiles/rpico-motor-driver-diagnostic.dir/C_/Users/sadar/.pico-sdk/sdk/2.0.0/lib/tinyusb/src/class/cdc/cdc_device.c.obj
                0x10005738                tud_cdc_n_read
 .text.tud_cdc_n_write_flush
                0x100057c8       0x8c CMakeFiles/rpico-motor-driver-diagnostic.dir/C_/Users/sadar/.pico-sdk/sdk/2.0.0/lib/tinyusb/src/class/cdc/cdc_device.c.obj
                0x100057c8                tud_cdc_n_write_flush
 .text.tud_cdc_n_write
                0x10005854       0x40 CMakeFiles/rpico-motor-driver-diagnostic.dir/C_/Users/sadar/.pico-sdk/sdk/2.0.0/lib/tinyusb/src/class/cdc/cdc_device.c.obj
                0x10005854                tud_cdc_n_write
 .text.tud_cdc_n_write_available
                0x10005894       0x18 CMakeFiles/rpico-motor-driver-diagnostic.dir/C_/Users/sadar/.pico-sdk/sdk/2.0.0/lib/tinyusb/src/class/cdc/cdc_device.c.obj
                0x10005894                tud_cdc_n_write_available
 .text.cdcd_init
                0x100058ac       0x78 CMakeFiles/rpico-motor-driver-diagnostic.dir/C_/Users/sadar/.pico-sdk/sdk/2.0.0/lib/tinyusb/src/class/cdc/cdc_device.c.obj
                0x100058ac                cdcd_init
 .text.cdcd_deinit
                0x10005924       0x2c CMakeFiles/rpico-motor-driver-diagnostic.dir/C_/Users/sadar/.pico-sdk/sdk/2.0.0/lib/tinyusb/src/class/cdc/cdc_device.c.obj
                0x10005924                cdcd_deinit
 .text.cdcd_reset
                0x10005950       0x4c CMakeFiles/rpico-motor-driver-diagnostic.dir/C_/Users/sadar/.pico-sdk/sdk/2.0.0/lib/tinyusb/src/class/cdc/cdc_device.c.obj
                0x10005950                cdcd_reset
 .text.cdcd_open
                0x1000599c       0xb4 CMakeFiles/rpico-motor-driver-diagnostic.dir/C_/Users/sadar/.pico-sdk/sdk/2.0.0/lib/tinyusb/src/class/cdc/cdc_device.c.obj
                0x1000599c                cdcd_open
 .text.cdcd_control_xfer_cb
                0x10005a50       0xc4 CMakeFiles/rpico-motor-driver-diagnostic.dir/C_/Users/sadar/.pico-sdk/sdk/2.0.0/lib/tinyusb/src/class/cdc/cdc_device.c.obj
                0x10005a50                cdcd_control_xfer_cb
 .text.cdcd_xfer_cb
                0x10005b14       0xfc CMakeFiles/rpico-motor-driver-diagnostic.dir/C_/Users/sadar/.pico-sdk/sdk/2.0.0/lib/tinyusb/src/class/cdc/cdc_device.c.obj
                0x10005b14                cdcd_xfer_cb
 .text.tud_vendor_n_write_flush
                0x10005c10       0x8c CMakeFiles/rpico-motor-driver-diagnostic.dir/C_/Users/sadar/.pico-sdk/sdk/2.0.0/lib/tinyusb/src/class/vendor/vendor_device.c.obj
                0x10005c10                tud_vendor_n_write_flush
 .text.vendord_init
                0x10005c9c       0x60 CMakeFiles/rpico-motor-driver-diagnostic.dir/C_/Users/sadar/.pico-sdk/sdk/2.0.0/lib/tinyusb/src/class/vendor/vendor_device.c.obj
                0x10005c9c                vendord_init
 .text.vendord_deinit
                0x10005cfc       0x34 CMakeFiles/rpico-motor-driver-diagnostic.dir/C_/Users/sadar/.pico-sdk/sdk/2.0.0/lib/tinyusb/src/class/vendor/vendor_device.c.obj
                0x10005cfc                vendord_deinit
 .text.vendord_reset
                0x10005d30       0x20 CMakeFiles/rpico-motor-driver-diagnostic.dir/C_/Users/sadar/.pico-sdk/sdk/2.0.0/lib/tinyusb/src/class/vendor/vendor_device.c.obj
                0x10005d30                vendord_reset
 .text.vendord_open
                0x10005d50       0xcc CMakeFiles/rpico-motor-driver-diagnostic.dir/C_/Users/sadar/.pico-sdk/sdk/2.0.0/lib/tinyusb/src/class/vendor/vendor_device.c.obj
                0x10005d50                vendord_open
 .text.vendord_xfer_cb
                0x10005e1c       0xbc CMakeFiles/rpico-motor-driver-diagnostic.dir/C_/Users/sadar/.pico-sdk/sdk/2.0.0/lib/tinyusb/src/class/vendor/vendor_device.c.obj
                0x10005e1c                vendord_xfer_cb
 .text.tusb_init
                0x10005ed8       0x1c CMakeFiles/rpico-motor-driver-diagnostic.dir/C_/Users/sadar/.pico-sdk/sdk/2.0.0/lib/tinyusb/src/tusb.c.obj
                0x10005ed8                tusb_init
 .text.tu_edpt_claim
                0x10005ef4       0x54 CMakeFiles/rpico-motor-driver-diagnostic.dir/C_/Users/sadar/.pico-sdk/sdk/2.0.0/lib/tinyusb/src/tusb.c.obj
                0x10005ef4                tu_edpt_claim
 .text.tu_edpt_release
                0x10005f48       0x38 CMakeFiles/rpico-motor-driver-diagnostic.dir/C_/Users/sadar/.pico-sdk/sdk/2.0.0/lib/tinyusb/src/tusb.c.obj
                0x10005f48                tu_edpt_release
 .text.tu_edpt_validate
                0x10005f80       0x64 CMakeFiles/rpico-motor-driver-diagnostic.dir/C_/Users/sadar/.pico-sdk/sdk/2.0.0/lib/tinyusb/src/tusb.c.obj
                0x10005f80                tu_edpt_validate
 .text.tu_edpt_bind_driver
                0x10005fe4       0x58 CMakeFiles/rpico-motor-driver-diagnostic.dir/C_/Users/sadar/.pico-sdk/sdk/2.0.0/lib/tinyusb/src/tusb.c.obj
                0x10005fe4                tu_edpt_bind_driver
 .text.tu_fifo_config
                0x1000603c       0x60 CMakeFiles/rpico-motor-driver-diagnostic.dir/C_/Users/sadar/.pico-sdk/sdk/2.0.0/lib/tinyusb/src/common/tusb_fifo.c.obj
                0x1000603c                tu_fifo_config
 .text.tu_fifo_count
                0x1000609c       0x20 CMakeFiles/rpico-motor-driver-diagnostic.dir/C_/Users/sadar/.pico-sdk/sdk/2.0.0/lib/tinyusb/src/common/tusb_fifo.c.obj
                0x1000609c                tu_fifo_count
 .text.tu_fifo_empty
                0x100060bc       0x14 CMakeFiles/rpico-motor-driver-diagnostic.dir/C_/Users/sadar/.pico-sdk/sdk/2.0.0/lib/tinyusb/src/common/tusb_fifo.c.obj
                0x100060bc                tu_fifo_empty
 .text.tu_fifo_remaining
                0x100060d0       0x24 CMakeFiles/rpico-motor-driver-diagnostic.dir/C_/Users/sadar/.pico-sdk/sdk/2.0.0/lib/tinyusb/src/common/tusb_fifo.c.obj
                0x100060d0                tu_fifo_remaining
 .text.tu_fifo_read
                0x100060f4       0x94 CMakeFiles/rpico-motor-driver-diagnostic.dir/C_/Users/sadar/.pico-sdk/sdk/2.0.0/lib/tinyusb/src/common/tusb_fifo.c.obj
                0x100060f4                tu_fifo_read
 .text.tu_fifo_read_n
                0x10006188       0xd8 CMakeFiles/rpico-motor-driver-diagnostic.dir/C_/Users/sadar/.pico-sdk/sdk/2.0.0/lib/tinyusb/src/common/tusb_fifo.c.obj
                0x10006188                tu_fifo_read_n
 .text.tu_fifo_write
                0x10006260       0xa0 CMakeFiles/rpico-motor-driver-diagnostic.dir/C_/Users/sadar/.pico-sdk/sdk/2.0.0/lib/tinyusb/src/common/tusb_fifo.c.obj
                0x10006260                tu_fifo_write
 .text.tu_fifo_write_n
                0x10006300      0x158 CMakeFiles/rpico-motor-driver-diagnostic.dir/C_/Users/sadar/.pico-sdk/sdk/2.0.0/lib/tinyusb/src/common/tusb_fifo.c.obj
                0x10006300                tu_fifo_write_n
 .text.tu_fifo_clear
                0x10006458       0x38 CMakeFiles/rpico-motor-driver-diagnostic.dir/C_/Users/sadar/.pico-sdk/sdk/2.0.0/lib/tinyusb/src/common/tusb_fifo.c.obj
                0x10006458                tu_fifo_clear
 .text.tu_fifo_set_overwritable
                0x10006490       0x3c CMakeFiles/rpico-motor-driver-diagnostic.dir/C_/Users/sadar/.pico-sdk/sdk/2.0.0/lib/tinyusb/src/common/tusb_fifo.c.obj
                0x10006490                tu_fifo_set_overwritable
 .text._calloc_r
                0x100064cc       0x70 C:/Users/sadar/.pico-sdk/toolchain/13_2_Rel1/bin/../lib/gcc/arm-none-eabi/13.2.1/thumb/v8-m.main+fp/softfp\libg.a(libc_a-callocr.o)
                0x100064cc                _calloc_r
 .text.malloc   0x1000653c       0x10 C:/Users/sadar/.pico-sdk/toolchain/13_2_Rel1/bin/../lib/gcc/arm-none-eabi/13.2.1/thumb/v8-m.main+fp/softfp\libg.a(libc_a-malloc.o)
                0x1000653c                malloc
 .text.free     0x1000654c       0x10 C:/Users/sadar/.pico-sdk/toolchain/13_2_Rel1/bin/../lib/gcc/arm-none-eabi/13.2.1/thumb/v8-m.main+fp/softfp\libg.a(libc_a-malloc.o)
                0x1000654c                free
 .text._malloc_r
                0x1000655c      0x554 C:/Users/sadar/.pico-sdk/toolchain/13_2_Rel1/bin/../lib/gcc/arm-none-eabi/13.2.1/thumb/v8-m.main+fp/softfp\libg.a(libc_a-mallocr.o)
                0x1000655c                _malloc_r
 .text.__malloc_lock
                0x10006ab0        0xc C:/Users/sadar/.pico-sdk/toolchain/13_2_Rel1/bin/../lib/gcc/arm-none-eabi/13.2.1/thumb/v8-m.main+fp/softfp\libg.a(libc_a-mlock.o)
                0x10006ab0                __malloc_lock
 .text.__malloc_unlock
                0x10006abc        0xc C:/Users/sadar/.pico-sdk/toolchain/13_2_Rel1/bin/../lib/gcc/arm-none-eabi/13.2.1/thumb/v8-m.main+fp/softfp\libg.a(libc_a-mlock.o)
                0x10006abc                __malloc_unlock
 .text.realloc  0x10006ac8       0x10 C:/Users/sadar/.pico-sdk/toolchain/13_2_Rel1/bin/../lib/gcc/arm-none-eabi/13.2.1/thumb/v8-m.main+fp/softfp\libg.a(libc_a-realloc.o)
                0x10006ac8                realloc
 .text._realloc_r
                0x10006ad8      0x370 C:/Users/sadar/.pico-sdk/toolchain/13_2_Rel1/bin/../lib/gcc/arm-none-eabi/13.2.1/thumb/v8-m.main+fp/softfp\libg.a(libc_a-reallocr.o)
                0x10006ad8                _realloc_r
 .text.__sflush_r
                0x10006e48      0x138 C:/Users/sadar/.pico-sdk/toolchain/13_2_Rel1/bin/../lib/gcc/arm-none-eabi/13.2.1/thumb/v8-m.main+fp/softfp\libg.a(libc_a-fflush.o)
                0x10006e48                __sflush_r
 .text._fflush_r
                0x10006f80       0x54 C:/Users/sadar/.pico-sdk/toolchain/13_2_Rel1/bin/../lib/gcc/arm-none-eabi/13.2.1/thumb/v8-m.main+fp/softfp\libg.a(libc_a-fflush.o)
                0x10006f80                _fflush_r
 .text.fflush   0x10006fd4       0x74 C:/Users/sadar/.pico-sdk/toolchain/13_2_Rel1/bin/../lib/gcc/arm-none-eabi/13.2.1/thumb/v8-m.main+fp/softfp\libg.a(libc_a-fflush.o)
                0x10006fd4                fflush
 .text.stdio_exit_handler
                0x10007048       0x18 C:/Users/sadar/.pico-sdk/toolchain/13_2_Rel1/bin/../lib/gcc/arm-none-eabi/13.2.1/thumb/v8-m.main+fp/softfp\libg.a(libc_a-findfp.o)
 .text.cleanup_stdio
                0x10007060       0x40 C:/Users/sadar/.pico-sdk/toolchain/13_2_Rel1/bin/../lib/gcc/arm-none-eabi/13.2.1/thumb/v8-m.main+fp/softfp\libg.a(libc_a-findfp.o)
 .text.global_stdio_init.part.0
                0x100070a0       0xf0 C:/Users/sadar/.pico-sdk/toolchain/13_2_Rel1/bin/../lib/gcc/arm-none-eabi/13.2.1/thumb/v8-m.main+fp/softfp\libg.a(libc_a-findfp.o)
 .text.__sinit  0x10007190       0x3c C:/Users/sadar/.pico-sdk/toolchain/13_2_Rel1/bin/../lib/gcc/arm-none-eabi/13.2.1/thumb/v8-m.main+fp/softfp\libg.a(libc_a-findfp.o)
                0x10007190                __sinit
 .text.__sfp_lock_acquire
                0x100071cc        0xc C:/Users/sadar/.pico-sdk/toolchain/13_2_Rel1/bin/../lib/gcc/arm-none-eabi/13.2.1/thumb/v8-m.main+fp/softfp\libg.a(libc_a-findfp.o)
                0x100071cc                __sfp_lock_acquire
 .text.__sfp_lock_release
                0x100071d8        0xc C:/Users/sadar/.pico-sdk/toolchain/13_2_Rel1/bin/../lib/gcc/arm-none-eabi/13.2.1/thumb/v8-m.main+fp/softfp\libg.a(libc_a-findfp.o)
                0x100071d8                __sfp_lock_release
 .text._fwalk_sglue
                0x100071e4       0x44 C:/Users/sadar/.pico-sdk/toolchain/13_2_Rel1/bin/../lib/gcc/arm-none-eabi/13.2.1/thumb/v8-m.main+fp/softfp\libg.a(libc_a-fwalk.o)
                0x100071e4                _fwalk_sglue
 .text.sscanf   0x10007228       0x54 C:/Users/sadar/.pico-sdk/toolchain/13_2_Rel1/bin/../lib/gcc/arm-none-eabi/13.2.1/thumb/v8-m.main+fp/softfp\libg.a(libc_a-sscanf.o)
                0x10007228                sscanf
 .text.__sread  0x1000727c       0x24 C:/Users/sadar/.pico-sdk/toolchain/13_2_Rel1/bin/../lib/gcc/arm-none-eabi/13.2.1/thumb/v8-m.main+fp/softfp\libg.a(libc_a-stdio.o)
                0x1000727c                __sread
 .text.__seofread
                0x100072a0        0x4 C:/Users/sadar/.pico-sdk/toolchain/13_2_Rel1/bin/../lib/gcc/arm-none-eabi/13.2.1/thumb/v8-m.main+fp/softfp\libg.a(libc_a-stdio.o)
                0x100072a0                __seofread
 .text.__swrite
                0x100072a4       0x40 C:/Users/sadar/.pico-sdk/toolchain/13_2_Rel1/bin/../lib/gcc/arm-none-eabi/13.2.1/thumb/v8-m.main+fp/softfp\libg.a(libc_a-stdio.o)
                0x100072a4                __swrite
 .text.__sseek  0x100072e4       0x28 C:/Users/sadar/.pico-sdk/toolchain/13_2_Rel1/bin/../lib/gcc/arm-none-eabi/13.2.1/thumb/v8-m.main+fp/softfp\libg.a(libc_a-stdio.o)
                0x100072e4                __sseek
 .text.__sclose
                0x1000730c        0x8 C:/Users/sadar/.pico-sdk/toolchain/13_2_Rel1/bin/../lib/gcc/arm-none-eabi/13.2.1/thumb/v8-m.main+fp/softfp\libg.a(libc_a-stdio.o)
                0x1000730c                __sclose
 .text.memmove  0x10007314      0x100 C:/Users/sadar/.pico-sdk/toolchain/13_2_Rel1/bin/../lib/gcc/arm-none-eabi/13.2.1/thumb/v8-m.main+fp/softfp\libg.a(libc_a-memmove.o)
                0x10007314                memmove
 .text.memset   0x10007414       0xa4 C:/Users/sadar/.pico-sdk/toolchain/13_2_Rel1/bin/../lib/gcc/arm-none-eabi/13.2.1/thumb/v8-m.main+fp/softfp\libg.a(libc_a-memset.o)
                0x10007414                memset
 .text._close_r
                0x100074b8       0x24 C:/Users/sadar/.pico-sdk/toolchain/13_2_Rel1/bin/../lib/gcc/arm-none-eabi/13.2.1/thumb/v8-m.main+fp/softfp\libg.a(libc_a-closer.o)
                0x100074b8                _close_r
 .text._lseek_r
                0x100074dc       0x2c C:/Users/sadar/.pico-sdk/toolchain/13_2_Rel1/bin/../lib/gcc/arm-none-eabi/13.2.1/thumb/v8-m.main+fp/softfp\libg.a(libc_a-lseekr.o)
                0x100074dc                _lseek_r
 .text._read_r  0x10007508       0x2c C:/Users/sadar/.pico-sdk/toolchain/13_2_Rel1/bin/../lib/gcc/arm-none-eabi/13.2.1/thumb/v8-m.main+fp/softfp\libg.a(libc_a-readr.o)
                0x10007508                _read_r
 .text._sbrk_r  0x10007534       0x24 C:/Users/sadar/.pico-sdk/toolchain/13_2_Rel1/bin/../lib/gcc/arm-none-eabi/13.2.1/thumb/v8-m.main+fp/softfp\libg.a(libc_a-sbrkr.o)
                0x10007534                _sbrk_r
 .text._write_r
                0x10007558       0x2c C:/Users/sadar/.pico-sdk/toolchain/13_2_Rel1/bin/../lib/gcc/arm-none-eabi/13.2.1/thumb/v8-m.main+fp/softfp\libg.a(libc_a-writer.o)
                0x10007558                _write_r
 .text.__errno  0x10007584        0xc C:/Users/sadar/.pico-sdk/toolchain/13_2_Rel1/bin/../lib/gcc/arm-none-eabi/13.2.1/thumb/v8-m.main+fp/softfp\libg.a(libc_a-errno.o)
                0x10007584                __errno
 .text.__retarget_lock_init_recursive
                0x10007590        0x4 C:/Users/sadar/.pico-sdk/toolchain/13_2_Rel1/bin/../lib/gcc/arm-none-eabi/13.2.1/thumb/v8-m.main+fp/softfp\libg.a(libc_a-lock.o)
                0x10007590                __retarget_lock_init_recursive
 .text.__retarget_lock_close_recursive
                0x10007594        0x4 C:/Users/sadar/.pico-sdk/toolchain/13_2_Rel1/bin/../lib/gcc/arm-none-eabi/13.2.1/thumb/v8-m.main+fp/softfp\libg.a(libc_a-lock.o)
                0x10007594                __retarget_lock_close_recursive
 .text.__retarget_lock_acquire_recursive
                0x10007598        0x4 C:/Users/sadar/.pico-sdk/toolchain/13_2_Rel1/bin/../lib/gcc/arm-none-eabi/13.2.1/thumb/v8-m.main+fp/softfp\libg.a(libc_a-lock.o)
                0x10007598                __retarget_lock_acquire_recursive
 .text.__retarget_lock_release_recursive
                0x1000759c        0x4 C:/Users/sadar/.pico-sdk/toolchain/13_2_Rel1/bin/../lib/gcc/arm-none-eabi/13.2.1/thumb/v8-m.main+fp/softfp\libg.a(libc_a-lock.o)
                0x1000759c                __retarget_lock_release_recursive
 .text.sysconf  0x100075a0       0x1c C:/Users/sadar/.pico-sdk/toolchain/13_2_Rel1/bin/../lib/gcc/arm-none-eabi/13.2.1/thumb/v8-m.main+fp/softfp\libg.a(libc_a-sysconf.o)
                0x100075a0                sysconf
 .text          0x100075bc       0xec C:/Users/sadar/.pico-sdk/toolchain/13_2_Rel1/bin/../lib/gcc/arm-none-eabi/13.2.1/thumb/v8-m.main+fp/softfp\libg.a(libc_a-memcpy.o)
                0x100075bc                memcpy
 .text.strlen   0x100076a8       0x5c C:/Users/sadar/.pico-sdk/toolchain/13_2_Rel1/bin/../lib/gcc/arm-none-eabi/13.2.1/thumb/v8-m.main+fp/softfp\libg.a(libc_a-strlen-stub.o)
                0x100076a8                strlen
 .text._malloc_trim_r
                0x10007704       0xb8 C:/Users/sadar/.pico-sdk/toolchain/13_2_Rel1/bin/../lib/gcc/arm-none-eabi/13.2.1/thumb/v8-m.main+fp/softfp\libg.a(libc_a-freer.o)
                0x10007704                _malloc_trim_r
 .text._free_r  0x100077bc      0x1f8 C:/Users/sadar/.pico-sdk/toolchain/13_2_Rel1/bin/../lib/gcc/arm-none-eabi/13.2.1/thumb/v8-m.main+fp/softfp\libg.a(libc_a-freer.o)
                0x100077bc                _free_r
 .text.__ssvfscanf_r
                0x100079b4     0x1960 C:/Users/sadar/.pico-sdk/toolchain/13_2_Rel1/bin/../lib/gcc/arm-none-eabi/13.2.1/thumb/v8-m.main+fp/softfp\libg.a(libc_a-svfscanf.o)
                0x100079b4                __ssvfscanf_r
 .text._fclose_r
                0x10009314       0xc0 C:/Users/sadar/.pico-sdk/toolchain/13_2_Rel1/bin/../lib/gcc/arm-none-eabi/13.2.1/thumb/v8-m.main+fp/softfp\libg.a(libc_a-fclose.o)
                0x10009314                _fclose_r
 .text.__sccl   0x100093d4       0xa0 C:/Users/sadar/.pico-sdk/toolchain/13_2_Rel1/bin/../lib/gcc/arm-none-eabi/13.2.1/thumb/v8-m.main+fp/softfp\libg.a(libc_a-sccl.o)
                0x100093d4                __sccl
 .text.stpncpy  0x10009474       0x80 C:/Users/sadar/.pico-sdk/toolchain/13_2_Rel1/bin/../lib/gcc/arm-none-eabi/13.2.1/thumb/v8-m.main+fp/softfp\libg.a(libc_a-stpncpy.o)
                0x10009474                stpncpy
 .text.__locale_mb_cur_max
                0x100094f4        0xc C:/Users/sadar/.pico-sdk/toolchain/13_2_Rel1/bin/../lib/gcc/arm-none-eabi/13.2.1/thumb/v8-m.main+fp/softfp\libg.a(libc_a-locale.o)
                0x100094f4                __locale_mb_cur_max
 .text._localeconv_r
                0x10009500        0x8 C:/Users/sadar/.pico-sdk/toolchain/13_2_Rel1/bin/../lib/gcc/arm-none-eabi/13.2.1/thumb/v8-m.main+fp/softfp\libg.a(libc_a-localeconv.o)
                0x10009500                _localeconv_r
 .text          0x10009508      0x1bc C:/Users/sadar/.pico-sdk/toolchain/13_2_Rel1/bin/../lib/gcc/arm-none-eabi/13.2.1/thumb/v8-m.main+fp/softfp\libg.a(libc_a-strcmp.o)
                0x10009508                strcmp
 .text.nanf     0x100096c4        0x8 C:/Users/sadar/.pico-sdk/toolchain/13_2_Rel1/bin/../lib/gcc/arm-none-eabi/13.2.1/thumb/v8-m.main+fp/softfp\libg.a(libm_a-sf_nan.o)
                0x100096c4                nanf
 .text.__ascii_mbtowc
                0x100096cc       0x2c C:/Users/sadar/.pico-sdk/toolchain/13_2_Rel1/bin/../lib/gcc/arm-none-eabi/13.2.1/thumb/v8-m.main+fp/softfp\libg.a(libc_a-mbtowc_r.o)
                0x100096cc                __ascii_mbtowc
 .text._strtod_l
                0x100096f8      0xf98 C:/Users/sadar/.pico-sdk/toolchain/13_2_Rel1/bin/../lib/gcc/arm-none-eabi/13.2.1/thumb/v8-m.main+fp/softfp\libg.a(libc_a-strtod.o)
                0x100096f8                _strtod_l
 .text._strtod_r
                0x1000a690        0xc C:/Users/sadar/.pico-sdk/toolchain/13_2_Rel1/bin/../lib/gcc/arm-none-eabi/13.2.1/thumb/v8-m.main+fp/softfp\libg.a(libc_a-strtod.o)
                0x1000a690                _strtod_r
 .text._strtol_l.part.0
                0x1000a69c      0x10c C:/Users/sadar/.pico-sdk/toolchain/13_2_Rel1/bin/../lib/gcc/arm-none-eabi/13.2.1/thumb/v8-m.main+fp/softfp\libg.a(libc_a-strtol.o)
 .text._strtol_r
                0x1000a7a8       0x1c C:/Users/sadar/.pico-sdk/toolchain/13_2_Rel1/bin/../lib/gcc/arm-none-eabi/13.2.1/thumb/v8-m.main+fp/softfp\libg.a(libc_a-strtol.o)
                0x1000a7a8                _strtol_r
 .text._strtoul_l.isra.0
                0x1000a7c4      0x128 C:/Users/sadar/.pico-sdk/toolchain/13_2_Rel1/bin/../lib/gcc/arm-none-eabi/13.2.1/thumb/v8-m.main+fp/softfp\libg.a(libc_a-strtoul.o)
 .text._strtoul_r
                0x1000a8ec        0x4 C:/Users/sadar/.pico-sdk/toolchain/13_2_Rel1/bin/../lib/gcc/arm-none-eabi/13.2.1/thumb/v8-m.main+fp/softfp\libg.a(libc_a-strtoul.o)
                0x1000a8ec                _strtoul_r
 .text.__ascii_wctomb
                0x1000a8f0       0x1c C:/Users/sadar/.pico-sdk/toolchain/13_2_Rel1/bin/../lib/gcc/arm-none-eabi/13.2.1/thumb/v8-m.main+fp/softfp\libg.a(libc_a-wctomb_r.o)
                0x1000a8f0                __ascii_wctomb
 .text._strtoll_l.isra.0
                0x1000a90c      0x168 C:/Users/sadar/.pico-sdk/toolchain/13_2_Rel1/bin/../lib/gcc/arm-none-eabi/13.2.1/thumb/v8-m.main+fp/softfp\libg.a(libc_a-strtoll.o)
 .text._strtoll_r
                0x1000aa74        0x4 C:/Users/sadar/.pico-sdk/toolchain/13_2_Rel1/bin/../lib/gcc/arm-none-eabi/13.2.1/thumb/v8-m.main+fp/softfp\libg.a(libc_a-strtoll.o)
                0x1000aa74                _strtoll_r
 .text._strtoull_l.isra.0
                0x1000aa78      0x18c C:/Users/sadar/.pico-sdk/toolchain/13_2_Rel1/bin/../lib/gcc/arm-none-eabi/13.2.1/thumb/v8-m.main+fp/softfp\libg.a(libc_a-strtoull.o)
 .text._strtoull_r
                0x1000ac04        0x4 C:/Users/sadar/.pico-sdk/toolchain/13_2_Rel1/bin/../lib/gcc/arm-none-eabi/13.2.1/thumb/v8-m.main+fp/softfp\libg.a(libc_a-strtoull.o)
                0x1000ac04                _strtoull_r
 .text._mbrtowc_r
                0x1000ac08       0x54 C:/Users/sadar/.pico-sdk/toolchain/13_2_Rel1/bin/../lib/gcc/arm-none-eabi/13.2.1/thumb/v8-m.main+fp/softfp\libg.a(libc_a-mbrtowc.o)
                0x1000ac08                _mbrtowc_r
 .text.iswspace
                0x1000ac5c        0x8 C:/Users/sadar/.pico-sdk/toolchain/13_2_Rel1/bin/../lib/gcc/arm-none-eabi/13.2.1/thumb/v8-m.main+fp/softfp\libg.a(libc_a-iswspace.o)
                0x1000ac5c                iswspace
 .text.iswspace_l
                0x1000ac64       0x28 C:/Users/sadar/.pico-sdk/toolchain/13_2_Rel1/bin/../lib/gcc/arm-none-eabi/13.2.1/thumb/v8-m.main+fp/softfp\libg.a(libc_a-iswspace_l.o)
                0x1000ac64                iswspace_l
 .text.__jp2uc  0x1000ac8c      0x14c C:/Users/sadar/.pico-sdk/toolchain/13_2_Rel1/bin/../lib/gcc/arm-none-eabi/13.2.1/thumb/v8-m.main+fp/softfp\libg.a(libc_a-jp2uc.o)
 .text._jp2uc_l
                0x1000add8       0x64 C:/Users/sadar/.pico-sdk/toolchain/13_2_Rel1/bin/../lib/gcc/arm-none-eabi/13.2.1/thumb/v8-m.main+fp/softfp\libg.a(libc_a-jp2uc.o)
                0x1000add8                _jp2uc_l
 .text._sungetc_r
                0x1000ae3c       0x7c C:/Users/sadar/.pico-sdk/toolchain/13_2_Rel1/bin/../lib/gcc/arm-none-eabi/13.2.1/thumb/v8-m.main+fp/softfp\libg.a(libc_a-svfiscanf.o)
                0x1000ae3c                _sungetc_r
 .text.__ssrefill_r
                0x1000aeb8       0x38 C:/Users/sadar/.pico-sdk/toolchain/13_2_Rel1/bin/../lib/gcc/arm-none-eabi/13.2.1/thumb/v8-m.main+fp/softfp\libg.a(libc_a-svfiscanf.o)
                0x1000aeb8                __ssrefill_r
 .text._sfread_r
                0x1000aef0       0xa4 C:/Users/sadar/.pico-sdk/toolchain/13_2_Rel1/bin/../lib/gcc/arm-none-eabi/13.2.1/thumb/v8-m.main+fp/softfp\libg.a(libc_a-svfiscanf.o)
                0x1000aef0                _sfread_r
 .text.__submore
                0x1000af94       0x74 C:/Users/sadar/.pico-sdk/toolchain/13_2_Rel1/bin/../lib/gcc/arm-none-eabi/13.2.1/thumb/v8-m.main+fp/softfp\libg.a(libc_a-ungetc.o)
                0x1000af94                __submore
 .text.strncmp  0x1000b008       0x80 C:/Users/sadar/.pico-sdk/toolchain/13_2_Rel1/bin/../lib/gcc/arm-none-eabi/13.2.1/thumb/v8-m.main+fp/softfp\libg.a(libc_a-strncmp.o)
                0x1000b008                strncmp
 .text.nan      0x1000b088        0xc C:/Users/sadar/.pico-sdk/toolchain/13_2_Rel1/bin/../lib/gcc/arm-none-eabi/13.2.1/thumb/v8-m.main+fp/softfp\libg.a(libm_a-s_nan.o)
                0x1000b088                nan
 .text.rshift   0x1000b094       0xa4 C:/Users/sadar/.pico-sdk/toolchain/13_2_Rel1/bin/../lib/gcc/arm-none-eabi/13.2.1/thumb/v8-m.main+fp/softfp\libg.a(libc_a-gdtoa-gethex.o)
 .text.__gethex
                0x1000b138      0x59c C:/Users/sadar/.pico-sdk/toolchain/13_2_Rel1/bin/../lib/gcc/arm-none-eabi/13.2.1/thumb/v8-m.main+fp/softfp\libg.a(libc_a-gdtoa-gethex.o)
                0x1000b138                __gethex
 .text.__match  0x1000b6d4       0x34 C:/Users/sadar/.pico-sdk/toolchain/13_2_Rel1/bin/../lib/gcc/arm-none-eabi/13.2.1/thumb/v8-m.main+fp/softfp\libg.a(libc_a-gdtoa-hexnan.o)
                0x1000b6d4                __match
 .text.__hexnan
                0x1000b708      0x1c0 C:/Users/sadar/.pico-sdk/toolchain/13_2_Rel1/bin/../lib/gcc/arm-none-eabi/13.2.1/thumb/v8-m.main+fp/softfp\libg.a(libc_a-gdtoa-hexnan.o)
                0x1000b708                __hexnan
 .text._Balloc  0x1000b8c8       0x4c C:/Users/sadar/.pico-sdk/toolchain/13_2_Rel1/bin/../lib/gcc/arm-none-eabi/13.2.1/thumb/v8-m.main+fp/softfp\libg.a(libc_a-mprec.o)
                0x1000b8c8                _Balloc
 .text._Bfree   0x1000b914       0x14 C:/Users/sadar/.pico-sdk/toolchain/13_2_Rel1/bin/../lib/gcc/arm-none-eabi/13.2.1/thumb/v8-m.main+fp/softfp\libg.a(libc_a-mprec.o)
                0x1000b914                _Bfree
 .text.__multadd
                0x1000b928       0xa4 C:/Users/sadar/.pico-sdk/toolchain/13_2_Rel1/bin/../lib/gcc/arm-none-eabi/13.2.1/thumb/v8-m.main+fp/softfp\libg.a(libc_a-mprec.o)
                0x1000b928                __multadd
 .text.__s2b    0x1000b9cc       0xb0 C:/Users/sadar/.pico-sdk/toolchain/13_2_Rel1/bin/../lib/gcc/arm-none-eabi/13.2.1/thumb/v8-m.main+fp/softfp\libg.a(libc_a-mprec.o)
                0x1000b9cc                __s2b
 .text.__hi0bits
                0x1000ba7c       0x48 C:/Users/sadar/.pico-sdk/toolchain/13_2_Rel1/bin/../lib/gcc/arm-none-eabi/13.2.1/thumb/v8-m.main+fp/softfp\libg.a(libc_a-mprec.o)
                0x1000ba7c                __hi0bits
 .text.__lo0bits
                0x1000bac4       0x60 C:/Users/sadar/.pico-sdk/toolchain/13_2_Rel1/bin/../lib/gcc/arm-none-eabi/13.2.1/thumb/v8-m.main+fp/softfp\libg.a(libc_a-mprec.o)
                0x1000bac4                __lo0bits
 .text.__i2b    0x1000bb24       0x5c C:/Users/sadar/.pico-sdk/toolchain/13_2_Rel1/bin/../lib/gcc/arm-none-eabi/13.2.1/thumb/v8-m.main+fp/softfp\libg.a(libc_a-mprec.o)
                0x1000bb24                __i2b
 .text.__multiply
                0x1000bb80      0x164 C:/Users/sadar/.pico-sdk/toolchain/13_2_Rel1/bin/../lib/gcc/arm-none-eabi/13.2.1/thumb/v8-m.main+fp/softfp\libg.a(libc_a-mprec.o)
                0x1000bb80                __multiply
 .text.__pow5mult
                0x1000bce4       0xb4 C:/Users/sadar/.pico-sdk/toolchain/13_2_Rel1/bin/../lib/gcc/arm-none-eabi/13.2.1/thumb/v8-m.main+fp/softfp\libg.a(libc_a-mprec.o)
                0x1000bce4                __pow5mult
 .text.__lshift
                0x1000bd98       0xe8 C:/Users/sadar/.pico-sdk/toolchain/13_2_Rel1/bin/../lib/gcc/arm-none-eabi/13.2.1/thumb/v8-m.main+fp/softfp\libg.a(libc_a-mprec.o)
                0x1000bd98                __lshift
 .text.__mcmp   0x1000be80       0x44 C:/Users/sadar/.pico-sdk/toolchain/13_2_Rel1/bin/../lib/gcc/arm-none-eabi/13.2.1/thumb/v8-m.main+fp/softfp\libg.a(libc_a-mprec.o)
                0x1000be80                __mcmp
 .text.__mdiff  0x1000bec4      0x180 C:/Users/sadar/.pico-sdk/toolchain/13_2_Rel1/bin/../lib/gcc/arm-none-eabi/13.2.1/thumb/v8-m.main+fp/softfp\libg.a(libc_a-mprec.o)
                0x1000bec4                __mdiff
 .text.__ulp    0x1000c044       0x4c C:/Users/sadar/.pico-sdk/toolchain/13_2_Rel1/bin/../lib/gcc/arm-none-eabi/13.2.1/thumb/v8-m.main+fp/softfp\libg.a(libc_a-mprec.o)
                0x1000c044                __ulp
 .text.__b2d    0x1000c090       0xc4 C:/Users/sadar/.pico-sdk/toolchain/13_2_Rel1/bin/../lib/gcc/arm-none-eabi/13.2.1/thumb/v8-m.main+fp/softfp\libg.a(libc_a-mprec.o)
                0x1000c090                __b2d
 .text.__d2b    0x1000c154       0xc0 C:/Users/sadar/.pico-sdk/toolchain/13_2_Rel1/bin/../lib/gcc/arm-none-eabi/13.2.1/thumb/v8-m.main+fp/softfp\libg.a(libc_a-mprec.o)
                0x1000c154                __d2b
 .text.__ratio  0x1000c214       0x5c C:/Users/sadar/.pico-sdk/toolchain/13_2_Rel1/bin/../lib/gcc/arm-none-eabi/13.2.1/thumb/v8-m.main+fp/softfp\libg.a(libc_a-mprec.o)
                0x1000c214                __ratio
 .text.__copybits
                0x1000c270       0x5c C:/Users/sadar/.pico-sdk/toolchain/13_2_Rel1/bin/../lib/gcc/arm-none-eabi/13.2.1/thumb/v8-m.main+fp/softfp\libg.a(libc_a-mprec.o)
                0x1000c270                __copybits
 .text.__any_on
                0x1000c2cc       0x5c C:/Users/sadar/.pico-sdk/toolchain/13_2_Rel1/bin/../lib/gcc/arm-none-eabi/13.2.1/thumb/v8-m.main+fp/softfp\libg.a(libc_a-mprec.o)
                0x1000c2cc                __any_on
 .text.category
                0x1000c328       0x60 C:/Users/sadar/.pico-sdk/toolchain/13_2_Rel1/bin/../lib/gcc/arm-none-eabi/13.2.1/thumb/v8-m.main+fp/softfp\libg.a(libc_a-categories.o)
                0x1000c328                category
 *(.fini)
 .fini          0x1000c388        0x4 C:/Users/sadar/.pico-sdk/toolchain/13_2_Rel1/bin/../lib/gcc/arm-none-eabi/13.2.1/thumb/v8-m.main+fp/softfp/crti.o
                0x1000c388                _fini
 *fill*         0x1000c38c        0x4 
 .fini.__stub   0x1000c390       0x50 linker stubs
 *crtbegin.o(.ctors)
 *crtbegin?.o(.ctors)
 *(EXCLUDE_FILE(*crtend.o *crtend?.o) .ctors)
 *(SORT_BY_NAME(.ctors.*))
 *(.ctors)
 *crtbegin.o(.dtors)
 *crtbegin?.o(.dtors)
 *(EXCLUDE_FILE(*crtend.o *crtend?.o) .dtors)
 *(SORT_BY_NAME(.dtors.*))
 *(.dtors)
                0x1000c3e0                        . = ALIGN (0x4)
                0x1000c3e0                        PROVIDE (__preinit_array_start = .)
 *(SORT_BY_NAME(.preinit_array.*))
 .preinit_array.00050
                0x1000c3e0        0x4 CMakeFiles/rpico-motor-driver-diagnostic.dir/C_/Users/sadar/.pico-sdk/sdk/2.0.0/src/rp2_common/pico_runtime_init/runtime_init.c.obj
                0x1000c3e0                __pre_init_runtime_init_bootrom_reset
 .preinit_array.00100
                0x1000c3e4        0x4 CMakeFiles/rpico-motor-driver-diagnostic.dir/C_/Users/sadar/.pico-sdk/sdk/2.0.0/src/rp2_common/pico_runtime_init/runtime_init.c.obj
                0x1000c3e4                __pre_init_runtime_init_early_resets
 .preinit_array.00101
                0x1000c3e8        0x4 CMakeFiles/rpico-motor-driver-diagnostic.dir/C_/Users/sadar/.pico-sdk/sdk/2.0.0/src/rp2_common/pico_runtime_init/runtime_init.c.obj
                0x1000c3e8                __pre_init_runtime_init_usb_power_down
 .preinit_array.00500
                0x1000c3ec        0x4 CMakeFiles/rpico-motor-driver-diagnostic.dir/C_/Users/sadar/.pico-sdk/sdk/2.0.0/src/rp2_common/pico_runtime_init/runtime_init.c.obj
                0x1000c3ec                __pre_init_runtime_init_clocks
 .preinit_array.00600
                0x1000c3f0        0x4 CMakeFiles/rpico-motor-driver-diagnostic.dir/C_/Users/sadar/.pico-sdk/sdk/2.0.0/src/rp2_common/pico_runtime_init/runtime_init.c.obj
                0x1000c3f0                __pre_init_runtime_init_post_clock_resets
 .preinit_array.01000
                0x1000c3f4        0x4 CMakeFiles/rpico-motor-driver-diagnostic.dir/C_/Users/sadar/.pico-sdk/sdk/2.0.0/src/rp2_common/pico_runtime_init/runtime_init.c.obj
                0x1000c3f4                __pre_init_runtime_init_spin_locks_reset
 .preinit_array.01000
                0x1000c3f8        0x4 CMakeFiles/rpico-motor-driver-diagnostic.dir/C_/Users/sadar/.pico-sdk/sdk/2.0.0/src/rp2_common/hardware_boot_lock/boot_lock.c.obj
                0x1000c3f8                __pre_init_runtime_init_boot_locks_reset
 .preinit_array.01010
                0x1000c3fc        0x4 CMakeFiles/rpico-motor-driver-diagnostic.dir/C_/Users/sadar/.pico-sdk/sdk/2.0.0/src/rp2_common/pico_bootrom/bootrom_lock.c.obj
                0x1000c3fc                __pre_init_runtime_init_bootrom_locking_enable
 .preinit_array.01100
                0x1000c400        0x4 CMakeFiles/rpico-motor-driver-diagnostic.dir/C_/Users/sadar/.pico-sdk/sdk/2.0.0/src/common/pico_sync/mutex.c.obj
                0x1000c400                __pre_init_runtime_init_mutex
 .preinit_array.10080
                0x1000c404        0x4 CMakeFiles/rpico-motor-driver-diagnostic.dir/C_/Users/sadar/.pico-sdk/sdk/2.0.0/src/rp2_common/pico_runtime_init/runtime_init.c.obj
                0x1000c404                __pre_init_runtime_init_install_ram_vector_table
 .preinit_array.11000
                0x1000c408        0x4 CMakeFiles/rpico-motor-driver-diagnostic.dir/C_/Users/sadar/.pico-sdk/sdk/2.0.0/src/common/pico_time/time.c.obj
                0x1000c408                __pre_init_runtime_init_default_alarm_pool
 .preinit_array.YYYYY
                0x1000c40c        0x4 CMakeFiles/rpico-motor-driver-diagnostic.dir/C_/Users/sadar/.pico-sdk/sdk/2.0.0/src/rp2_common/pico_runtime/runtime.c.obj
                0x1000c40c                __pre_init_first_per_core_initializer
 .preinit_array.ZZZZZ.00051
                0x1000c410        0x4 CMakeFiles/rpico-motor-driver-diagnostic.dir/C_/Users/sadar/.pico-sdk/sdk/2.0.0/src/rp2_common/pico_runtime_init/runtime_init.c.obj
                0x1000c410                __pre_init_runtime_init_per_core_bootrom_reset
 .preinit_array.ZZZZZ.00200
                0x1000c414        0x4 CMakeFiles/rpico-motor-driver-diagnostic.dir/C_/Users/sadar/.pico-sdk/sdk/2.0.0/src/rp2_common/pico_runtime_init/runtime_init.c.obj
                0x1000c414                __pre_init_runtime_init_per_core_enable_coprocessors
 .preinit_array.ZZZZZ.01000
                0x1000c418        0x4 CMakeFiles/rpico-motor-driver-diagnostic.dir/C_/Users/sadar/.pico-sdk/sdk/2.0.0/src/rp2_common/hardware_sync_spin_lock/sync_spin_lock.c.obj
                0x1000c418                __pre_init_spinlock_set_extexclall
 .preinit_array.ZZZZZ.01200
                0x1000c41c        0x4 CMakeFiles/rpico-motor-driver-diagnostic.dir/C_/Users/sadar/.pico-sdk/sdk/2.0.0/src/rp2_common/hardware_irq/irq.c.obj
                0x1000c41c                __pre_init_runtime_init_per_core_irq_priorities
 *(.preinit_array)
                0x1000c420                        PROVIDE (__preinit_array_end = .)
                0x1000c420                        . = ALIGN (0x4)
                0x1000c420                        PROVIDE (__init_array_start = .)
 *(SORT_BY_NAME(.init_array.*))
 *(.init_array)
 .init_array    0x1000c420        0x4 C:/Users/sadar/.pico-sdk/toolchain/13_2_Rel1/bin/../lib/gcc/arm-none-eabi/13.2.1/thumb/v8-m.main+fp/softfp/crtbegin.o
 .init_array    0x1000c424        0x4 CMakeFiles/rpico-motor-driver-diagnostic.dir/C_/Users/sadar/.pico-sdk/sdk/2.0.0/src/rp2_common/pico_unique_id/unique_id.c.obj
                0x1000c428                        PROVIDE (__init_array_end = .)
                0x1000c428                        . = ALIGN (0x4)
                [!provide]                        PROVIDE (__fini_array_start = .)
 *(SORT_BY_NAME(.fini_array.*))
 *(.fini_array)
                [!provide]                        PROVIDE (__fini_array_end = .)
 *(.eh_frame*)
 .eh_frame      0x1000c428        0x0 C:/Users/sadar/.pico-sdk/toolchain/13_2_Rel1/bin/../lib/gcc/arm-none-eabi/13.2.1/thumb/v8-m.main+fp/softfp/crtbegin.o
                0x1000c428                        . = ALIGN (0x4)

.glue_7         0x1000c428        0x0
 .glue_7        0x1000c428        0x0 linker stubs

.glue_7t        0x1000c428        0x0
 .glue_7t       0x1000c428        0x0 linker stubs

.vfp11_veneer   0x1000c428        0x0
 .vfp11_veneer  0x1000c428        0x0 linker stubs

.v4_bx          0x1000c428        0x0
 .v4_bx         0x1000c428        0x0 linker stubs

.iplt           0x1000c428        0x0
 .iplt          0x1000c428        0x0 C:/Users/sadar/.pico-sdk/toolchain/13_2_Rel1/bin/../lib/gcc/arm-none-eabi/13.2.1/thumb/v8-m.main+fp/softfp/crtbegin.o

.boot2          0x1000c428        0x0
                0x1000c428                        __boot2_start__ = .
 *(.boot2)
                0x1000c428                        __boot2_end__ = .
                0x00000001                        ASSERT (((__boot2_end__ - __boot2_start__) <= 0x100), ERROR: Pico second stage bootloader must be no more than 256 bytes in size)

.rodata         0x1000c428     0x7664
 *(EXCLUDE_FILE(*libm.a: *libc.a:*lib_a-mem*.o *libgcc.a:) .rodata*)
 .rodata._ZL14log_gpio_levelPKcj.str1.4
                0x1000c428      0x5d6 CMakeFiles/rpico-motor-driver-diagnostic.dir/diagnostic_uart_gpio.cpp.obj
                                 0x18 (size before relaxing)
 .rodata.main.str1.4
                0x1000c9fe      0x2c5 CMakeFiles/rpico-motor-driver-diagnostic.dir/diagnostic_uart_gpio.cpp.obj
 .rodata.panic.str1.4
                0x1000c9fe       0x12 CMakeFiles/rpico-motor-driver-diagnostic.dir/C_/Users/sadar/.pico-sdk/sdk/2.0.0/src/rp2_common/pico_platform_panic/panic.c.obj
 .rodata.spin_lock_claim_unused.str1.4
                0x1000c9fe       0x1b CMakeFiles/rpico-motor-driver-diagnostic.dir/C_/Users/sadar/.pico-sdk/sdk/2.0.0/src/rp2_common/hardware_sync/sync.c.obj
 .rodata.user_irq_claim_unused.str1.4
                0x1000c9fe       0x1b CMakeFiles/rpico-motor-driver-diagnostic.dir/C_/Users/sadar/.pico-sdk/sdk/2.0.0/src/rp2_common/hardware_irq/irq.c.obj
 *fill*         0x1000c9fe        0x2 
 .rodata.at_the_end_of_time
                0x1000ca00        0x8 CMakeFiles/rpico-motor-driver-diagnostic.dir/C_/Users/sadar/.pico-sdk/sdk/2.0.0/src/common/pico_time/time.c.obj
                0x1000ca00                at_the_end_of_time
 .rodata.timer_hardware_alarm_claim.str1.4
                0x1000ca08       0x22 CMakeFiles/rpico-motor-driver-diagnostic.dir/C_/Users/sadar/.pico-sdk/sdk/2.0.0/src/rp2_common/hardware_timer/timer.c.obj
 .rodata.hard_assertion_failure.str1.4
                0x1000ca08        0xc CMakeFiles/rpico-motor-driver-diagnostic.dir/C_/Users/sadar/.pico-sdk/sdk/2.0.0/src/rp2_common/pico_runtime/runtime.c.obj
 .rodata.__wrap_malloc.str1.4
                0x1000ca08        0xe CMakeFiles/rpico-motor-driver-diagnostic.dir/C_/Users/sadar/.pico-sdk/sdk/2.0.0/src/rp2_common/pico_malloc/malloc.c.obj
 .rodata.str1.4
                0x1000ca08       0x78 CMakeFiles/rpico-motor-driver-diagnostic.dir/C_/Users/sadar/.pico-sdk/sdk/2.0.0/src/rp2_common/pico_standard_binary_info/standard_binary_info.c.obj
 .rodata.__bi_84
                0x1000ca08        0xc CMakeFiles/rpico-motor-driver-diagnostic.dir/C_/Users/sadar/.pico-sdk/sdk/2.0.0/src/rp2_common/pico_standard_binary_info/standard_binary_info.c.obj
 .rodata.__bi_60
                0x1000ca14        0xc CMakeFiles/rpico-motor-driver-diagnostic.dir/C_/Users/sadar/.pico-sdk/sdk/2.0.0/src/rp2_common/pico_standard_binary_info/standard_binary_info.c.obj
 .rodata.__bi_54
                0x1000ca20        0xc CMakeFiles/rpico-motor-driver-diagnostic.dir/C_/Users/sadar/.pico-sdk/sdk/2.0.0/src/rp2_common/pico_standard_binary_info/standard_binary_info.c.obj
 .rodata.__bi_48
                0x1000ca2c        0xc CMakeFiles/rpico-motor-driver-diagnostic.dir/C_/Users/sadar/.pico-sdk/sdk/2.0.0/src/rp2_common/pico_standard_binary_info/standard_binary_info.c.obj
 .rodata.__bi_42
                0x1000ca38        0xc CMakeFiles/rpico-motor-driver-diagnostic.dir/C_/Users/sadar/.pico-sdk/sdk/2.0.0/src/rp2_common/pico_standard_binary_info/standard_binary_info.c.obj
 .rodata.__bi_34
                0x1000ca44        0xc CMakeFiles/rpico-motor-driver-diagnostic.dir/C_/Users/sadar/.pico-sdk/sdk/2.0.0/src/rp2_common/pico_standard_binary_info/standard_binary_info.c.obj
 .rodata.__bi_26
                0x1000ca50        0xc CMakeFiles/rpico-motor-driver-diagnostic.dir/C_/Users/sadar/.pico-sdk/sdk/2.0.0/src/rp2_common/pico_standard_binary_info/standard_binary_info.c.obj
 .rodata._ftoa.str1.4
                0x1000ca5c       0x15 CMakeFiles/rpico-motor-driver-diagnostic.dir/C_/Users/sadar/.pico-sdk/sdk/2.0.0/src/rp2_common/pico_printf/printf.c.obj
 *fill*         0x1000ca5c        0x4 
 .rodata.pow10.0
                0x1000ca60       0x50 CMakeFiles/rpico-motor-driver-diagnostic.dir/C_/Users/sadar/.pico-sdk/sdk/2.0.0/src/rp2_common/pico_printf/printf.c.obj
 .rodata.__assert_func.str1.4
                0x1000cab0       0x43 CMakeFiles/rpico-motor-driver-diagnostic.dir/C_/Users/sadar/.pico-sdk/sdk/2.0.0/src/rp2_common/pico_clib_interface/newlib_interface.c.obj
 .rodata.crlf_str.0
                0x1000cab0        0x2 CMakeFiles/rpico-motor-driver-diagnostic.dir/C_/Users/sadar/.pico-sdk/sdk/2.0.0/src/rp2_common/pico_stdio/stdio.c.obj
 *fill*         0x1000cab2        0x2 
 .rodata._resetd_driver
                0x1000cab4       0x20 CMakeFiles/rpico-motor-driver-diagnostic.dir/C_/Users/sadar/.pico-sdk/sdk/2.0.0/src/rp2_common/pico_stdio_usb/reset_interface.c.obj
 .rodata.desc_ms_os_20
                0x1000cad4       0xa6 CMakeFiles/rpico-motor-driver-diagnostic.dir/C_/Users/sadar/.pico-sdk/sdk/2.0.0/src/rp2_common/pico_stdio_usb/reset_interface.c.obj
 *fill*         0x1000cb7a        0x2 
 .rodata.desc_bos
                0x1000cb7c       0x21 CMakeFiles/rpico-motor-driver-diagnostic.dir/C_/Users/sadar/.pico-sdk/sdk/2.0.0/src/rp2_common/pico_stdio_usb/reset_interface.c.obj
                0x1000cb7c                desc_bos
 .rodata.str1.4
                0x1000cb9d       0x13 CMakeFiles/rpico-motor-driver-diagnostic.dir/C_/Users/sadar/.pico-sdk/sdk/2.0.0/src/rp2_common/pico_stdio_usb/stdio_usb.c.obj
 *fill*         0x1000cb9d        0x3 
 .rodata.__bi_197.0
                0x1000cba0        0xc CMakeFiles/rpico-motor-driver-diagnostic.dir/C_/Users/sadar/.pico-sdk/sdk/2.0.0/src/rp2_common/pico_stdio_usb/stdio_usb.c.obj
 .rodata.str1.4
                0x1000cbac       0x2a CMakeFiles/rpico-motor-driver-diagnostic.dir/C_/Users/sadar/.pico-sdk/sdk/2.0.0/src/rp2_common/pico_stdio_usb/stdio_usb_descriptors.c.obj
 .rodata.usbd_desc_str
                0x1000cbac       0x18 CMakeFiles/rpico-motor-driver-diagnostic.dir/C_/Users/sadar/.pico-sdk/sdk/2.0.0/src/rp2_common/pico_stdio_usb/stdio_usb_descriptors.c.obj
 .rodata.usbd_desc_cfg
                0x1000cbc4       0x54 CMakeFiles/rpico-motor-driver-diagnostic.dir/C_/Users/sadar/.pico-sdk/sdk/2.0.0/src/rp2_common/pico_stdio_usb/stdio_usb_descriptors.c.obj
 .rodata.usbd_desc_device
                0x1000cc18       0x12 CMakeFiles/rpico-motor-driver-diagnostic.dir/C_/Users/sadar/.pico-sdk/sdk/2.0.0/src/rp2_common/pico_stdio_usb/stdio_usb_descriptors.c.obj
 .rodata.str1.4
                0x1000cc2a       0x14 CMakeFiles/rpico-motor-driver-diagnostic.dir/C_/Users/sadar/.pico-sdk/sdk/2.0.0/lib/tinyusb/src/portable/raspberrypi/rp2040/dcd_rp2040.c.obj
 .rodata.str1.4
                0x1000cc2a       0x48 CMakeFiles/rpico-motor-driver-diagnostic.dir/C_/Users/sadar/.pico-sdk/sdk/2.0.0/lib/tinyusb/src/portable/raspberrypi/rp2040/rp2040_usb.c.obj
 *fill*         0x1000cc2a        0x2 
 .rodata._usbd_driver
                0x1000cc2c       0x40 CMakeFiles/rpico-motor-driver-diagnostic.dir/C_/Users/sadar/.pico-sdk/sdk/2.0.0/lib/tinyusb/src/device/usbd.c.obj
 .rodata.__ssvfscanf_r.str1.4
                0x1000cc6c        0x9 C:/Users/sadar/.pico-sdk/toolchain/13_2_Rel1/bin/../lib/gcc/arm-none-eabi/13.2.1/thumb/v8-m.main+fp/softfp\libg.a(libc_a-svfscanf.o)
 .rodata.basefix.0
                0x1000cc6c       0x22 C:/Users/sadar/.pico-sdk/toolchain/13_2_Rel1/bin/../lib/gcc/arm-none-eabi/13.2.1/thumb/v8-m.main+fp/softfp\libg.a(libc_a-svfscanf.o)
 .rodata.str1.4
                0x1000cc8e       0x4c C:/Users/sadar/.pico-sdk/toolchain/13_2_Rel1/bin/../lib/gcc/arm-none-eabi/13.2.1/thumb/v8-m.main+fp/softfp\libg.a(libc_a-locale.o)
 .rodata._strtod_l.str1.4
                0x1000cc8e       0x15 C:/Users/sadar/.pico-sdk/toolchain/13_2_Rel1/bin/../lib/gcc/arm-none-eabi/13.2.1/thumb/v8-m.main+fp/softfp\libg.a(libc_a-strtod.o)
 *fill*         0x1000cc8e        0x2 
 .rodata.fpinan.0
                0x1000cc90       0x14 C:/Users/sadar/.pico-sdk/toolchain/13_2_Rel1/bin/../lib/gcc/arm-none-eabi/13.2.1/thumb/v8-m.main+fp/softfp\libg.a(libc_a-strtod.o)
 .rodata.fpi.1  0x1000cca4       0x14 C:/Users/sadar/.pico-sdk/toolchain/13_2_Rel1/bin/../lib/gcc/arm-none-eabi/13.2.1/thumb/v8-m.main+fp/softfp\libg.a(libc_a-strtod.o)
 .rodata.tinytens